Archive member included to satisfy reference by file (symbol)

c:/program files (x86)/gnu arm embedded toolchain/10 2021.10/bin/../lib/gcc/arm-none-eabi/10.3.1/../../../../arm-none-eabi/lib/thumb/v7e-m+fp/hard\libc_nano.a(lib_a-exit.o)
                              c:/program files (x86)/gnu arm embedded toolchain/10 2021.10/bin/../lib/gcc/arm-none-eabi/10.3.1/../../../../arm-none-eabi/lib/thumb/v7e-m+fp/hard/crt0.o (exit)
c:/program files (x86)/gnu arm embedded toolchain/10 2021.10/bin/../lib/gcc/arm-none-eabi/10.3.1/../../../../arm-none-eabi/lib/thumb/v7e-m+fp/hard\libc_nano.a(lib_a-impure.o)
                              c:/program files (x86)/gnu arm embedded toolchain/10 2021.10/bin/../lib/gcc/arm-none-eabi/10.3.1/../../../../arm-none-eabi/lib/thumb/v7e-m+fp/hard\libc_nano.a(lib_a-exit.o) (_global_impure_ptr)
c:/program files (x86)/gnu arm embedded toolchain/10 2021.10/bin/../lib/gcc/arm-none-eabi/10.3.1/../../../../arm-none-eabi/lib/thumb/v7e-m+fp/hard\libc_nano.a(lib_a-init.o)
                              c:/program files (x86)/gnu arm embedded toolchain/10 2021.10/bin/../lib/gcc/arm-none-eabi/10.3.1/../../../../arm-none-eabi/lib/thumb/v7e-m+fp/hard/crt0.o (__libc_init_array)
c:/program files (x86)/gnu arm embedded toolchain/10 2021.10/bin/../lib/gcc/arm-none-eabi/10.3.1/../../../../arm-none-eabi/lib/thumb/v7e-m+fp/hard\libc_nano.a(lib_a-memcpy-stub.o)
                              _build/nrf52840_xxaa/nrf_atfifo.c.o (memcpy)
c:/program files (x86)/gnu arm embedded toolchain/10 2021.10/bin/../lib/gcc/arm-none-eabi/10.3.1/../../../../arm-none-eabi/lib/thumb/v7e-m+fp/hard\libc_nano.a(lib_a-memset.o)
                              c:/program files (x86)/gnu arm embedded toolchain/10 2021.10/bin/../lib/gcc/arm-none-eabi/10.3.1/../../../../arm-none-eabi/lib/thumb/v7e-m+fp/hard/crt0.o (memset)
c:/program files (x86)/gnu arm embedded toolchain/10 2021.10/bin/../lib/gcc/arm-none-eabi/10.3.1/../../../../arm-none-eabi/lib/thumb/v7e-m+fp/hard\libc_nano.a(lib_a-snprintf.o)
                              _build/nrf52840_xxaa/app_usbd_serial_num.c.o (snprintf)
c:/program files (x86)/gnu arm embedded toolchain/10 2021.10/bin/../lib/gcc/arm-none-eabi/10.3.1/../../../../arm-none-eabi/lib/thumb/v7e-m+fp/hard\libc_nano.a(lib_a-sprintf.o)
                              _build/nrf52840_xxaa/main.c.o (sprintf)
c:/program files (x86)/gnu arm embedded toolchain/10 2021.10/bin/../lib/gcc/arm-none-eabi/10.3.1/../../../../arm-none-eabi/lib/thumb/v7e-m+fp/hard\libc_nano.a(lib_a-strcpy.o)
                              _build/nrf52840_xxaa/SEGGER_RTT.c.o (strcpy)
c:/program files (x86)/gnu arm embedded toolchain/10 2021.10/bin/../lib/gcc/arm-none-eabi/10.3.1/../../../../arm-none-eabi/lib/thumb/v7e-m+fp/hard\libc_nano.a(lib_a-strlen.o)
                              _build/nrf52840_xxaa/nrf_fprintf_format.c.o (strlen)
c:/program files (x86)/gnu arm embedded toolchain/10 2021.10/bin/../lib/gcc/arm-none-eabi/10.3.1/../../../../arm-none-eabi/lib/thumb/v7e-m+fp/hard\libc_nano.a(lib_a-nano-svfprintf.o)
                              c:/program files (x86)/gnu arm embedded toolchain/10 2021.10/bin/../lib/gcc/arm-none-eabi/10.3.1/../../../../arm-none-eabi/lib/thumb/v7e-m+fp/hard\libc_nano.a(lib_a-snprintf.o) (_svfprintf_r)
c:/program files (x86)/gnu arm embedded toolchain/10 2021.10/bin/../lib/gcc/arm-none-eabi/10.3.1/../../../../arm-none-eabi/lib/thumb/v7e-m+fp/hard\libc_nano.a(lib_a-nano-vfprintf_i.o)
                              c:/program files (x86)/gnu arm embedded toolchain/10 2021.10/bin/../lib/gcc/arm-none-eabi/10.3.1/../../../../arm-none-eabi/lib/thumb/v7e-m+fp/hard\libc_nano.a(lib_a-nano-svfprintf.o) (_printf_i)
c:/program files (x86)/gnu arm embedded toolchain/10 2021.10/bin/../lib/gcc/arm-none-eabi/10.3.1/../../../../arm-none-eabi/lib/thumb/v7e-m+fp/hard\libc_nano.a(lib_a-memchr.o)
                              c:/program files (x86)/gnu arm embedded toolchain/10 2021.10/bin/../lib/gcc/arm-none-eabi/10.3.1/../../../../arm-none-eabi/lib/thumb/v7e-m+fp/hard\libc_nano.a(lib_a-nano-svfprintf.o) (memchr)
c:/program files (x86)/gnu arm embedded toolchain/10 2021.10/bin/../lib/gcc/arm-none-eabi/10.3.1/../../../../arm-none-eabi/lib/thumb/v7e-m+fp/hard\libc_nano.a(lib_a-memmove.o)
                              c:/program files (x86)/gnu arm embedded toolchain/10 2021.10/bin/../lib/gcc/arm-none-eabi/10.3.1/../../../../arm-none-eabi/lib/thumb/v7e-m+fp/hard\libc_nano.a(lib_a-nano-svfprintf.o) (memmove)
c:/program files (x86)/gnu arm embedded toolchain/10 2021.10/bin/../lib/gcc/arm-none-eabi/10.3.1/../../../../arm-none-eabi/lib/thumb/v7e-m+fp/hard\libc_nano.a(lib_a-nano-freer.o)
                              c:/program files (x86)/gnu arm embedded toolchain/10 2021.10/bin/../lib/gcc/arm-none-eabi/10.3.1/../../../../arm-none-eabi/lib/thumb/v7e-m+fp/hard\libc_nano.a(lib_a-nano-svfprintf.o) (_free_r)
[...]
Memory Configuration

Name             Origin             Length             Attributes
FLASH            0x00000000         0x00100000         xr
RAM              0x20000000         0x00040000         xrw
*default*        0x00000000         0xffffffff

Linker script and memory map


.text           0x00000000     0x7da4
 *(.isr_vector)
 .isr_vector    0x00000000      0x200 _build/nrf52840_xxaa/gcc_startup_nrf52840.S.o
                0x00000000                __isr_vector
 *(.text*)
 .text          0x00000200       0x40 c:/program files (x86)/gnu arm embedded toolchain/10 2021.10/bin/../lib/gcc/arm-none-eabi/10.3.1/thumb/v7e-m+fp/hard/crtbegin.o
 .text          0x00000240       0x7c c:/program files (x86)/gnu arm embedded toolchain/10 2021.10/bin/../lib/gcc/arm-none-eabi/10.3.1/../../../../arm-none-eabi/lib/thumb/v7e-m+fp/hard/crt0.o
                0x00000240                _stack_init
                0x00000248                _start
                0x00000248                _mainCRTStartup
 .text          0x000002bc       0x3c _build/nrf52840_xxaa/gcc_startup_nrf52840.S.o
                0x000002bc                Reset_Handler
                0x000002e4                NMI_Handler
                0x000002e6                HardFault_Handler
                0x000002e8                MemoryManagement_Handler
                0x000002ea                BusFault_Handler
                0x000002ec                UsageFault_Handler
                0x000002ee                SVC_Handler
                0x000002f0                DebugMon_Handler
                0x000002f2                PendSV_Handler
                0x000002f4                SysTick_Handler
                0x000002f6                TEMP_IRQHandler
                0x000002f6                QDEC_IRQHandler
                0x000002f6                TIMER3_IRQHandler
                0x000002f6                PWM3_IRQHandler
                0x000002f6                FPU_IRQHandler
                0x000002f6                RTC0_IRQHandler
                0x000002f6                PWM1_IRQHandler
                0x000002f6                TIMER4_IRQHandler
                0x000002f6                CRYPTOCELL_IRQHandler
                0x000002f6                PDM_IRQHandler
                0x000002f6                SWI4_EGU4_IRQHandler
                0x000002f6                TIMER0_IRQHandler
                0x000002f6                SPIM0_SPIS0_TWIM0_TWIS0_SPI0_TWI0_IRQHandler
                0x000002f6                UARTE1_IRQHandler
                0x000002f6                TIMER1_IRQHandler
                0x000002f6                SPIM3_IRQHandler
                0x000002f6                PWM2_IRQHandler
                0x000002f6                ECB_IRQHandler
                0x000002f6                SPIM1_SPIS1_TWIM1_TWIS1_SPI1_TWI1_IRQHandler
                0x000002f6                Default_Handler
                0x000002f6                SAADC_IRQHandler
                0x000002f6                CCM_AAR_IRQHandler
                0x000002f6                WDT_IRQHandler
                0x000002f6                I2S_IRQHandler
                0x000002f6                SWI5_EGU5_IRQHandler
                0x000002f6                RNG_IRQHandler
                0x000002f6                RTC2_IRQHandler
                0x000002f6                PWM0_IRQHandler
                0x000002f6                SWI3_EGU3_IRQHandler
                0x000002f6                SPIM2_SPIS2_SPI2_IRQHandler
                0x000002f6                NFCT_IRQHandler
                0x000002f6                SWI2_EGU2_IRQHandler
                0x000002f6                MWU_IRQHandler
                0x000002f6                TIMER2_IRQHandler
                0x000002f6                QSPI_IRQHandler
                0x000002f6                COMP_LPCOMP_IRQHandler
 .text.bsp_board_led_on
                0x000002f8       0x24 _build/nrf52840_xxaa/boards.c.o
                0x000002f8                bsp_board_led_on
 .text.bsp_board_led_off
                0x0000031c       0x24 _build/nrf52840_xxaa/boards.c.o
                0x0000031c                bsp_board_led_off
 .text.bsp_board_led_invert
                0x00000340       0x34 _build/nrf52840_xxaa/boards.c.o
                0x00000340                bsp_board_led_invert
 .text.bsp_board_init
                0x00000374       0x60 _build/nrf52840_xxaa/boards.c.o
                0x00000374                bsp_board_init
 .text.app_error_handler_bare
                0x000003d4       0x20 _build/nrf52840_xxaa/app_error.c.o
                0x000003d4                app_error_handler_bare
 .text.app_error_fault_handler
                0x000003f4       0x30 _build/nrf52840_xxaa/app_error_weak.c.o
                0x000003f4                app_error_fault_handler
 .text.app_util_critical_region_enter
                0x00000424       0x10 _build/nrf52840_xxaa/app_util_platform.c.o
                0x00000424                app_util_critical_region_enter
 .text.app_util_critical_region_exit
                0x00000434       0x14 _build/nrf52840_xxaa/app_util_platform.c.o
                0x00000434                app_util_critical_region_exit
 .text.nrf_atomic_u32_fetch_store
                0x00000448       0x14 _build/nrf52840_xxaa/nrf_atomic.c.o
                0x00000448                nrf_atomic_u32_fetch_store
 .text.nrf_atomic_u32_add
                0x0000045c       0x18 _build/nrf52840_xxaa/nrf_atomic.c.o
                0x0000045c                nrf_atomic_u32_add
 .text.nrf_atomic_u32_sub_hs
                0x00000474       0x1c _build/nrf52840_xxaa/nrf_atomic.c.o
                0x00000474                nrf_atomic_u32_sub_hs
 .text.nrf_atomic_flag_clear_fetch
                0x00000490       0x18 _build/nrf52840_xxaa/nrf_atomic.c.o
                0x00000490                nrf_atomic_flag_clear_fetch
 .text.nrf_atfifo_init
                0x000004a8       0x30 _build/nrf52840_xxaa/nrf_atfifo.c.o
                0x000004a8                nrf_atfifo_init
 .text.nrf_atfifo_item_alloc
                0x000004d8       0x64 _build/nrf52840_xxaa/nrf_atfifo.c.o
                0x000004d8                nrf_atfifo_item_alloc
 .text.nrf_atfifo_item_put
                0x0000053c       0x20 _build/nrf52840_xxaa/nrf_atfifo.c.o
                0x0000053c                nrf_atfifo_item_put
 .text.nrf_atfifo_item_get
                0x0000055c       0x64 _build/nrf52840_xxaa/nrf_atfifo.c.o
                0x0000055c                nrf_atfifo_item_get
 .text.nrf_atfifo_item_free
                0x000005c0       0x20 _build/nrf52840_xxaa/nrf_atfifo.c.o
                0x000005c0                nrf_atfifo_item_free
 .text.nrfx_atomic_u32_fetch_and
                0x000005e0       0x18 _build/nrf52840_xxaa/nrfx_atomic.c.o
                0x000005e0                nrfx_atomic_u32_fetch_and
 .text.UARTE0_UART0_IRQHandler
                0x000005f8        0xc _build/nrf52840_xxaa/nrfx_prs.c.o
                0x000005f8                UARTE0_UART0_IRQHandler
 .text.update_rf_payload_format_esb_dpl
                0x00000604       0x2c _build/nrf52840_xxaa/nrf_esb.c.o
 .text.update_rf_payload_format_esb
                0x00000630       0x2c _build/nrf52840_xxaa/nrf_esb.c.o
 .text.on_radio_disabled_rx_ack
                0x0000065c       0x50 _build/nrf52840_xxaa/nrf_esb.c.o
 .text.rx_fifo_push_rfbuf
                0x000006ac       0x9c _build/nrf52840_xxaa/nrf_esb.c.o
 .text.on_radio_disabled_rx
                0x00000748      0x2bc _build/nrf52840_xxaa/nrf_esb.c.o
 .text.RADIO_IRQHandler
                0x00000a04       0x54 _build/nrf52840_xxaa/nrf_esb.c.o
                0x00000a04                RADIO_IRQHandler
 .text.nrf_esb_init
                0x00000a58      0x348 _build/nrf52840_xxaa/nrf_esb.c.o
                0x00000a58                nrf_esb_init
 .text.nrf_esb_is_idle
                0x00000da0       0x10 _build/nrf52840_xxaa/nrf_esb.c.o
                0x00000da0                nrf_esb_is_idle
 .text.SWI0_EGU0_IRQHandler
                0x00000db0       0x74 _build/nrf52840_xxaa/nrf_esb.c.o
                0x00000db0                SWI0_EGU0_IRQHandler
 .text.nrf_esb_read_rx_payload
                0x00000e24       0x78 _build/nrf52840_xxaa/nrf_esb.c.o
                0x00000e24                nrf_esb_read_rx_payload
 .text.nrf_esb_start_rx
                0x00000e9c       0x90 _build/nrf52840_xxaa/nrf_esb.c.o
                0x00000e9c                nrf_esb_start_rx
 .text.nrf_esb_set_base_address_0
                0x00000f2c       0x40 _build/nrf52840_xxaa/nrf_esb.c.o
                0x00000f2c                nrf_esb_set_base_address_0
 .text.nrf_esb_set_base_address_1
                0x00000f6c       0x40 _build/nrf52840_xxaa/nrf_esb.c.o
                0x00000f6c                nrf_esb_set_base_address_1
 .text.nrf_esb_set_prefixes
                0x00000fac       0x64 _build/nrf52840_xxaa/nrf_esb.c.o
                0x00000fac                nrf_esb_set_prefixes
 .text.nrf_esb_get_rf_channel
                0x00001010       0x18 _build/nrf52840_xxaa/nrf_esb.c.o
                0x00001010                nrf_esb_get_rf_channel
 .text.RTC1_IRQHandler
                0x00001028       0xa0 _build/nrf52840_xxaa/app_timer.c.o
                0x00001028                RTC1_IRQHandler
 .text.SWI1_EGU1_IRQHandler
                0x000010c8      0x3d0 _build/nrf52840_xxaa/app_timer.c.o
                0x000010c8                SWI1_EGU1_IRQHandler
 .text.app_timer_init
                0x00001498       0xb0 _build/nrf52840_xxaa/app_timer.c.o
                0x00001498                app_timer_init
 .text.app_timer_create
                0x00001548       0x24 _build/nrf52840_xxaa/app_timer.c.o
                0x00001548                app_timer_create
 .text.app_timer_start
                0x0000156c       0xa4 _build/nrf52840_xxaa/app_timer.c.o
                0x0000156c                app_timer_start
 .text.GPIOTE_IRQHandler
                0x00001610      0x2dc _build/nrf52840_xxaa/nrfx_gpiote.c.o
                0x00001610                GPIOTE_IRQHandler
 .text.nrfx_usbd_consumer
                0x000018ec       0x38 _build/nrf52840_xxaa/nrfx_usbd.c.o
                0x000018ec                nrfx_usbd_consumer
 .text.nrfx_usbd_feeder_ram
                0x00001924       0x24 _build/nrf52840_xxaa/nrfx_usbd.c.o
                0x00001924                nrfx_usbd_feeder_ram
 .text.nrfx_usbd_feeder_ram_zlp
                0x00001948       0x28 _build/nrf52840_xxaa/nrfx_usbd.c.o
                0x00001948                nrfx_usbd_feeder_ram_zlp
 .text.ev_usbreset_handler
                0x00001970       0x38 _build/nrf52840_xxaa/nrfx_usbd.c.o
 .text.ev_started_handler
                0x000019a8        0x4 _build/nrf52840_xxaa/nrfx_usbd.c.o
 .text.ev_sof_handler
                0x000019ac       0x48 _build/nrf52840_xxaa/nrfx_usbd.c.o
 .text.nrfx_usbd_feeder_flash
                0x000019f4       0x38 _build/nrf52840_xxaa/nrfx_usbd.c.o
                0x000019f4                nrfx_usbd_feeder_flash
 .text.nrfx_usbd_feeder_flash_zlp
                0x00001a2c       0x40 _build/nrf52840_xxaa/nrfx_usbd.c.o
                0x00001a2c                nrfx_usbd_feeder_flash_zlp
 .text.ev_dma_epout0_handler
                0x00001a6c       0x7c _build/nrf52840_xxaa/nrfx_usbd.c.o
 .text.ev_usbevent_handler
                0x00001ae8       0xa8 _build/nrf52840_xxaa/nrfx_usbd.c.o
 .text.ev_setup_data_handler
                0x00001b90      0x124 _build/nrf52840_xxaa/nrfx_usbd.c.o
 .text.usbd_dmareq_process.part.0
                0x00001cb4      0x234 _build/nrf52840_xxaa/nrfx_usbd.c.o
 .text.ev_dma_epout3_handler
                0x00001ee8       0x80 _build/nrf52840_xxaa/nrfx_usbd.c.o
 .text.ev_dma_epout8_handler
                0x00001f68       0x68 _build/nrf52840_xxaa/nrfx_usbd.c.o
 .text.ev_dma_epin8_handler
                0x00001fd0       0x74 _build/nrf52840_xxaa/nrfx_usbd.c.o
 .text.ev_dma_epin0_handler
                0x00002044       0x48 _build/nrf52840_xxaa/nrfx_usbd.c.o
 .text.ev_dma_epin1_handler
                0x0000208c       0x48 _build/nrf52840_xxaa/nrfx_usbd.c.o
 .text.ev_dma_epin2_handler
                0x000020d4       0x48 _build/nrf52840_xxaa/nrfx_usbd.c.o
 .text.ev_dma_epin3_handler
                0x0000211c       0x48 _build/nrf52840_xxaa/nrfx_usbd.c.o
 .text.ev_dma_epin4_handler
                0x00002164       0x48 _build/nrf52840_xxaa/nrfx_usbd.c.o
 .text.ev_dma_epin7_handler
                0x000021ac       0x48 _build/nrf52840_xxaa/nrfx_usbd.c.o
 .text.ev_dma_epin5_handler
                0x000021f4       0x48 _build/nrf52840_xxaa/nrfx_usbd.c.o
 .text.ev_dma_epin6_handler
                0x0000223c       0x48 _build/nrf52840_xxaa/nrfx_usbd.c.o
 .text.ev_dma_epout1_handler
                0x00002284       0x7c _build/nrf52840_xxaa/nrfx_usbd.c.o
 .text.ev_dma_epout4_handler
                0x00002300       0x80 _build/nrf52840_xxaa/nrfx_usbd.c.o
 .text.ev_dma_epout5_handler
                0x00002380       0x80 _build/nrf52840_xxaa/nrfx_usbd.c.o
 .text.ev_dma_epout6_handler
                0x00002400       0x7c _build/nrf52840_xxaa/nrfx_usbd.c.o
 .text.ev_dma_epout7_handler
                0x0000247c       0x80 _build/nrf52840_xxaa/nrfx_usbd.c.o
 .text.ev_dma_epout2_handler
                0x000024fc       0x80 _build/nrf52840_xxaa/nrfx_usbd.c.o
 .text.ev_epdata_handler
                0x0000257c      0x180 _build/nrf52840_xxaa/nrfx_usbd.c.o
 .text.ev_setup_handler
                0x000026fc      0x1b4 _build/nrf52840_xxaa/nrfx_usbd.c.o
 .text.nrfx_usbd_ep_abort
                0x000028b0      0x140 _build/nrf52840_xxaa/nrfx_usbd.c.o
                0x000028b0                nrfx_usbd_ep_abort
 .text.USBD_IRQHandler
                0x000029f0       0xc4 _build/nrf52840_xxaa/nrfx_usbd.c.o
                0x000029f0                USBD_IRQHandler
 .text.nrfx_usbd_init
                0x00002ab4      0x12c _build/nrf52840_xxaa/nrfx_usbd.c.o
                0x00002ab4                nrfx_usbd_init
 .text.nrfx_usbd_uninit
                0x00002be0       0x14 _build/nrf52840_xxaa/nrfx_usbd.c.o
                0x00002be0                nrfx_usbd_uninit
 .text.nrfx_usbd_enable
                0x00002bf4      0x278 _build/nrf52840_xxaa/nrfx_usbd.c.o
                0x00002bf4                nrfx_usbd_enable
 .text.nrfx_usbd_disable
                0x00002e6c      0x214 _build/nrf52840_xxaa/nrfx_usbd.c.o
                0x00002e6c                nrfx_usbd_disable
 .text.nrfx_usbd_start
                0x00003080       0x50 _build/nrf52840_xxaa/nrfx_usbd.c.o
                0x00003080                nrfx_usbd_start
 .text.nrfx_usbd_stop
                0x000030d0      0x1d8 _build/nrf52840_xxaa/nrfx_usbd.c.o
                0x000030d0                nrfx_usbd_stop
 .text.nrfx_usbd_is_initialized
                0x000032a8       0x10 _build/nrf52840_xxaa/nrfx_usbd.c.o
                0x000032a8                nrfx_usbd_is_initialized
 .text.nrfx_usbd_is_enabled
                0x000032b8       0x14 _build/nrf52840_xxaa/nrfx_usbd.c.o
                0x000032b8                nrfx_usbd_is_enabled
 .text.nrfx_usbd_suspend
                0x000032cc      0x1d8 _build/nrf52840_xxaa/nrfx_usbd.c.o
                0x000032cc                nrfx_usbd_suspend
 .text.nrfx_usbd_wakeup_req
                0x000034a4       0x74 _build/nrf52840_xxaa/nrfx_usbd.c.o
                0x000034a4                nrfx_usbd_wakeup_req
 .text.nrfx_usbd_suspend_irq_config
                0x00003518       0x14 _build/nrf52840_xxaa/nrfx_usbd.c.o
                0x00003518                nrfx_usbd_suspend_irq_config
 .text.nrfx_usbd_active_irq_config
                0x0000352c       0x14 _build/nrf52840_xxaa/nrfx_usbd.c.o
                0x0000352c                nrfx_usbd_active_irq_config
 .text.nrfx_usbd_force_bus_wakeup
                0x00003540        0xc _build/nrf52840_xxaa/nrfx_usbd.c.o
                0x00003540                nrfx_usbd_force_bus_wakeup
 .text.nrfx_usbd_ep_max_packet_size_get
                0x0000354c       0x20 _build/nrf52840_xxaa/nrfx_usbd.c.o
                0x0000354c                nrfx_usbd_ep_max_packet_size_get
 .text.nrfx_usbd_ep_enable_check
                0x0000356c       0x20 _build/nrf52840_xxaa/nrfx_usbd.c.o
                0x0000356c                nrfx_usbd_ep_enable_check
 .text.nrfx_usbd_ep_enable
                0x0000358c       0xd8 _build/nrf52840_xxaa/nrfx_usbd.c.o
                0x0000358c                nrfx_usbd_ep_enable
 .text.nrfx_usbd_ep_disable
                0x00003664      0x198 _build/nrf52840_xxaa/nrfx_usbd.c.o
                0x00003664                nrfx_usbd_ep_disable
 .text.nrfx_usbd_ep_transfer
                0x000037fc      0x120 _build/nrf52840_xxaa/nrfx_usbd.c.o
                0x000037fc                nrfx_usbd_ep_transfer
 .text.nrfx_usbd_ep_handled_transfer
                0x0000391c       0xac _build/nrf52840_xxaa/nrfx_usbd.c.o
                0x0000391c                nrfx_usbd_ep_handled_transfer
 .text.nrfx_usbd_feeder_buffer_get
                0x000039c8        0x8 _build/nrf52840_xxaa/nrfx_usbd.c.o
                0x000039c8                nrfx_usbd_feeder_buffer_get
 .text.nrfx_usbd_ep_stall
                0x000039d0       0x18 _build/nrf52840_xxaa/nrfx_usbd.c.o
                0x000039d0                nrfx_usbd_ep_stall
 .text.nrfx_usbd_ep_stall_clear
                0x000039e8       0x70 _build/nrf52840_xxaa/nrfx_usbd.c.o
                0x000039e8                nrfx_usbd_ep_stall_clear
 .text.nrfx_usbd_ep_stall_check
                0x00003a58       0x44 _build/nrf52840_xxaa/nrfx_usbd.c.o
                0x00003a58                nrfx_usbd_ep_stall_check
 .text.nrfx_usbd_ep_dtoggle_clear
                0x00003a9c       0x20 _build/nrf52840_xxaa/nrfx_usbd.c.o
                0x00003a9c                nrfx_usbd_ep_dtoggle_clear
 .text.nrfx_usbd_setup_get
                0x00003abc       0x4c _build/nrf52840_xxaa/nrfx_usbd.c.o
                0x00003abc                nrfx_usbd_setup_get
 .text.nrfx_usbd_setup_data_clear
                0x00003b08       0x14 _build/nrf52840_xxaa/nrfx_usbd.c.o
                0x00003b08                nrfx_usbd_setup_data_clear
 .text.nrfx_usbd_setup_clear
                0x00003b1c       0x14 _build/nrf52840_xxaa/nrfx_usbd.c.o
                0x00003b1c                nrfx_usbd_setup_clear
 .text.nrfx_usbd_setup_stall
                0x00003b30       0x14 _build/nrf52840_xxaa/nrfx_usbd.c.o
                0x00003b30                nrfx_usbd_setup_stall
 .text.nrfx_usbd_last_setup_dir_get
                0x00003b44        0xc _build/nrf52840_xxaa/nrfx_usbd.c.o
                0x00003b44                nrfx_usbd_last_setup_dir_get
 .text.nrfx_power_init
                0x00003b50       0x44 _build/nrf52840_xxaa/nrfx_power.c.o
                0x00003b50                nrfx_power_init
 .text.nrfx_power_usbevt_init
                0x00003b94        0xc _build/nrf52840_xxaa/nrfx_power.c.o
                0x00003b94                nrfx_power_usbevt_init
 .text.nrfx_power_usbevt_enable
                0x00003ba0       0x10 _build/nrf52840_xxaa/nrfx_power.c.o
                0x00003ba0                nrfx_power_usbevt_enable
 .text.nrfx_power_usbevt_disable
                0x00003bb0       0x10 _build/nrf52840_xxaa/nrfx_power.c.o
                0x00003bb0                nrfx_power_usbevt_disable
 .text.nrfx_power_usbevt_uninit
                0x00003bc0        0xc _build/nrf52840_xxaa/nrfx_power.c.o
                0x00003bc0                nrfx_power_usbevt_uninit
 .text.nrfx_power_irq_handler
                0x00003bcc      0x100 _build/nrf52840_xxaa/nrfx_power.c.o
                0x00003bcc                nrfx_power_irq_handler
 .text.POWER_CLOCK_IRQHandler
                0x00003ccc       0x10 _build/nrf52840_xxaa/nrfx_power.c.o
                0x00003ccc                POWER_CLOCK_IRQHandler
 .text.app_usbd_hfclk_ready
                0x00003cdc       0x64 _build/nrf52840_xxaa/app_usbd.c.o
 .text.app_usbd_event_handler
                0x00003d40       0xdc _build/nrf52840_xxaa/app_usbd.c.o
 .text.app_usbd_power_event_handler
                0x00003e1c       0xe0 _build/nrf52840_xxaa/app_usbd.c.o
 .text.app_usbd_class_descriptor_find
                0x00003efc       0xc0 _build/nrf52840_xxaa/app_usbd.c.o
                0x00003efc                app_usbd_class_descriptor_find
 .text.app_usbd_init
                0x00003fbc      0x148 _build/nrf52840_xxaa/app_usbd.c.o
                0x00003fbc                app_usbd_init
 .text.app_usbd_power_events_enable
                0x00004104       0x30 _build/nrf52840_xxaa/app_usbd.c.o
                0x00004104                app_usbd_power_events_enable
 .text.app_usbd_enable
                0x00004134        0x4 _build/nrf52840_xxaa/app_usbd.c.o
                0x00004134                app_usbd_enable
 .text.app_usbd_disable
                0x00004138        0x4 _build/nrf52840_xxaa/app_usbd.c.o
                0x00004138                app_usbd_disable
 .text.app_usbd_start
                0x0000413c       0x7c _build/nrf52840_xxaa/app_usbd.c.o
                0x0000413c                app_usbd_start
 .text.app_usbd_stop
                0x000041b8       0x64 _build/nrf52840_xxaa/app_usbd.c.o
                0x000041b8                app_usbd_stop
 .text.app_usbd_class_append
                0x0000421c      0x114 _build/nrf52840_xxaa/app_usbd.c.o
                0x0000421c                app_usbd_class_append
 .text.app_usbd_class_rwu_enabled_check
                0x00004330       0x10 _build/nrf52840_xxaa/app_usbd.c.o
                0x00004330                app_usbd_class_rwu_enabled_check
 .text.app_usbd_ep_enable
                0x00004340       0x28 _build/nrf52840_xxaa/app_usbd.c.o
                0x00004340                app_usbd_ep_enable
 .text.app_usbd_ep_disable
                0x00004368        0x4 _build/nrf52840_xxaa/app_usbd.c.o
                0x00004368                app_usbd_ep_disable
 .text.app_usbd_class_first_get
                0x0000436c        0xc _build/nrf52840_xxaa/app_usbd.c.o
                0x0000436c                app_usbd_class_first_get
 .text.app_usbd_iface_find
                0x00004378       0x44 _build/nrf52840_xxaa/app_usbd.c.o
                0x00004378                app_usbd_iface_find
 .text.app_usbd_iface_call
                0x000043bc        0x8 _build/nrf52840_xxaa/app_usbd.c.o
                0x000043bc                app_usbd_iface_call
 .text.app_usbd_ep_call
                0x000043c4       0x2c _build/nrf52840_xxaa/app_usbd.c.o
                0x000043c4                app_usbd_ep_call
 .text.app_usbd_all_until_served_call
                0x000043f0       0x2c _build/nrf52840_xxaa/app_usbd.c.o
                0x000043f0                app_usbd_all_until_served_call
 .text.app_usbd_ep_transfer
                0x0000441c       0x28 _build/nrf52840_xxaa/app_usbd.c.o
                0x0000441c                app_usbd_ep_transfer
 .text.app_usbd_ep_handled_transfer
                0x00004444       0x28 _build/nrf52840_xxaa/app_usbd.c.o
                0x00004444                app_usbd_ep_handled_transfer
 .text.app_usbd_iface_select
                0x0000446c       0x80 _build/nrf52840_xxaa/app_usbd.c.o
                0x0000446c                app_usbd_iface_select
 .text.app_usbd_iface_selection_get
                0x000044ec        0xc _build/nrf52840_xxaa/app_usbd.c.o
                0x000044ec                app_usbd_iface_selection_get
 .text.app_usbd_all_iface_select_0
                0x000044f8       0xc4 _build/nrf52840_xxaa/app_usbd.c.o
                0x000044f8                app_usbd_all_iface_select_0
 .text.app_usbd_all_iface_deselect
                0x000045bc       0x84 _build/nrf52840_xxaa/app_usbd.c.o
                0x000045bc                app_usbd_all_iface_deselect
 .text.app_usbd_event_execute
                0x00004640      0x608 _build/nrf52840_xxaa/app_usbd.c.o
                0x00004640                app_usbd_event_execute
 .text.app_usbd_event_queue_process
                0x00004c48       0xb8 _build/nrf52840_xxaa/app_usbd.c.o
                0x00004c48                app_usbd_event_queue_process
 .text.cdc_acm_feed_descriptors
                0x00004d00      0xbf4 _build/nrf52840_xxaa/app_usbd_cdc_acm.c.o
 .text.cdc_acm_req_out_data_cb
                0x000058f4       0x28 _build/nrf52840_xxaa/app_usbd_cdc_acm.c.o
 .text.cdc_acm_consumer
                0x0000591c       0x38 _build/nrf52840_xxaa/app_usbd_cdc_acm.c.o
 .text.cdc_acm_event_handler
                0x00005954      0x348 _build/nrf52840_xxaa/app_usbd_cdc_acm.c.o
 .text.app_usbd_cdc_acm_write
                0x00005c9c       0x4c _build/nrf52840_xxaa/app_usbd_cdc_acm.c.o
                0x00005c9c                app_usbd_cdc_acm_write
 .text.app_usbd_cdc_acm_rx_size
                0x00005ce8        0x8 _build/nrf52840_xxaa/app_usbd_cdc_acm.c.o
                0x00005ce8                app_usbd_cdc_acm_rx_size
 .text.app_usbd_cdc_acm_read
                0x00005cf0       0xb0 _build/nrf52840_xxaa/app_usbd_cdc_acm.c.o
                0x00005cf0                app_usbd_cdc_acm_read
 .text.setup_data_handler_empty
                0x00005da0        0x4 _build/nrf52840_xxaa/app_usbd_core.c.o
 .text.usbd_descriptor_conf_feeder
                0x00005da4      0x128 _build/nrf52840_xxaa/app_usbd_core.c.o
 .text.app_usbd_core_ep0_enable
                0x00005ecc       0x14 _build/nrf52840_xxaa/app_usbd_core.c.o
                0x00005ecc                app_usbd_core_ep0_enable
 .text.app_usbd_core_ep0_disable
                0x00005ee0       0x14 _build/nrf52840_xxaa/app_usbd_core.c.o
                0x00005ee0                app_usbd_core_ep0_disable
 .text.app_usbd_core_setup_rsp
                0x00005ef4       0x88 _build/nrf52840_xxaa/app_usbd_core.c.o
                0x00005ef4                app_usbd_core_setup_rsp
 .text.app_usbd_core_event_handler
                0x00005f7c      0x608 _build/nrf52840_xxaa/app_usbd_core.c.o
 .text.app_usbd_core_setup_data_handler_set
                0x00006584       0x28 _build/nrf52840_xxaa/app_usbd_core.c.o
                0x00006584                app_usbd_core_setup_data_handler_set
 .text.app_usbd_core_setup_transfer_buff_get
                0x000065ac       0x10 _build/nrf52840_xxaa/app_usbd_core.c.o
                0x000065ac                app_usbd_core_setup_transfer_buff_get
 .text.app_usbd_serial_num_generate
                0x000065bc       0x50 _build/nrf52840_xxaa/app_usbd_serial_num.c.o
                0x000065bc                app_usbd_serial_num_generate
 .text.app_usbd_string_desc_get
                0x0000660c       0x84 _build/nrf52840_xxaa/app_usbd_string_desc.c.o
                0x0000660c                app_usbd_string_desc_get
 .text.clock_irq_handler
                0x00006690       0x44 _build/nrf52840_xxaa/nrf_drv_clock.c.o
 .text.nrf_drv_clock_init
                0x000066d4       0x44 _build/nrf52840_xxaa/nrf_drv_clock.c.o
                0x000066d4                nrf_drv_clock_init
 .text.nrf_drv_clock_lfclk_request
                0x00006718       0x5c _build/nrf52840_xxaa/nrf_drv_clock.c.o
                0x00006718                nrf_drv_clock_lfclk_request
 .text.nrf_drv_clock_hfclk_request
                0x00006774       0x5c _build/nrf52840_xxaa/nrf_drv_clock.c.o
                0x00006774                nrf_drv_clock_hfclk_request
 .text.nrf_drv_clock_hfclk_release
                0x000067d0       0x34 _build/nrf52840_xxaa/nrf_drv_clock.c.o
                0x000067d0                nrf_drv_clock_hfclk_release
 .text.nrfx_clock_init
                0x00006804       0x18 _build/nrf52840_xxaa/nrfx_clock.c.o
                0x00006804                nrfx_clock_init
 .text.nrfx_clock_enable
                0x0000681c       0x2c _build/nrf52840_xxaa/nrfx_clock.c.o
                0x0000681c                nrfx_clock_enable
 .text.nrfx_clock_lfclk_start
                0x00006848       0x24 _build/nrf52840_xxaa/nrfx_clock.c.o
                0x00006848                nrfx_clock_lfclk_start
 .text.nrfx_clock_hfclk_start
                0x0000686c       0x20 _build/nrf52840_xxaa/nrfx_clock.c.o
                0x0000686c                nrfx_clock_hfclk_start
 .text.nrfx_clock_hfclk_stop
                0x0000688c       0x38 _build/nrf52840_xxaa/nrfx_clock.c.o
                0x0000688c                nrfx_clock_hfclk_stop
 .text.nrfx_clock_irq_handler
                0x000068c4       0x70 _build/nrf52840_xxaa/nrfx_clock.c.o
                0x000068c4                nrfx_clock_irq_handler
 .text.nrf_drv_power_init
                0x00006934       0x28 _build/nrf52840_xxaa/nrf_drv_power.c.o
                0x00006934                nrf_drv_power_init
 .text.nrf_drv_power_usbevt_init
                0x0000695c       0x20 _build/nrf52840_xxaa/nrf_drv_power.c.o
                0x0000695c                nrf_drv_power_usbevt_init
 .text.cdc_acm_user_ev_handler
                0x0000697c       0x58 _build/nrf52840_xxaa/main.c.o
 .text.nrf_esb_event_handler
                0x000069d4       0x64 _build/nrf52840_xxaa/main.c.o
                0x000069d4                nrf_esb_event_handler
 .text.usbd_user_ev_handler
                0x00006a38       0x3c _build/nrf52840_xxaa/main.c.o
 .text.repeated_timer_handler
                0x00006a74      0x108 _build/nrf52840_xxaa/main.c.o
 .text.esb_init
                0x00006b7c       0x78 _build/nrf52840_xxaa/main.c.o
                0x00006b7c                esb_init
 .text.usb_init
                0x00006bf4       0x4c _build/nrf52840_xxaa/main.c.o
                0x00006bf4                usb_init
 .text.startup.main
                0x00006c40      0x194 _build/nrf52840_xxaa/main.c.o
                0x00006c40                main
 .text.SystemInit
                0x00006dd4      0x25c _build/nrf52840_xxaa/system_nrf52840.c.o
                0x00006dd4                SystemInit
 .text.exit     0x00007030       0x28 c:/program files (x86)/gnu arm embedded toolchain/10 2021.10/bin/../lib/gcc/arm-none-eabi/10.3.1/../../../../arm-none-eabi/lib/thumb/v7e-m+fp/hard\libc_nano.a(lib_a-exit.o)
                0x00007030                exit
 .text.__libc_init_array
                0x00007058       0x48 c:/program files (x86)/gnu arm embedded toolchain/10 2021.10/bin/../lib/gcc/arm-none-eabi/10.3.1/../../../../arm-none-eabi/lib/thumb/v7e-m+fp/hard\libc_nano.a(lib_a-init.o)
                0x00007058                __libc_init_array
 .text.memcpy   0x000070a0       0x1c c:/program files (x86)/gnu arm embedded toolchain/10 2021.10/bin/../lib/gcc/arm-none-eabi/10.3.1/../../../../arm-none-eabi/lib/thumb/v7e-m+fp/hard\libc_nano.a(lib_a-memcpy-stub.o)
                0x000070a0                memcpy
 .text.memset   0x000070bc       0x10 c:/program files (x86)/gnu arm embedded toolchain/10 2021.10/bin/../lib/gcc/arm-none-eabi/10.3.1/../../../../arm-none-eabi/lib/thumb/v7e-m+fp/hard\libc_nano.a(lib_a-memset.o)
                0x000070bc                memset
 .text.snprintf
                0x000070cc       0x68 c:/program files (x86)/gnu arm embedded toolchain/10 2021.10/bin/../lib/gcc/arm-none-eabi/10.3.1/../../../../arm-none-eabi/lib/thumb/v7e-m+fp/hard\libc_nano.a(lib_a-snprintf.o)
                0x000070cc                sniprintf
                0x000070cc                snprintf
 .text.sprintf  0x00007134       0x40 c:/program files (x86)/gnu arm embedded toolchain/10 2021.10/bin/../lib/gcc/arm-none-eabi/10.3.1/../../../../arm-none-eabi/lib/thumb/v7e-m+fp/hard\libc_nano.a(lib_a-sprintf.o)
                0x00007134                siprintf
                0x00007134                sprintf
 .text          0x00007174       0x10 c:/program files (x86)/gnu arm embedded toolchain/10 2021.10/bin/../lib/gcc/arm-none-eabi/10.3.1/../../../../arm-none-eabi/lib/thumb/v7e-m+fp/hard\libc_nano.a(lib_a-strlen.o)
                0x00007174                strlen
 .text.__ssputs_r
                0x00007184       0xb6 c:/program files (x86)/gnu arm embedded toolchain/10 2021.10/bin/../lib/gcc/arm-none-eabi/10.3.1/../../../../arm-none-eabi/lib/thumb/v7e-m+fp/hard\libc_nano.a(lib_a-nano-svfprintf.o)
                0x00007184                __ssputs_r
 *fill*         0x0000723a        0x2 
 .text._svfprintf_r
                0x0000723c      0x200 c:/program files (x86)/gnu arm embedded toolchain/10 2021.10/bin/../lib/gcc/arm-none-eabi/10.3.1/../../../../arm-none-eabi/lib/thumb/v7e-m+fp/hard\libc_nano.a(lib_a-nano-svfprintf.o)
                0x0000723c                _svfiprintf_r
                0x0000723c                _svfprintf_r
 .text._printf_common
                0x0000743c       0xda c:/program files (x86)/gnu arm embedded toolchain/10 2021.10/bin/../lib/gcc/arm-none-eabi/10.3.1/../../../../arm-none-eabi/lib/thumb/v7e-m+fp/hard\libc_nano.a(lib_a-nano-vfprintf_i.o)
                0x0000743c                _printf_common
 *fill*         0x00007516        0x2 
 .text._printf_i
                0x00007518      0x24c c:/program files (x86)/gnu arm embedded toolchain/10 2021.10/bin/../lib/gcc/arm-none-eabi/10.3.1/../../../../arm-none-eabi/lib/thumb/v7e-m+fp/hard\libc_nano.a(lib_a-nano-vfprintf_i.o)
                0x00007518                _printf_i
 *fill*         0x00007764        0xc 
 .text          0x00007770       0xa0 c:/program files (x86)/gnu arm embedded toolchain/10 2021.10/bin/../lib/gcc/arm-none-eabi/10.3.1/../../../../arm-none-eabi/lib/thumb/v7e-m+fp/hard\libc_nano.a(lib_a-memchr.o)
                0x00007770                memchr
 .text.memmove  0x00007810       0x34 c:/program files (x86)/gnu arm embedded toolchain/10 2021.10/bin/../lib/gcc/arm-none-eabi/10.3.1/../../../../arm-none-eabi/lib/thumb/v7e-m+fp/hard\libc_nano.a(lib_a-memmove.o)
                0x00007810                memmove
 .text._free_r  0x00007844       0x98 c:/program files (x86)/gnu arm embedded toolchain/10 2021.10/bin/../lib/gcc/arm-none-eabi/10.3.1/../../../../arm-none-eabi/lib/thumb/v7e-m+fp/hard\libc_nano.a(lib_a-nano-freer.o)
                0x00007844                _free_r
 .text.sbrk_aligned
                0x000078dc       0x40 c:/program files (x86)/gnu arm embedded toolchain/10 2021.10/bin/../lib/gcc/arm-none-eabi/10.3.1/../../../../arm-none-eabi/lib/thumb/v7e-m+fp/hard\libc_nano.a(lib_a-nano-mallocr.o)
 .text._malloc_r
                0x0000791c       0xe8 c:/program files (x86)/gnu arm embedded toolchain/10 2021.10/bin/../lib/gcc/arm-none-eabi/10.3.1/../../../../arm-none-eabi/lib/thumb/v7e-m+fp/hard\libc_nano.a(lib_a-nano-mallocr.o)
                0x0000791c                _malloc_r
 .text._realloc_r
                0x00007a04       0x5e c:/program files (x86)/gnu arm embedded toolchain/10 2021.10/bin/../lib/gcc/arm-none-eabi/10.3.1/../../../../arm-none-eabi/lib/thumb/v7e-m+fp/hard\libc_nano.a(lib_a-nano-reallocr.o)
                0x00007a04                _realloc_r
 *fill*         0x00007a62        0x2 
 .text._sbrk_r  0x00007a64       0x20 c:/program files (x86)/gnu arm embedded toolchain/10 2021.10/bin/../lib/gcc/arm-none-eabi/10.3.1/../../../../arm-none-eabi/lib/thumb/v7e-m+fp/hard\libc_nano.a(lib_a-sbrkr.o)
                0x00007a64                _sbrk_r
 .text.__malloc_lock
                0x00007a84        0xc c:/program files (x86)/gnu arm embedded toolchain/10 2021.10/bin/../lib/gcc/arm-none-eabi/10.3.1/../../../../arm-none-eabi/lib/thumb/v7e-m+fp/hard\libc_nano.a(lib_a-mlock.o)
                0x00007a84                __malloc_lock
 .text.__malloc_unlock
                0x00007a90        0xc c:/program files (x86)/gnu arm embedded toolchain/10 2021.10/bin/../lib/gcc/arm-none-eabi/10.3.1/../../../../arm-none-eabi/lib/thumb/v7e-m+fp/hard\libc_nano.a(lib_a-mlock.o)
                0x00007a90                __malloc_unlock
 .text._malloc_usable_size_r
                0x00007a9c       0x10 c:/program files (x86)/gnu arm embedded toolchain/10 2021.10/bin/../lib/gcc/arm-none-eabi/10.3.1/../../../../arm-none-eabi/lib/thumb/v7e-m+fp/hard\libc_nano.a(lib_a-nano-msizer.o)
                0x00007a9c                _malloc_usable_size_r
 .text.__retarget_lock_acquire_recursive
                0x00007aac        0x2 c:/program files (x86)/gnu arm embedded toolchain/10 2021.10/bin/../lib/gcc/arm-none-eabi/10.3.1/../../../../arm-none-eabi/lib/thumb/v7e-m+fp/hard\libc_nano.a(lib_a-lock.o)
                0x00007aac                __retarget_lock_acquire_recursive
 .text.__retarget_lock_release_recursive
                0x00007aae        0x2 c:/program files (x86)/gnu arm embedded toolchain/10 2021.10/bin/../lib/gcc/arm-none-eabi/10.3.1/../../../../arm-none-eabi/lib/thumb/v7e-m+fp/hard\libc_nano.a(lib_a-lock.o)
                0x00007aae                __retarget_lock_release_recursive
 .text._sbrk    0x00007ab0       0x1c c:/program files (x86)/gnu arm embedded toolchain/10 2021.10/bin/../lib/gcc/arm-none-eabi/10.3.1/../../../../arm-none-eabi/lib/thumb/v7e-m+fp/hard\libnosys.a(sbrk.o)
                0x00007ab0                _sbrk
 .text._exit    0x00007acc        0x4 c:/program files (x86)/gnu arm embedded toolchain/10 2021.10/bin/../lib/gcc/arm-none-eabi/10.3.1/../../../../arm-none-eabi/lib/thumb/v7e-m+fp/hard\libnosys.a(_exit.o)
                0x00007acc                _exit
 *(.init)
 .init          0x00007ad0        0x4 c:/program files (x86)/gnu arm embedded toolchain/10 2021.10/bin/../lib/gcc/arm-none-eabi/10.3.1/thumb/v7e-m+fp/hard/crti.o
                0x00007ad0                _init
 .init          0x00007ad4        0x8 c:/program files (x86)/gnu arm embedded toolchain/10 2021.10/bin/../lib/gcc/arm-none-eabi/10.3.1/thumb/v7e-m+fp/hard/crtn.o
 *(.fini)
 .fini          0x00007adc        0x4 c:/program files (x86)/gnu arm embedded toolchain/10 2021.10/bin/../lib/gcc/arm-none-eabi/10.3.1/thumb/v7e-m+fp/hard/crti.o
                0x00007adc                _fini
 .fini          0x00007ae0        0x8 c:/program files (x86)/gnu arm embedded toolchain/10 2021.10/bin/../lib/gcc/arm-none-eabi/10.3.1/thumb/v7e-m+fp/hard/crtn.o
 *crtbegin.o(.ctors)
 *crtbegin?.o(.ctors)
 *(EXCLUDE_FILE(*crtend.o *crtend?.o) .ctors)
 *(SORT_BY_NAME(.ctors.*))
 *(.ctors)
 *crtbegin.o(.dtors)
 *crtbegin?.o(.dtors)
 *(EXCLUDE_FILE(*crtend.o *crtend?.o) .dtors)
 *(SORT_BY_NAME(.dtors.*))
 *(.dtors)
 *(.rodata*)
 .rodata.m_board_led_list
                0x00007ae8        0x4 _build/nrf52840_xxaa/boards.c.o
 *fill*         0x00007aec        0x4 
 .rodata.delay_machine_code.0
                0x00007af0        0x6 _build/nrf52840_xxaa/app_timer.c.o
 *fill*         0x00007af6        0x2 
 .rodata.CSWTCH.174
                0x00007af8        0x6 _build/nrf52840_xxaa/nrfx_usbd.c.o
 *fill*         0x00007afe        0x2 
 .rodata.epin_bitpos.1
                0x00007b00        0x9 _build/nrf52840_xxaa/nrfx_usbd.c.o
 *fill*         0x00007b09        0x3 
 .rodata.epin_endev.3
                0x00007b0c       0x12 _build/nrf52840_xxaa/nrfx_usbd.c.o
 *fill*         0x00007b1e        0x2 
 .rodata.epout_bitpos.0
                0x00007b20        0x9 _build/nrf52840_xxaa/nrfx_usbd.c.o
 *fill*         0x00007b29        0x3 
 .rodata.epout_endev.2
                0x00007b2c       0x12 _build/nrf52840_xxaa/nrfx_usbd.c.o
 *fill*         0x00007b3e        0x2 
 .rodata.m_isr  0x00007b40       0x64 _build/nrf52840_xxaa/nrfx_usbd.c.o
 .rodata.CSWTCH.73
                0x00007ba4        0x7 _build/nrf52840_xxaa/app_usbd.c.o
 *fill*         0x00007bab        0x1 
 .rodata.config.12
                0x00007bac        0x4 _build/nrf52840_xxaa/app_usbd.c.o
 .rodata.ev.10  0x00007bb0        0x4 _build/nrf52840_xxaa/app_usbd.c.o
 .rodata.ev.11  0x00007bb4        0x4 _build/nrf52840_xxaa/app_usbd.c.o
 .rodata.ev.9   0x00007bb8        0x4 _build/nrf52840_xxaa/app_usbd.c.o
 .rodata.event_setaddress.13
                0x00007bbc        0x4 _build/nrf52840_xxaa/app_usbd.c.o
 .rodata.evt_data.2
                0x00007bc0        0x1 _build/nrf52840_xxaa/app_usbd.c.o
 *fill*         0x00007bc1        0x3 
 .rodata.evt_data.4
                0x00007bc4        0x1 _build/nrf52840_xxaa/app_usbd.c.o
 *fill*         0x00007bc5        0x3 
 .rodata.evt_data.5
                0x00007bc8        0x1 _build/nrf52840_xxaa/app_usbd.c.o
 *fill*         0x00007bc9        0x3 
 .rodata.evt_data.6
                0x00007bcc        0x1 _build/nrf52840_xxaa/app_usbd.c.o
 *fill*         0x00007bcd        0x3 
 .rodata.evt_data.7
                0x00007bd0        0x1 _build/nrf52840_xxaa/app_usbd.c.o
 *fill*         0x00007bd1        0x3 
 .rodata.evt_data.8
                0x00007bd4        0x1 _build/nrf52840_xxaa/app_usbd.c.o
 *fill*         0x00007bd5        0x3 
 .rodata.app_usbd_cdc_acm_class_methods
                0x00007bd8       0x14 _build/nrf52840_xxaa/app_usbd_cdc_acm.c.o
                0x00007bd8                app_usbd_cdc_acm_class_methods
 .rodata.app_usbd_core_inst
                0x00007bec       0x10 _build/nrf52840_xxaa/app_usbd_core.c.o
                0x00007bec                app_usbd_core_inst
 .rodata.evt_data.0
                0x00007bfc        0x1 _build/nrf52840_xxaa/app_usbd_core.c.o
 *fill*         0x00007bfd        0x3 
 .rodata.m_configuration_dsc
                0x00007c00        0x9 _build/nrf52840_xxaa/app_usbd_core.c.o
 *fill*         0x00007c09        0x3 
 .rodata.m_core_methods
                0x00007c0c       0x14 _build/nrf52840_xxaa/app_usbd_core.c.o
 .rodata.m_device_dsc
                0x00007c20       0x12 _build/nrf52840_xxaa/app_usbd_core.c.o
 *fill*         0x00007c32        0x2 
 .rodata.m_setup_data_handler_empty_desc
                0x00007c34        0x8 _build/nrf52840_xxaa/app_usbd_core.c.o
 .rodata.usbd_descriptor_feeder_desc
                0x00007c3c        0x8 _build/nrf52840_xxaa/app_usbd_core.c.o
 .rodata.app_usbd_serial_num_generate.str1.4
                0x00007c44        0xb _build/nrf52840_xxaa/app_usbd_serial_num.c.o
 *fill*         0x00007c4f        0x1 
 .rodata.__compound_literal.1
                0x00007c50        0x6 _build/nrf52840_xxaa/app_usbd_string_desc.c.o
 *fill*         0x00007c56        0x2 
 .rodata.__compound_literal.2
                0x00007c58       0x15 _build/nrf52840_xxaa/app_usbd_string_desc.c.o
 *fill*         0x00007c6d        0x3 
 .rodata.__compound_literal.3
                0x00007c70       0x13 _build/nrf52840_xxaa/app_usbd_string_desc.c.o
 *fill*         0x00007c83        0x1 
 .rodata.__compound_literal.4
                0x00007c84       0x16 _build/nrf52840_xxaa/app_usbd_string_desc.c.o
 *fill*         0x00007c9a        0x2 
 .rodata.__compound_literal.5
                0x00007c9c        0x7 _build/nrf52840_xxaa/app_usbd_string_desc.c.o
 *fill*         0x00007ca3        0x1 
 .rodata.m_string_dsc
                0x00007ca4       0x18 _build/nrf52840_xxaa/app_usbd_string_desc.c.o
 .rodata.m_string_translation
                0x00007cbc        0xc _build/nrf52840_xxaa/app_usbd_string_desc.c.o
 .rodata.m_drv_power_config_default
                0x00007cc8        0x1 _build/nrf52840_xxaa/nrf_drv_power.c.o
 *fill*         0x00007cc9        0x3 
 .rodata.esb_init.str1.4
                0x00007ccc        0x9 _build/nrf52840_xxaa/main.c.o
 *fill*         0x00007cd5        0x3 
 .rodata.main.str1.4
                0x00007cd8       0x34 _build/nrf52840_xxaa/main.c.o
 .rodata        0x00007d0c       0x18 _build/nrf52840_xxaa/main.c.o
 .rodata.m_app_cdc_acm
                0x00007d24       0x24 _build/nrf52840_xxaa/main.c.o
                0x00007d24                m_app_cdc_acm
 .rodata.m_repeated_timer_id
                0x00007d48        0x4 _build/nrf52840_xxaa/main.c.o
 .rodata.usbd_config
                0x00007d4c        0xc _build/nrf52840_xxaa/main.c.o
 .rodata.CSWTCH.15
                0x00007d58        0x6 _build/nrf52840_xxaa/system_nrf52840.c.o
 *fill*         0x00007d5e        0x2 
 .rodata.CSWTCH.6
                0x00007d60        0x6 _build/nrf52840_xxaa/system_nrf52840.c.o
 *fill*         0x00007d66        0x2 
 .rodata._global_impure_ptr
                0x00007d68        0x4 c:/program files (x86)/gnu arm embedded toolchain/10 2021.10/bin/../lib/gcc/arm-none-eabi/10.3.1/../../../../arm-none-eabi/lib/thumb/v7e-m+fp/hard\libc_nano.a(lib_a-impure.o)
                0x00007d68                _global_impure_ptr
 .rodata._svfprintf_r.str1.1
                0x00007d6c       0x11 c:/program files (x86)/gnu arm embedded toolchain/10 2021.10/bin/../lib/gcc/arm-none-eabi/10.3.1/../../../../arm-none-eabi/lib/thumb/v7e-m+fp/hard\libc_nano.a(lib_a-nano-svfprintf.o)
 .rodata._printf_i.str1.1
                0x00007d7d       0x22 c:/program files (x86)/gnu arm embedded toolchain/10 2021.10/bin/../lib/gcc/arm-none-eabi/10.3.1/../../../../arm-none-eabi/lib/thumb/v7e-m+fp/hard\libc_nano.a(lib_a-nano-vfprintf_i.o)
 *(.eh_frame*)
 *fill*         0x00007d9f        0x1 
 .eh_frame      0x00007da0        0x0 c:/program files (x86)/gnu arm embedded toolchain/10 2021.10/bin/../lib/gcc/arm-none-eabi/10.3.1/thumb/v7e-m+fp/hard/crtbegin.o
 .eh_frame      0x00007da0        0x4 c:/program files (x86)/gnu arm embedded toolchain/10 2021.10/bin/../lib/gcc/arm-none-eabi/10.3.1/thumb/v7e-m+fp/hard/crtend.o

.glue_7         0x00007da4        0x0
 .glue_7        0x00007da4        0x0 linker stubs

.glue_7t        0x00007da4        0x0
 .glue_7t       0x00007da4        0x0 linker stubs

.vfp11_veneer   0x00007da4        0x0
 .vfp11_veneer  0x00007da4        0x0 linker stubs

.v4_bx          0x00007da4        0x0
 .v4_bx         0x00007da4        0x0 linker stubs

.iplt           0x00007da4        0x0
 .iplt          0x00007da4        0x0 c:/program files (x86)/gnu arm embedded toolchain/10 2021.10/bin/../lib/gcc/arm-none-eabi/10.3.1/thumb/v7e-m+fp/hard/crtbegin.o

.mem_section_dummy_rom

.log_const_data
                0x00007da4        0x0
                [!provide]                PROVIDE (__start_log_const_data = .)
 *(SORT_BY_NAME(.log_const_data*))
                [!provide]                PROVIDE (__stop_log_const_data = .)

.log_backends   0x00007da4        0x0
                [!provide]                PROVIDE (__start_log_backends = .)
 *(SORT_BY_NAME(.log_backends*))
                [!provide]                PROVIDE (__stop_log_backends = .)

.nrf_balloc     0x00007da4        0x0
                [!provide]                PROVIDE (__start_nrf_balloc = .)
 *(.nrf_balloc)
                [!provide]                PROVIDE (__stop_nrf_balloc = .)

.ARM.extab
 *(.ARM.extab* .gnu.linkonce.armextab.*)
                0x00007da4                __exidx_start = .

.ARM.exidx      0x00007da4        0x8
 *(.ARM.exidx* .gnu.linkonce.armexidx.*)
 .ARM.exidx     0x00007da4        0x8 c:/program files (x86)/gnu arm embedded toolchain/10 2021.10/bin/../lib/gcc/arm-none-eabi/10.3.1/../../../../arm-none-eabi/lib/thumb/v7e-m+fp/hard/crt0.o
                                 0x10 (size before relaxing)
                0x00007dac                __exidx_end = .

.rel.dyn        0x00007dac        0x0
 .rel.iplt      0x00007dac        0x0 c:/program files (x86)/gnu arm embedded toolchain/10 2021.10/bin/../lib/gcc/arm-none-eabi/10.3.1/thumb/v7e-m+fp/hard/crtbegin.o
                0x00007dac                . = ALIGN (0x4)
                0x00007dac                __etext = .

.data           0x20000000       0x94 load address 0x00007dac
                0x20000000                __data_start__ = .
 *(vtable)
 *(.data*)
 .data.m_esb_addr
                0x20000000       0x14 _build/nrf52840_xxaa/nrf_esb.c.o
 .data.m_radio_shorts_common
                0x20000014        0x4 _build/nrf52840_xxaa/nrf_esb.c.o
 .data.clock_handler_item.3
                0x20000018        0x8 _build/nrf52840_xxaa/app_usbd.c.o
 .data.m_app_cdc_acm_ep
                0x20000020        0x1 _build/nrf52840_xxaa/main.c.o
 *fill*         0x20000021        0x3 
 .data.SystemCoreClock
                0x20000024        0x4 _build/nrf52840_xxaa/system_nrf52840.c.o
                0x20000024                SystemCoreClock
 .data._impure_ptr
                0x20000028        0x4 c:/program files (x86)/gnu arm embedded toolchain/10 2021.10/bin/../lib/gcc/arm-none-eabi/10.3.1/../../../../arm-none-eabi/lib/thumb/v7e-m+fp/hard\libc_nano.a(lib_a-impure.o)
                0x20000028                _impure_ptr
 .data.impure_data
                0x2000002c       0x60 c:/program files (x86)/gnu arm embedded toolchain/10 2021.10/bin/../lib/gcc/arm-none-eabi/10.3.1/../../../../arm-none-eabi/lib/thumb/v7e-m+fp/hard\libc_nano.a(lib_a-impure.o)
                0x2000008c                . = ALIGN (0x4)
                0x2000008c                PROVIDE (__preinit_array_start = .)
 *(.preinit_array)
                0x2000008c                PROVIDE (__preinit_array_end = .)
                0x2000008c                . = ALIGN (0x4)
                0x2000008c                PROVIDE (__init_array_start = .)
 *(SORT_BY_NAME(.init_array.*))
 *(.init_array)
 .init_array    0x2000008c        0x4 c:/program files (x86)/gnu arm embedded toolchain/10 2021.10/bin/../lib/gcc/arm-none-eabi/10.3.1/thumb/v7e-m+fp/hard/crtbegin.o
                0x20000090                PROVIDE (__init_array_end = .)
                0x20000090                . = ALIGN (0x4)
                [!provide]                PROVIDE (__fini_array_start = .)
 *(SORT_BY_NAME(.fini_array.*))
 *(.fini_array)
 .fini_array    0x20000090        0x4 c:/program files (x86)/gnu arm embedded toolchain/10 2021.10/bin/../lib/gcc/arm-none-eabi/10.3.1/thumb/v7e-m+fp/hard/crtbegin.o
                [!provide]                PROVIDE (__fini_array_end = .)
 *(.jcr*)
                0x20000094                . = ALIGN (0x4)
                0x20000094                __data_end__ = .
LOAD c:/program files (x86)/gnu arm embedded toolchain/10 2021.10/bin/../lib/gcc/arm-none-eabi/10.3.1/thumb/v7e-m+fp/hard/crti.o
LOAD c:/program files (x86)/gnu arm embedded toolchain/10 2021.10/bin/../lib/gcc/arm-none-eabi/10.3.1/thumb/v7e-m+fp/hard/crtbegin.o
LOAD c:/program files (x86)/gnu arm embedded toolchain/10 2021.10/bin/../lib/gcc/arm-none-eabi/10.3.1/../../../../arm-none-eabi/lib/thumb/v7e-m+fp/hard/crt0.o
LOAD _build/nrf52840_xxaa/gcc_startup_nrf52840.S.o
LOAD _build/nrf52840_xxaa/nrf_log_backend_rtt.c.o
LOAD _build/nrf52840_xxaa/nrf_log_backend_serial.c.o
LOAD _build/nrf52840_xxaa/nrf_log_backend_uart.c.o
LOAD _build/nrf52840_xxaa/nrf_log_default_backends.c.o
LOAD _build/nrf52840_xxaa/nrf_log_frontend.c.o
LOAD _build/nrf52840_xxaa/nrf_log_str_formatter.c.o
LOAD _build/nrf52840_xxaa/boards.c.o
LOAD _build/nrf52840_xxaa/app_error.c.o
LOAD _build/nrf52840_xxaa/app_error_handler_gcc.c.o
LOAD _build/nrf52840_xxaa/app_error_weak.c.o
LOAD _build/nrf52840_xxaa/app_util_platform.c.o
LOAD _build/nrf52840_xxaa/nrf_assert.c.o
LOAD _build/nrf52840_xxaa/nrf_atomic.c.o
LOAD _build/nrf52840_xxaa/nrf_atfifo.c.o
LOAD _build/nrf52840_xxaa/nrf_balloc.c.o
LOAD _build/nrf52840_xxaa/nrf_fprintf.c.o
LOAD _build/nrf52840_xxaa/nrf_fprintf_format.c.o
LOAD _build/nrf52840_xxaa/nrf_memobj.c.o
LOAD _build/nrf52840_xxaa/nrf_ringbuf.c.o
LOAD _build/nrf52840_xxaa/nrf_strerror.c.o
LOAD _build/nrf52840_xxaa/nrf_drv_uart.c.o
LOAD _build/nrf52840_xxaa/nrfx_atomic.c.o
LOAD _build/nrf52840_xxaa/nrfx_prs.c.o
LOAD _build/nrf52840_xxaa/nrfx_uart.c.o
LOAD _build/nrf52840_xxaa/nrfx_uarte.c.o
LOAD _build/nrf52840_xxaa/nrf_esb.c.o
LOAD _build/nrf52840_xxaa/app_timer.c.o
LOAD _build/nrf52840_xxaa/nrfx_gpiote.c.o
LOAD _build/nrf52840_xxaa/nrfx_usbd.c.o
LOAD _build/nrf52840_xxaa/nrfx_power.c.o
LOAD _build/nrf52840_xxaa/app_uart_fifo.c.o
LOAD _build/nrf52840_xxaa/app_usbd.c.o
LOAD _build/nrf52840_xxaa/app_usbd_cdc_acm.c.o
LOAD _build/nrf52840_xxaa/app_usbd_core.c.o
LOAD _build/nrf52840_xxaa/app_usbd_serial_num.c.o
LOAD _build/nrf52840_xxaa/app_usbd_string_desc.c.o
LOAD _build/nrf52840_xxaa/nrf_drv_clock.c.o
LOAD _build/nrf52840_xxaa/nrfx_clock.c.o
LOAD _build/nrf52840_xxaa/nrf_drv_power.c.o
LOAD _build/nrf52840_xxaa/main.c.o
LOAD _build/nrf52840_xxaa/SEGGER_RTT.c.o
LOAD _build/nrf52840_xxaa/SEGGER_RTT_Syscalls_GCC.c.o
LOAD _build/nrf52840_xxaa/SEGGER_RTT_printf.c.o
LOAD _build/nrf52840_xxaa/system_nrf52840.c.o
LOAD c:/program files (x86)/gnu arm embedded toolchain/10 2021.10/bin/../lib/gcc/arm-none-eabi/10.3.1/../../../../arm-none-eabi/lib/thumb/v7e-m+fp/hard\libc_nano.a
LOAD c:/program files (x86)/gnu arm embedded toolchain/10 2021.10/bin/../lib/gcc/arm-none-eabi/10.3.1/../../../../arm-none-eabi/lib/thumb/v7e-m+fp/hard\libnosys.a
LOAD c:/program files (x86)/gnu arm embedded toolchain/10 2021.10/bin/../lib/gcc/arm-none-eabi/10.3.1/../../../../arm-none-eabi/lib/thumb/v7e-m+fp/hard\libm.a
START GROUP
LOAD c:/program files (x86)/gnu arm embedded toolchain/10 2021.10/bin/../lib/gcc/arm-none-eabi/10.3.1/thumb/v7e-m+fp/hard\libgcc.a
LOAD c:/program files (x86)/gnu arm embedded toolchain/10 2021.10/bin/../lib/gcc/arm-none-eabi/10.3.1/../../../../arm-none-eabi/lib/thumb/v7e-m+fp/hard\libg_nano.a
LOAD c:/program files (x86)/gnu arm embedded toolchain/10 2021.10/bin/../lib/gcc/arm-none-eabi/10.3.1/../../../../arm-none-eabi/lib/thumb/v7e-m+fp/hard\libc_nano.a
END GROUP
START GROUP
LOAD c:/program files (x86)/gnu arm embedded toolchain/10 2021.10/bin/../lib/gcc/arm-none-eabi/10.3.1/thumb/v7e-m+fp/hard\libgcc.a
LOAD c:/program files (x86)/gnu arm embedded toolchain/10 2021.10/bin/../lib/gcc/arm-none-eabi/10.3.1/../../../../arm-none-eabi/lib/thumb/v7e-m+fp/hard\libc_nano.a
END GROUP
LOAD c:/program files (x86)/gnu arm embedded toolchain/10 2021.10/bin/../lib/gcc/arm-none-eabi/10.3.1/thumb/v7e-m+fp/hard/crtend.o
LOAD c:/program files (x86)/gnu arm embedded toolchain/10 2021.10/bin/../lib/gcc/arm-none-eabi/10.3.1/thumb/v7e-m+fp/hard/crtn.o
START GROUP
LOAD c:/program files (x86)/gnu arm embedded toolchain/10 2021.10/bin/../lib/gcc/arm-none-eabi/10.3.1/thumb/v7e-m+fp/hard\libgcc.a
LOAD c:/program files (x86)/gnu arm embedded toolchain/10 2021.10/bin/../lib/gcc/arm-none-eabi/10.3.1/../../../../arm-none-eabi/lib/thumb/v7e-m+fp/hard\libc.a
LOAD c:/program files (x86)/gnu arm embedded toolchain/10 2021.10/bin/../lib/gcc/arm-none-eabi/10.3.1/../../../../arm-none-eabi/lib/thumb/v7e-m+fp/hard\libnosys.a
END GROUP

.igot.plt       0x20000094        0x0 load address 0x00007e40
 .igot.plt      0x20000094        0x0 c:/program files (x86)/gnu arm embedded toolchain/10 2021.10/bin/../lib/gcc/arm-none-eabi/10.3.1/thumb/v7e-m+fp/hard/crtbegin.o
                0x20000094                . = ALIGN (0x4)

.mem_section_dummy_ram

.log_dynamic_data
                0x20000094        0x0
                [!provide]                PROVIDE (__start_log_dynamic_data = .)
 *(SORT_BY_NAME(.log_dynamic_data*))
                [!provide]                PROVIDE (__stop_log_dynamic_data = .)

.log_filter_data
                0x20000094        0x0
                [!provide]                PROVIDE (__start_log_filter_data = .)
 *(SORT_BY_NAME(.log_filter_data*))
                [!provide]                PROVIDE (__stop_log_filter_data = .)

.bss            0x20000098      0xbf0 load address 0x00007e48
                0x20000098                . = ALIGN (0x4)
                0x20000098                __bss_start__ = .
 *(.bss*)
 .bss           0x20000098       0x1c c:/program files (x86)/gnu arm embedded toolchain/10 2021.10/bin/../lib/gcc/arm-none-eabi/10.3.1/thumb/v7e-m+fp/hard/crtbegin.o
 .bss.m_in_critical_region
                0x200000b4        0x4 _build/nrf52840_xxaa/app_util_platform.c.o
 .bss.m_prs_box_4
                0x200000b8        0x8 _build/nrf52840_xxaa/nrfx_prs.c.o
 .bss.m_ack_pl_container
                0x200000c0       0x60 _build/nrf52840_xxaa/nrf_esb.c.o
                0x200000c0                m_ack_pl_container
 .bss.m_ack_pl_container_entry_point_pr_pipe
                0x20000120       0x20 _build/nrf52840_xxaa/nrf_esb.c.o
                0x20000120                m_ack_pl_container_entry_point_pr_pipe
 .bss.m_config_local
                0x20000140       0x18 _build/nrf52840_xxaa/nrf_esb.c.o
 .bss.m_esb_initialized
                0x20000158        0x1 _build/nrf52840_xxaa/nrf_esb.c.o
 *fill*         0x20000159        0x3 
 .bss.m_event_handler
                0x2000015c        0x4 _build/nrf52840_xxaa/nrf_esb.c.o
 .bss.m_interrupt_flags
                0x20000160        0x4 _build/nrf52840_xxaa/nrf_esb.c.o
 .bss.m_last_tx_attempts
                0x20000164        0x4 _build/nrf52840_xxaa/nrf_esb.c.o
 .bss.m_nrf_esb_mainstate
                0x20000168        0x1 _build/nrf52840_xxaa/nrf_esb.c.o
 *fill*         0x20000169        0x3 
 .bss.m_pids    0x2000016c        0x8 _build/nrf52840_xxaa/nrf_esb.c.o
 .bss.m_rx_fifo
                0x20000174       0x2c _build/nrf52840_xxaa/nrf_esb.c.o
 .bss.m_rx_fifo_payload
                0x200001a0      0x128 _build/nrf52840_xxaa/nrf_esb.c.o
 .bss.m_rx_payload_buffer
                0x200002c8       0x22 _build/nrf52840_xxaa/nrf_esb.c.o
 *fill*         0x200002ea        0x2 
 .bss.m_rx_pipe_info
                0x200002ec       0x20 _build/nrf52840_xxaa/nrf_esb.c.o
 .bss.m_tx_fifo
                0x2000030c       0x2c _build/nrf52840_xxaa/nrf_esb.c.o
 .bss.m_tx_fifo_payload
                0x20000338      0x128 _build/nrf52840_xxaa/nrf_esb.c.o
 .bss.m_tx_payload_buffer
                0x20000460       0x22 _build/nrf52840_xxaa/nrf_esb.c.o
 *fill*         0x20000482        0x2 
 .bss.m_wait_for_ack_timeout_us
                0x20000484        0x4 _build/nrf52840_xxaa/nrf_esb.c.o
 .bss.mp_current_payload
                0x20000488        0x4 _build/nrf52840_xxaa/nrf_esb.c.o
 .bss.on_radio_disabled
                0x2000048c        0x4 _build/nrf52840_xxaa/nrf_esb.c.o
 .bss.update_rf_payload_format
                0x20000490        0x4 _build/nrf52840_xxaa/nrf_esb.c.o
 .bss.m_op_queue
                0x20000494      0x10c _build/nrf52840_xxaa/app_timer.c.o
 .bss.m_rtc1_reset
                0x200005a0        0x1 _build/nrf52840_xxaa/app_timer.c.o
 .bss.m_rtc1_running
                0x200005a1        0x1 _build/nrf52840_xxaa/app_timer.c.o
 *fill*         0x200005a2        0x2 
 .bss.m_ticks_elapsed
                0x200005a4        0x8 _build/nrf52840_xxaa/app_timer.c.o
 .bss.m_ticks_elapsed_q_read_ind
                0x200005ac        0x1 _build/nrf52840_xxaa/app_timer.c.o
 .bss.m_ticks_elapsed_q_write_ind
                0x200005ad        0x1 _build/nrf52840_xxaa/app_timer.c.o
 *fill*         0x200005ae        0x2 
 .bss.m_ticks_latest
                0x200005b0        0x4 _build/nrf52840_xxaa/app_timer.c.o
 .bss.mp_timer_id_head
                0x200005b4        0x4 _build/nrf52840_xxaa/app_timer.c.o
 .bss.m_cb      0x200005b8       0x5c _build/nrf52840_xxaa/nrfx_gpiote.c.o
 .bss.m_bus_suspend
                0x20000614        0x1 _build/nrf52840_xxaa/nrfx_usbd.c.o
 .bss.m_dma_pending
                0x20000615        0x1 _build/nrf52840_xxaa/nrfx_usbd.c.o
 .bss.m_drv_state
                0x20000616        0x1 _build/nrf52840_xxaa/nrfx_usbd.c.o
 *fill*         0x20000617        0x1 
 .bss.m_ep_consumer_state
                0x20000618       0x6c _build/nrf52840_xxaa/nrfx_usbd.c.o
                0x20000618                m_ep_consumer_state
 .bss.m_ep_dma_waiting
                0x20000684        0x4 _build/nrf52840_xxaa/nrfx_usbd.c.o
 .bss.m_ep_feeder_state
                0x20000688       0x6c _build/nrf52840_xxaa/nrfx_usbd.c.o
                0x20000688                m_ep_feeder_state
 .bss.m_ep_ready
                0x200006f4        0x4 _build/nrf52840_xxaa/nrfx_usbd.c.o
 .bss.m_ep_state
                0x200006f8      0x120 _build/nrf52840_xxaa/nrfx_usbd.c.o
 .bss.m_event_handler
                0x20000818        0x4 _build/nrf52840_xxaa/nrfx_usbd.c.o
 .bss.m_last_setup_dir
                0x2000081c        0x1 _build/nrf52840_xxaa/nrfx_usbd.c.o
 *fill*         0x2000081d        0x3 
 .bss.m_tx_buffer
                0x20000820       0x40 _build/nrf52840_xxaa/nrfx_usbd.c.o
 .bss.m_pofwarn_handler
                0x20000860        0x4 _build/nrf52840_xxaa/nrfx_power.c.o
 .bss.m_sleepevt_handler
                0x20000864        0x4 _build/nrf52840_xxaa/nrfx_power.c.o
 .bss.m_usbevt_handler
                0x20000868        0x4 _build/nrf52840_xxaa/nrfx_power.c.o
 .bss.nrfx_power_irq_enabled
                0x2000086c        0x1 _build/nrf52840_xxaa/nrfx_power.c.o
                0x2000086c                nrfx_power_irq_enabled
 *fill*         0x2000086d        0x3 
 .bss.cx.0      0x20000870        0x4 _build/nrf52840_xxaa/app_usbd.c.o
 .bss.m_current_conf
                0x20000874        0xc _build/nrf52840_xxaa/app_usbd.c.o
 .bss.m_epin_conf
                0x20000880       0x48 _build/nrf52840_xxaa/app_usbd.c.o
 .bss.m_epout_conf
                0x200008c8       0x48 _build/nrf52840_xxaa/app_usbd.c.o
 .bss.m_event_frame
                0x20000910        0x2 _build/nrf52840_xxaa/app_usbd.c.o
 *fill*         0x20000912        0x2 
 .bss.m_event_queue_data
                0x20000914      0x108 _build/nrf52840_xxaa/app_usbd.c.o
 .bss.m_event_queue_inst
                0x20000a1c       0x10 _build/nrf52840_xxaa/app_usbd.c.o
 .bss.m_p_first_cinst
                0x20000a2c        0x4 _build/nrf52840_xxaa/app_usbd.c.o
 .bss.m_p_first_sof_cinst
                0x20000a30        0x4 _build/nrf52840_xxaa/app_usbd.c.o
 .bss.m_p_first_sof_interrupt_cinst
                0x20000a34        0x4 _build/nrf52840_xxaa/app_usbd.c.o
 .bss.m_rwu_registered_counter
                0x20000a38        0x1 _build/nrf52840_xxaa/app_usbd.c.o
 *fill*         0x20000a39        0x3 
 .bss.m_sof_events_cnt
                0x20000a3c        0x4 _build/nrf52840_xxaa/app_usbd.c.o
 .bss.m_sustate
                0x20000a40        0x1 _build/nrf52840_xxaa/app_usbd.c.o
 *fill*         0x20000a41        0x3 
 .bss.p_event_item.1
                0x20000a44        0x4 _build/nrf52840_xxaa/app_usbd.c.o
 .bss.endpoints.2
                0x20000a48        0x1 _build/nrf52840_xxaa/app_usbd_cdc_acm.c.o
 .bss.i.4       0x20000a49        0x1 _build/nrf52840_xxaa/app_usbd_cdc_acm.c.o
 .bss.j.1       0x20000a4a        0x1 _build/nrf52840_xxaa/app_usbd_cdc_acm.c.o
 *fill*         0x20000a4b        0x1 
 .bss.p_cur_iface.3
                0x20000a4c        0x4 _build/nrf52840_xxaa/app_usbd_cdc_acm.c.o
 .bss.app_usbd_core_inst_data
                0x20000a50        0xc _build/nrf52840_xxaa/app_usbd_core.c.o
 .bss.m_app_usbd_state
                0x20000a5c        0x1 _build/nrf52840_xxaa/app_usbd_core.c.o
 *fill*         0x20000a5d        0x3 
 .bss.m_descriptor_conf_feed_data
                0x20000a60       0x18 _build/nrf52840_xxaa/app_usbd_core.c.o
 .bss.m_device_features_state
                0x20000a78        0x1 _build/nrf52840_xxaa/app_usbd_core.c.o
 *fill*         0x20000a79        0x3 
 .bss.m_ep0_handler_desc
                0x20000a7c        0x8 _build/nrf52840_xxaa/app_usbd_core.c.o
 .bss.m_rwu_pending
                0x20000a84        0x4 _build/nrf52840_xxaa/app_usbd_core.c.o
 .bss.m_setup_transfer_buff
                0x20000a88       0x40 _build/nrf52840_xxaa/app_usbd_core.c.o
 .bss.g_extern_serial_number
                0x20000ac8        0xd _build/nrf52840_xxaa/app_usbd_serial_num.c.o
                0x20000ac8                g_extern_serial_number
 *fill*         0x20000ad5        0x3 
 .bss.m_clock_cb
                0x20000ad8       0x14 _build/nrf52840_xxaa/nrf_drv_clock.c.o
 .bss.m_clock_cb
                0x20000aec        0x8 _build/nrf52840_xxaa/nrfx_clock.c.o
 .bss.nrfx_clock_irq_enabled
                0x20000af4        0x1 _build/nrf52840_xxaa/nrfx_clock.c.o
                0x20000af4                nrfx_clock_irq_enabled
 .bss.m_initialized
                0x20000af5        0x1 _build/nrf52840_xxaa/nrf_drv_power.c.o
 *fill*         0x20000af6        0x2 
 .bss.beta      0x20000af8       0x50 _build/nrf52840_xxaa/main.c.o
                0x20000af8                beta
 .bss.beta_id   0x20000b48       0x14 _build/nrf52840_xxaa/main.c.o
                0x20000b48                beta_id
 .bss.count     0x20000b5c        0x4 _build/nrf52840_xxaa/main.c.o
 .bss.m_app_cdc_acm_data
                0x20000b60       0x88 _build/nrf52840_xxaa/main.c.o
 .bss.m_repeated_timer_id_data
                0x20000be8       0x20 _build/nrf52840_xxaa/main.c.o
 .bss.m_rx_buffer
                0x20000c08        0x1 _build/nrf52840_xxaa/main.c.o
 *fill*         0x20000c09        0x3 
 .bss.m_tx_buffer
                0x20000c0c       0x40 _build/nrf52840_xxaa/main.c.o
 .bss.rx_payload
                0x20000c4c       0x25 _build/nrf52840_xxaa/main.c.o
                0x20000c4c                rx_payload
 .bss.tx_flag   0x20000c71        0x1 _build/nrf52840_xxaa/main.c.o
                0x20000c71                tx_flag
 *fill*         0x20000c72        0x2 
 .bss.__malloc_free_list
                0x20000c74        0x4 c:/program files (x86)/gnu arm embedded toolchain/10 2021.10/bin/../lib/gcc/arm-none-eabi/10.3.1/../../../../arm-none-eabi/lib/thumb/v7e-m+fp/hard\libc_nano.a(lib_a-nano-mallocr.o)
                0x20000c74                __malloc_free_list
 .bss.__malloc_sbrk_start
                0x20000c78        0x4 c:/program files (x86)/gnu arm embedded toolchain/10 2021.10/bin/../lib/gcc/arm-none-eabi/10.3.1/../../../../arm-none-eabi/lib/thumb/v7e-m+fp/hard\libc_nano.a(lib_a-nano-mallocr.o)
                0x20000c78                __malloc_sbrk_start
 .bss.errno     0x20000c7c        0x4 c:/program files (x86)/gnu arm embedded toolchain/10 2021.10/bin/../lib/gcc/arm-none-eabi/10.3.1/../../../../arm-none-eabi/lib/thumb/v7e-m+fp/hard\libc_nano.a(lib_a-reent.o)
                0x20000c7c                errno
 .bss.__lock___malloc_recursive_mutex
                0x20000c80        0x1 c:/program files (x86)/gnu arm embedded toolchain/10 2021.10/bin/../lib/gcc/arm-none-eabi/10.3.1/../../../../arm-none-eabi/lib/thumb/v7e-m+fp/hard\libc_nano.a(lib_a-lock.o)
                0x20000c80                __lock___malloc_recursive_mutex
 *fill*         0x20000c81        0x3 
 .bss.heap_end.0
                0x20000c84        0x4 c:/program files (x86)/gnu arm embedded toolchain/10 2021.10/bin/../lib/gcc/arm-none-eabi/10.3.1/../../../../arm-none-eabi/lib/thumb/v7e-m+fp/hard\libnosys.a(sbrk.o)
 *(COMMON)
                0x20000c88                . = ALIGN (0x4)
                0x20000c88                __bss_end__ = .

.heap           0x20000c88     0x2000
                0x20000c88                __HeapBase = .
                0x20000c88                __end__ = .
                0x20000c88                PROVIDE (end = .)
 *(.heap*)
 .heap          0x20000c88     0x2000 _build/nrf52840_xxaa/gcc_startup_nrf52840.S.o
                0x20002c88                __HeapLimit = .

.stack_dummy    0x20000c88     0x2000
 *(.stack*)
 .stack         0x20000c88     0x2000 _build/nrf52840_xxaa/gcc_startup_nrf52840.S.o
                0x20040000                __StackTop = (ORIGIN (RAM) + LENGTH (RAM))
                0x2003e000                __StackLimit = (__StackTop - SIZEOF (.stack_dummy))
                0x20040000                PROVIDE (__stack = __StackTop)
                0x00000001                ASSERT ((__StackLimit >= __HeapLimit), region RAM overflowed with stack)
                0x00000098                DataInitFlashUsed = (__bss_start__ - __data_start__)
                0x00007dac                CodeFlashUsed = (__etext - ORIGIN (FLASH))
                0x00007e44                TotalFlashUsed = (CodeFlashUsed + DataInitFlashUsed)
                0x00000001                ASSERT ((TotalFlashUsed <= LENGTH (FLASH)), region FLASH overflowed with .data and user data)
OUTPUT(_build/nrf52840_xxaa.out elf32-littlearm)
LOAD linker stubs

.ARM.attributes
                0x00000000       0x30
 .ARM.attributes
                0x00000000       0x1e c:/program files (x86)/gnu arm embedded toolchain/10 2021.10/bin/../lib/gcc/arm-none-eabi/10.3.1/thumb/v7e-m+fp/hard/crti.o
 .ARM.attributes
                0x0000001e       0x34 c:/program files (x86)/gnu arm embedded toolchain/10 2021.10/bin/../lib/gcc/arm-none-eabi/10.3.1/thumb/v7e-m+fp/hard/crtbegin.o
 .ARM.attributes
                0x00000052       0x1c c:/program files (x86)/gnu arm embedded toolchain/10 2021.10/bin/../lib/gcc/arm-none-eabi/10.3.1/../../../../arm-none-eabi/lib/thumb/v7e-m+fp/hard/crt0.o
 .ARM.attributes
                0x0000006e       0x20 _build/nrf52840_xxaa/gcc_startup_nrf52840.S.o
 .ARM.attributes
                0x0000008e       0x34 _build/nrf52840_xxaa/boards.c.o
 .ARM.attributes
                0x000000c2       0x34 _build/nrf52840_xxaa/app_error.c.o
 .ARM.attributes
                0x000000f6       0x34 _build/nrf52840_xxaa/app_error_weak.c.o
 .ARM.attributes
                0x0000012a       0x34 _build/nrf52840_xxaa/app_util_platform.c.o
 .ARM.attributes
                0x0000015e       0x34 _build/nrf52840_xxaa/nrf_atomic.c.o
 .ARM.attributes
                0x00000192       0x34 _build/nrf52840_xxaa/nrf_atfifo.c.o
 .ARM.attributes
                0x000001c6       0x34 _build/nrf52840_xxaa/nrfx_atomic.c.o
 .ARM.attributes
                0x000001fa       0x34 _build/nrf52840_xxaa/nrfx_prs.c.o
 .ARM.attributes
                0x0000022e       0x34 _build/nrf52840_xxaa/nrf_esb.c.o
 .ARM.attributes
                0x00000262       0x34 _build/nrf52840_xxaa/app_timer.c.o
 .ARM.attributes
                0x00000296       0x34 _build/nrf52840_xxaa/nrfx_gpiote.c.o
 .ARM.attributes
                0x000002ca       0x34 _build/nrf52840_xxaa/nrfx_usbd.c.o
 .ARM.attributes
                0x000002fe       0x34 _build/nrf52840_xxaa/nrfx_power.c.o
 .ARM.attributes
                0x00000332       0x34 _build/nrf52840_xxaa/app_usbd.c.o
 .ARM.attributes
                0x00000366       0x34 _build/nrf52840_xxaa/app_usbd_cdc_acm.c.o
 .ARM.attributes
                0x0000039a       0x34 _build/nrf52840_xxaa/app_usbd_core.c.o
 .ARM.attributes
                0x000003ce       0x34 _build/nrf52840_xxaa/app_usbd_serial_num.c.o
 .ARM.attributes
                0x00000402       0x34 _build/nrf52840_xxaa/app_usbd_string_desc.c.o
 .ARM.attributes
                0x00000436       0x34 _build/nrf52840_xxaa/nrf_drv_clock.c.o
 .ARM.attributes
                0x0000046a       0x34 _build/nrf52840_xxaa/nrfx_clock.c.o
 .ARM.attributes
                0x0000049e       0x34 _build/nrf52840_xxaa/nrf_drv_power.c.o
 .ARM.attributes
                0x000004d2       0x34 _build/nrf52840_xxaa/main.c.o
 .ARM.attributes
                0x00000506       0x34 _build/nrf52840_xxaa/system_nrf52840.c.o
 .ARM.attributes
                0x0000053a       0x34 c:/program files (x86)/gnu arm embedded toolchain/10 2021.10/bin/../lib/gcc/arm-none-eabi/10.3.1/../../../../arm-none-eabi/lib/thumb/v7e-m+fp/hard\libc_nano.a(lib_a-exit.o)
 .ARM.attributes
                0x0000056e       0x34 c:/program files (x86)/gnu arm embedded toolchain/10 2021.10/bin/../lib/gcc/arm-none-eabi/10.3.1/../../../../arm-none-eabi/lib/thumb/v7e-m+fp/hard\libc_nano.a(lib_a-impure.o)
 .ARM.attributes
                0x000005a2       0x34 c:/program files (x86)/gnu arm embedded toolchain/10 2021.10/bin/../lib/gcc/arm-none-eabi/10.3.1/../../../../arm-none-eabi/lib/thumb/v7e-m+fp/hard\libc_nano.a(lib_a-init.o)
 .ARM.attributes
                0x000005d6       0x34 c:/program files (x86)/gnu arm embedded toolchain/10 2021.10/bin/../lib/gcc/arm-none-eabi/10.3.1/../../../../arm-none-eabi/lib/thumb/v7e-m+fp/hard\libc_nano.a(lib_a-memcpy-stub.o)
 .ARM.attributes
                0x0000060a       0x34 c:/program files (x86)/gnu arm embedded toolchain/10 2021.10/bin/../lib/gcc/arm-none-eabi/10.3.1/../../../../arm-none-eabi/lib/thumb/v7e-m+fp/hard\libc_nano.a(lib_a-memset.o)
 .ARM.attributes
                0x0000063e       0x34 c:/program files (x86)/gnu arm embedded toolchain/10 2021.10/bin/../lib/gcc/arm-none-eabi/10.3.1/../../../../arm-none-eabi/lib/thumb/v7e-m+fp/hard\libc_nano.a(lib_a-snprintf.o)
 .ARM.attributes
                0x00000672       0x34 c:/program files (x86)/gnu arm embedded toolchain/10 2021.10/bin/../lib/gcc/arm-none-eabi/10.3.1/../../../../arm-none-eabi/lib/thumb/v7e-m+fp/hard\libc_nano.a(lib_a-sprintf.o)
 .ARM.attributes
                0x000006a6       0x17 c:/program files (x86)/gnu arm embedded toolchain/10 2021.10/bin/../lib/gcc/arm-none-eabi/10.3.1/../../../../arm-none-eabi/lib/thumb/v7e-m+fp/hard\libc_nano.a(lib_a-strlen.o)
 .ARM.attributes
                0x000006bd       0x34 c:/program files (x86)/gnu arm embedded toolchain/10 2021.10/bin/../lib/gcc/arm-none-eabi/10.3.1/../../../../arm-none-eabi/lib/thumb/v7e-m+fp/hard\libc_nano.a(lib_a-nano-svfprintf.o)
 .ARM.attributes
                0x000006f1       0x34 c:/program files (x86)/gnu arm embedded toolchain/10 2021.10/bin/../lib/gcc/arm-none-eabi/10.3.1/../../../../arm-none-eabi/lib/thumb/v7e-m+fp/hard\libc_nano.a(lib_a-nano-vfprintf_i.o)
 .ARM.attributes
                0x00000725       0x1c c:/program files (x86)/gnu arm embedded toolchain/10 2021.10/bin/../lib/gcc/arm-none-eabi/10.3.1/../../../../arm-none-eabi/lib/thumb/v7e-m+fp/hard\libc_nano.a(lib_a-memchr.o)
 .ARM.attributes
                0x00000741       0x34 c:/program files (x86)/gnu arm embedded toolchain/10 2021.10/bin/../lib/gcc/arm-none-eabi/10.3.1/../../../../arm-none-eabi/lib/thumb/v7e-m+fp/hard\libc_nano.a(lib_a-memmove.o)
 .ARM.attributes
                0x00000775       0x34 c:/program files (x86)/gnu arm embedded toolchain/10 2021.10/bin/../lib/gcc/arm-none-eabi/10.3.1/../../../../arm-none-eabi/lib/thumb/v7e-m+fp/hard\libc_nano.a(lib_a-nano-freer.o)
 .ARM.attributes
                0x000007a9       0x34 c:/program files (x86)/gnu arm embedded toolchain/10 2021.10/bin/../lib/gcc/arm-none-eabi/10.3.1/../../../../arm-none-eabi/lib/thumb/v7e-m+fp/hard\libc_nano.a(lib_a-nano-mallocr.o)
 .ARM.attributes
                0x000007dd       0x34 c:/program files (x86)/gnu arm embedded toolchain/10 2021.10/bin/../lib/gcc/arm-none-eabi/10.3.1/../../../../arm-none-eabi/lib/thumb/v7e-m+fp/hard\libc_nano.a(lib_a-nano-reallocr.o)
 .ARM.attributes
                0x00000811       0x34 c:/program files (x86)/gnu arm embedded toolchain/10 2021.10/bin/../lib/gcc/arm-none-eabi/10.3.1/../../../../arm-none-eabi/lib/thumb/v7e-m+fp/hard\libc_nano.a(lib_a-sbrkr.o)
 .ARM.attributes
                0x00000845       0x34 c:/program files (x86)/gnu arm embedded toolchain/10 2021.10/bin/../lib/gcc/arm-none-eabi/10.3.1/../../../../arm-none-eabi/lib/thumb/v7e-m+fp/hard\libc_nano.a(lib_a-mlock.o)
 .ARM.attributes
                0x00000879       0x34 c:/program files (x86)/gnu arm embedded toolchain/10 2021.10/bin/../lib/gcc/arm-none-eabi/10.3.1/../../../../arm-none-eabi/lib/thumb/v7e-m+fp/hard\libc_nano.a(lib_a-nano-msizer.o)
 .ARM.attributes
                0x000008ad       0x34 c:/program files (x86)/gnu arm embedded toolchain/10 2021.10/bin/../lib/gcc/arm-none-eabi/10.3.1/../../../../arm-none-eabi/lib/thumb/v7e-m+fp/hard\libc_nano.a(lib_a-reent.o)
 .ARM.attributes
                0x000008e1       0x34 c:/program files (x86)/gnu arm embedded toolchain/10 2021.10/bin/../lib/gcc/arm-none-eabi/10.3.1/../../../../arm-none-eabi/lib/thumb/v7e-m+fp/hard\libc_nano.a(lib_a-lock.o)
 .ARM.attributes
                0x00000915       0x34 c:/program files (x86)/gnu arm embedded toolchain/10 2021.10/bin/../lib/gcc/arm-none-eabi/10.3.1/../../../../arm-none-eabi/lib/thumb/v7e-m+fp/hard\libnosys.a(sbrk.o)
 .ARM.attributes
                0x00000949       0x34 c:/program files (x86)/gnu arm embedded toolchain/10 2021.10/bin/../lib/gcc/arm-none-eabi/10.3.1/../../../../arm-none-eabi/lib/thumb/v7e-m+fp/hard\libnosys.a(_exit.o)
 .ARM.attributes
                0x0000097d       0x34 c:/program files (x86)/gnu arm embedded toolchain/10 2021.10/bin/../lib/gcc/arm-none-eabi/10.3.1/thumb/v7e-m+fp/hard/crtend.o
 .ARM.attributes
                0x000009b1       0x1e c:/program files (x86)/gnu arm embedded toolchain/10 2021.10/bin/../lib/gcc/arm-none-eabi/10.3.1/thumb/v7e-m+fp/hard/crtn.o

.comment        0x00000000       0x49
 .comment       0x00000000       0x49 _build/nrf52840_xxaa/boards.c.o
                                 0x4a (size before relaxing)
 .comment       0x00000049       0x4a _build/nrf52840_xxaa/app_error.c.o
 .comment       0x00000049       0x4a _build/nrf52840_xxaa/app_error_weak.c.o
 .comment       0x00000049       0x4a _build/nrf52840_xxaa/app_util_platform.c.o
 .comment       0x00000049       0x4a _build/nrf52840_xxaa/nrf_atomic.c.o
 .comment       0x00000049       0x4a _build/nrf52840_xxaa/nrf_atfifo.c.o
 .comment       0x00000049       0x4a _build/nrf52840_xxaa/nrfx_atomic.c.o
 .comment       0x00000049       0x4a _build/nrf52840_xxaa/nrfx_prs.c.o
 .comment       0x00000049       0x4a _build/nrf52840_xxaa/nrf_esb.c.o
 .comment       0x00000049       0x4a _build/nrf52840_xxaa/app_timer.c.o
 .comment       0x00000049       0x4a _build/nrf52840_xxaa/nrfx_gpiote.c.o
 .comment       0x00000049       0x4a _build/nrf52840_xxaa/nrfx_usbd.c.o
 .comment       0x00000049       0x4a _build/nrf52840_xxaa/nrfx_power.c.o
 .comment       0x00000049       0x4a _build/nrf52840_xxaa/app_usbd.c.o
 .comment       0x00000049       0x4a _build/nrf52840_xxaa/app_usbd_cdc_acm.c.o
 .comment       0x00000049       0x4a _build/nrf52840_xxaa/app_usbd_core.c.o
 .comment       0x00000049       0x4a _build/nrf52840_xxaa/app_usbd_serial_num.c.o
 .comment       0x00000049       0x4a _build/nrf52840_xxaa/app_usbd_string_desc.c.o
 .comment       0x00000049       0x4a _build/nrf52840_xxaa/nrf_drv_clock.c.o
 .comment       0x00000049       0x4a _build/nrf52840_xxaa/nrfx_clock.c.o
 .comment       0x00000049       0x4a _build/nrf52840_xxaa/nrf_drv_power.c.o
 .comment       0x00000049       0x4a _build/nrf52840_xxaa/main.c.o
 .comment       0x00000049       0x4a _build/nrf52840_xxaa/system_nrf52840.c.o

.debug_line     0x00000000    0x237d3
 .debug_line    0x00000000       0x8c _build/nrf52840_xxaa/gcc_startup_nrf52840.S.o
 .debug_line    0x0000008c     0x10d0 _build/nrf52840_xxaa/boards.c.o
 .debug_line    0x0000115c      0x5e4 _build/nrf52840_xxaa/app_error.c.o
 .debug_line    0x00001740      0x7cd _build/nrf52840_xxaa/app_error_weak.c.o
 .debug_line    0x00001f0d      0x6b0 _build/nrf52840_xxaa/app_util_platform.c.o
 .debug_line    0x000025bd      0x8ea _build/nrf52840_xxaa/nrf_atomic.c.o
 .debug_line    0x00002ea7      0xa8b _build/nrf52840_xxaa/nrf_atfifo.c.o
 .debug_line    0x00003932      0xad3 _build/nrf52840_xxaa/nrfx_atomic.c.o
 .debug_line    0x00004405      0x982 _build/nrf52840_xxaa/nrfx_prs.c.o
 .debug_line    0x00004d87     0x34ce _build/nrf52840_xxaa/nrf_esb.c.o
 .debug_line    0x00008255     0x17f1 _build/nrf52840_xxaa/app_timer.c.o
 .debug_line    0x00009a46     0x2b4c _build/nrf52840_xxaa/nrfx_gpiote.c.o
 .debug_line    0x0000c592     0x67ed _build/nrf52840_xxaa/nrfx_usbd.c.o
 .debug_line    0x00012d7f     0x10db _build/nrf52840_xxaa/nrfx_power.c.o
 .debug_line    0x00013e5a     0x445e _build/nrf52840_xxaa/app_usbd.c.o
 .debug_line    0x000182b8     0x3689 _build/nrf52840_xxaa/app_usbd_cdc_acm.c.o
 .debug_line    0x0001b941     0x1a38 _build/nrf52840_xxaa/app_usbd_core.c.o
 .debug_line    0x0001d379      0x9f2 _build/nrf52840_xxaa/app_usbd_serial_num.c.o
 .debug_line    0x0001dd6b      0xae9 _build/nrf52840_xxaa/app_usbd_string_desc.c.o
 .debug_line    0x0001e854      0xe50 _build/nrf52840_xxaa/nrf_drv_clock.c.o
 .debug_line    0x0001f6a4     0x10f5 _build/nrf52840_xxaa/nrfx_clock.c.o
 .debug_line    0x00020799      0xa02 _build/nrf52840_xxaa/nrf_drv_power.c.o
 .debug_line    0x0002119b     0x1d04 _build/nrf52840_xxaa/main.c.o
 .debug_line    0x00022e9f      0x934 _build/nrf52840_xxaa/system_nrf52840.c.o

.debug_info     0x00000000    0x2ca2c
 .debug_info    0x00000000       0x26 _build/nrf52840_xxaa/gcc_startup_nrf52840.S.o
 .debug_info    0x00000026      0xf10 _build/nrf52840_xxaa/boards.c.o
 .debug_info    0x00000f36      0x2c3 _build/nrf52840_xxaa/app_error.c.o
 .debug_info    0x000011f9      0x3b0 _build/nrf52840_xxaa/app_error_weak.c.o
 .debug_info    0x000015a9      0x82c _build/nrf52840_xxaa/app_util_platform.c.o
 .debug_info    0x00001dd5      0xae3 _build/nrf52840_xxaa/nrf_atomic.c.o
 .debug_info    0x000028b8      0xb5d _build/nrf52840_xxaa/nrf_atfifo.c.o
 .debug_info    0x00003415      0xad2 _build/nrf52840_xxaa/nrfx_atomic.c.o
 .debug_info    0x00003ee7      0x778 _build/nrf52840_xxaa/nrfx_prs.c.o
 .debug_info    0x0000465f     0x35c1 _build/nrf52840_xxaa/nrf_esb.c.o
 .debug_info    0x00007c20     0x222f _build/nrf52840_xxaa/app_timer.c.o
 .debug_info    0x00009e4f     0x3c8e _build/nrf52840_xxaa/nrfx_gpiote.c.o
 .debug_info    0x0000dadd     0x74c7 _build/nrf52840_xxaa/nrfx_usbd.c.o
 .debug_info    0x00014fa4     0x1c74 _build/nrf52840_xxaa/nrfx_power.c.o
 .debug_info    0x00016c18     0x6bf3 _build/nrf52840_xxaa/app_usbd.c.o
 .debug_info    0x0001d80b     0x348e _build/nrf52840_xxaa/app_usbd_cdc_acm.c.o
 .debug_info    0x00020c99     0x3713 _build/nrf52840_xxaa/app_usbd_core.c.o
 .debug_info    0x000243ac      0x6ab _build/nrf52840_xxaa/app_usbd_serial_num.c.o
 .debug_info    0x00024a57      0x7fb _build/nrf52840_xxaa/app_usbd_string_desc.c.o
 .debug_info    0x00025252      0xeb8 _build/nrf52840_xxaa/nrf_drv_clock.c.o
 .debug_info    0x0002610a     0x143a _build/nrf52840_xxaa/nrfx_clock.c.o
 .debug_info    0x00027544      0x7f8 _build/nrf52840_xxaa/nrf_drv_power.c.o
 .debug_info    0x00027d3c     0x3414 _build/nrf52840_xxaa/main.c.o
 .debug_info    0x0002b150     0x18dc _build/nrf52840_xxaa/system_nrf52840.c.o

.debug_abbrev   0x00000000     0x5426
 .debug_abbrev  0x00000000       0x14 _build/nrf52840_xxaa/gcc_startup_nrf52840.S.o
 .debug_abbrev  0x00000014      0x323 _build/nrf52840_xxaa/boards.c.o
 .debug_abbrev  0x00000337      0x13b _build/nrf52840_xxaa/app_error.c.o
 .debug_abbrev  0x00000472      0x185 _build/nrf52840_xxaa/app_error_weak.c.o
 .debug_abbrev  0x000005f7      0x260 _build/nrf52840_xxaa/app_util_platform.c.o
 .debug_abbrev  0x00000857      0x205 _build/nrf52840_xxaa/nrf_atomic.c.o
 .debug_abbrev  0x00000a5c      0x287 _build/nrf52840_xxaa/nrf_atfifo.c.o
 .debug_abbrev  0x00000ce3      0x205 _build/nrf52840_xxaa/nrfx_atomic.c.o
 .debug_abbrev  0x00000ee8      0x259 _build/nrf52840_xxaa/nrfx_prs.c.o
 .debug_abbrev  0x00001141      0x5ae _build/nrf52840_xxaa/nrf_esb.c.o
 .debug_abbrev  0x000016ef      0x48c _build/nrf52840_xxaa/app_timer.c.o
 .debug_abbrev  0x00001b7b      0x4b8 _build/nrf52840_xxaa/nrfx_gpiote.c.o
 .debug_abbrev  0x00002033      0x6bd _build/nrf52840_xxaa/nrfx_usbd.c.o
 .debug_abbrev  0x000026f0      0x511 _build/nrf52840_xxaa/nrfx_power.c.o
 .debug_abbrev  0x00002c01      0x61d _build/nrf52840_xxaa/app_usbd.c.o
 .debug_abbrev  0x0000321e      0x4f3 _build/nrf52840_xxaa/app_usbd_cdc_acm.c.o
 .debug_abbrev  0x00003711      0x54b _build/nrf52840_xxaa/app_usbd_core.c.o
 .debug_abbrev  0x00003c5c      0x22c _build/nrf52840_xxaa/app_usbd_serial_num.c.o
 .debug_abbrev  0x00003e88      0x211 _build/nrf52840_xxaa/app_usbd_string_desc.c.o
 .debug_abbrev  0x00004099      0x437 _build/nrf52840_xxaa/nrf_drv_clock.c.o
 .debug_abbrev  0x000044d0      0x48d _build/nrf52840_xxaa/nrfx_clock.c.o
 .debug_abbrev  0x0000495d      0x252 _build/nrf52840_xxaa/nrf_drv_power.c.o
 .debug_abbrev  0x00004baf      0x556 _build/nrf52840_xxaa/main.c.o
 .debug_abbrev  0x00005105      0x321 _build/nrf52840_xxaa/system_nrf52840.c.o

.debug_aranges  0x00000000      0xd50
 .debug_aranges
                0x00000000       0x20 _build/nrf52840_xxaa/gcc_startup_nrf52840.S.o
 .debug_aranges
                0x00000020       0x78 _build/nrf52840_xxaa/boards.c.o
 .debug_aranges
                0x00000098       0x28 _build/nrf52840_xxaa/app_error.c.o
 .debug_aranges
                0x000000c0       0x20 _build/nrf52840_xxaa/app_error_weak.c.o
 .debug_aranges
                0x000000e0       0x48 _build/nrf52840_xxaa/app_util_platform.c.o
 .debug_aranges
                0x00000128       0xb0 _build/nrf52840_xxaa/nrf_atomic.c.o
 .debug_aranges
                0x000001d8       0x58 _build/nrf52840_xxaa/nrf_atfifo.c.o
 .debug_aranges
                0x00000230       0xb0 _build/nrf52840_xxaa/nrfx_atomic.c.o
 .debug_aranges
                0x000002e0       0x30 _build/nrf52840_xxaa/nrfx_prs.c.o
 .debug_aranges
                0x00000310      0x140 _build/nrf52840_xxaa/nrf_esb.c.o
 .debug_aranges
                0x00000450       0x70 _build/nrf52840_xxaa/app_timer.c.o
 .debug_aranges
                0x000004c0       0xf8 _build/nrf52840_xxaa/nrfx_gpiote.c.o
 .debug_aranges
                0x000005b8      0x260 _build/nrf52840_xxaa/nrfx_usbd.c.o
 .debug_aranges
                0x00000818       0xa8 _build/nrf52840_xxaa/nrfx_power.c.o
 .debug_aranges
                0x000008c0      0x180 _build/nrf52840_xxaa/app_usbd.c.o
 .debug_aranges
                0x00000a40       0x78 _build/nrf52840_xxaa/app_usbd_cdc_acm.c.o
 .debug_aranges
                0x00000ab8       0x68 _build/nrf52840_xxaa/app_usbd_core.c.o
 .debug_aranges
                0x00000b20       0x20 _build/nrf52840_xxaa/app_usbd_serial_num.c.o
 .debug_aranges
                0x00000b40       0x20 _build/nrf52840_xxaa/app_usbd_string_desc.c.o
 .debug_aranges
                0x00000b60       0x80 _build/nrf52840_xxaa/nrf_drv_clock.c.o
 .debug_aranges
                0x00000be0       0x78 _build/nrf52840_xxaa/nrfx_clock.c.o
 .debug_aranges
                0x00000c58       0x60 _build/nrf52840_xxaa/nrf_drv_power.c.o
 .debug_aranges
                0x00000cb8       0x60 _build/nrf52840_xxaa/main.c.o
 .debug_aranges
                0x00000d18       0x38 _build/nrf52840_xxaa/system_nrf52840.c.o

.debug_str      0x00000000    0xaa4a1
 .debug_str     0x00000000       0xc4 _build/nrf52840_xxaa/gcc_startup_nrf52840.S.o
 .debug_str     0x000000c4    0x87be9 _build/nrf52840_xxaa/boards.c.o
                              0x88fd7 (size before relaxing)
 .debug_str     0x00087cad      0x119 _build/nrf52840_xxaa/app_error.c.o
                              0x79e69 (size before relaxing)
 .debug_str     0x00087dc6     0x304a _build/nrf52840_xxaa/app_error_weak.c.o
                              0x87652 (size before relaxing)
 .debug_str     0x0008ae10      0x485 _build/nrf52840_xxaa/app_util_platform.c.o
                              0x7a6d8 (size before relaxing)
 .debug_str     0x0008b295      0x73f _build/nrf52840_xxaa/nrf_atomic.c.o
                              0x8440b (size before relaxing)
 .debug_str     0x0008b9d4      0x641 _build/nrf52840_xxaa/nrf_atfifo.c.o
                              0x869b7 (size before relaxing)
 .debug_str     0x0008c015      0x714 _build/nrf52840_xxaa/nrfx_atomic.c.o
                              0x87ee8 (size before relaxing)
 .debug_str     0x0008c729      0x7b3 _build/nrf52840_xxaa/nrfx_prs.c.o
                              0x8ab6b (size before relaxing)
 .debug_str     0x0008cedc     0x1b76 _build/nrf52840_xxaa/nrf_esb.c.o
                              0x89e8b (size before relaxing)
 .debug_str     0x0008ea52     0x1453 _build/nrf52840_xxaa/app_timer.c.o
                              0x89694 (size before relaxing)
 .debug_str     0x0008fea5     0x17e5 _build/nrf52840_xxaa/nrfx_gpiote.c.o
                              0x8c851 (size before relaxing)
 .debug_str     0x0009168a     0xa1f0 _build/nrf52840_xxaa/nrfx_usbd.c.o
                              0x954ba (size before relaxing)
 .debug_str     0x0009b87a      0xf6b _build/nrf52840_xxaa/nrfx_power.c.o
                              0x88d78 (size before relaxing)
 .debug_str     0x0009c7e5     0x50ce _build/nrf52840_xxaa/app_usbd.c.o
                              0x98e08 (size before relaxing)
 .debug_str     0x000a18b3     0x3a08 _build/nrf52840_xxaa/app_usbd_cdc_acm.c.o
                              0x9a55f (size before relaxing)
 .debug_str     0x000a52bb     0x10d2 _build/nrf52840_xxaa/app_usbd_core.c.o
                              0x988eb (size before relaxing)
 .debug_str     0x000a638d      0x214 _build/nrf52840_xxaa/app_usbd_serial_num.c.o
                              0x94c11 (size before relaxing)
 .debug_str     0x000a65a1     0x14b8 _build/nrf52840_xxaa/app_usbd_string_desc.c.o
                              0x9525d (size before relaxing)
 .debug_str     0x000a7a59      0x727 _build/nrf52840_xxaa/nrf_drv_clock.c.o
                              0x8addf (size before relaxing)
 .debug_str     0x000a8180      0x42a _build/nrf52840_xxaa/nrfx_clock.c.o
                              0x8b485 (size before relaxing)
 .debug_str     0x000a85aa      0x154 _build/nrf52840_xxaa/nrf_drv_power.c.o
                              0x88d51 (size before relaxing)
 .debug_str     0x000a86fe     0x1aa5 _build/nrf52840_xxaa/main.c.o
                              0x9ce57 (size before relaxing)
 .debug_str     0x000aa1a3      0x2fe _build/nrf52840_xxaa/system_nrf52840.c.o
                              0x7ea5e (size before relaxing)

.debug_loc      0x00000000    0x18993
 .debug_loc     0x00000000      0xe10 _build/nrf52840_xxaa/boards.c.o
 .debug_loc     0x00000e10       0xc8 _build/nrf52840_xxaa/app_error.c.o
 .debug_loc     0x00000ed8       0x4a _build/nrf52840_xxaa/app_error_weak.c.o
 .debug_loc     0x00000f22      0x11a _build/nrf52840_xxaa/app_util_platform.c.o
 .debug_loc     0x0000103c      0x587 _build/nrf52840_xxaa/nrf_atomic.c.o
 .debug_loc     0x000015c3      0x716 _build/nrf52840_xxaa/nrf_atfifo.c.o
 .debug_loc     0x00001cd9      0x571 _build/nrf52840_xxaa/nrfx_atomic.c.o
 .debug_loc     0x0000224a      0x10e _build/nrf52840_xxaa/nrfx_prs.c.o
 .debug_loc     0x00002358     0x161f _build/nrf52840_xxaa/nrf_esb.c.o
 .debug_loc     0x00003977     0x14e0 _build/nrf52840_xxaa/app_timer.c.o
 .debug_loc     0x00004e57     0x32f2 _build/nrf52840_xxaa/nrfx_gpiote.c.o
 .debug_loc     0x00008149     0x37de _build/nrf52840_xxaa/nrfx_usbd.c.o
 .debug_loc     0x0000b927      0x651 _build/nrf52840_xxaa/nrfx_power.c.o
 .debug_loc     0x0000bf78     0x456b _build/nrf52840_xxaa/app_usbd.c.o
 .debug_loc     0x000104e3     0x4b4c _build/nrf52840_xxaa/app_usbd_cdc_acm.c.o
 .debug_loc     0x0001502f     0x16c7 _build/nrf52840_xxaa/app_usbd_core.c.o
 .debug_loc     0x000166f6       0xbf _build/nrf52840_xxaa/app_usbd_serial_num.c.o
 .debug_loc     0x000167b5      0x244 _build/nrf52840_xxaa/app_usbd_string_desc.c.o
 .debug_loc     0x000169f9      0x360 _build/nrf52840_xxaa/nrf_drv_clock.c.o
 .debug_loc     0x00016d59      0x3ba _build/nrf52840_xxaa/nrfx_clock.c.o
 .debug_loc     0x00017113       0xf7 _build/nrf52840_xxaa/nrf_drv_power.c.o
 .debug_loc     0x0001720a     0x1577 _build/nrf52840_xxaa/main.c.o
 .debug_loc     0x00018781      0x212 _build/nrf52840_xxaa/system_nrf52840.c.o

.debug_ranges   0x00000000     0xab90
 .debug_ranges  0x00000000      0x870 _build/nrf52840_xxaa/boards.c.o
 .debug_ranges  0x00000870       0x18 _build/nrf52840_xxaa/app_error.c.o
 .debug_ranges  0x00000888       0x10 _build/nrf52840_xxaa/app_error_weak.c.o
 .debug_ranges  0x00000898       0x38 _build/nrf52840_xxaa/app_util_platform.c.o
 .debug_ranges  0x000008d0      0x228 _build/nrf52840_xxaa/nrf_atomic.c.o
 .debug_ranges  0x00000af8      0x1a8 _build/nrf52840_xxaa/nrf_atfifo.c.o
 .debug_ranges  0x00000ca0      0x228 _build/nrf52840_xxaa/nrfx_atomic.c.o
 .debug_ranges  0x00000ec8       0x38 _build/nrf52840_xxaa/nrfx_prs.c.o
 .debug_ranges  0x00000f00      0xc38 _build/nrf52840_xxaa/nrf_esb.c.o
 .debug_ranges  0x00001b38      0x800 _build/nrf52840_xxaa/app_timer.c.o
 .debug_ranges  0x00002338      0xfd8 _build/nrf52840_xxaa/nrfx_gpiote.c.o
 .debug_ranges  0x00003310     0x3190 _build/nrf52840_xxaa/nrfx_usbd.c.o
 .debug_ranges  0x000064a0      0x368 _build/nrf52840_xxaa/nrfx_power.c.o
 .debug_ranges  0x00006808     0x1a08 _build/nrf52840_xxaa/app_usbd.c.o
 .debug_ranges  0x00008210      0xec8 _build/nrf52840_xxaa/app_usbd_cdc_acm.c.o
 .debug_ranges  0x000090d8      0x680 _build/nrf52840_xxaa/app_usbd_core.c.o
 .debug_ranges  0x00009758       0x28 _build/nrf52840_xxaa/app_usbd_serial_num.c.o
 .debug_ranges  0x00009780       0x48 _build/nrf52840_xxaa/app_usbd_string_desc.c.o
 .debug_ranges  0x000097c8      0x178 _build/nrf52840_xxaa/nrf_drv_clock.c.o
 .debug_ranges  0x00009940      0x308 _build/nrf52840_xxaa/nrfx_clock.c.o
 .debug_ranges  0x00009c48       0x68 _build/nrf52840_xxaa/nrf_drv_power.c.o
 .debug_ranges  0x00009cb0      0xda0 _build/nrf52840_xxaa/main.c.o
 .debug_ranges  0x0000aa50      0x140 _build/nrf52840_xxaa/system_nrf52840.c.o

.debug_macro    0x00000000     0x999a
 .debug_macro   0x00000000      0x34c _build/nrf52840_xxaa/boards.c.o
 .debug_macro   0x0000034c       0xfb _build/nrf52840_xxaa/boards.c.o
 .debug_macro   0x00000447       0x40 _build/nrf52840_xxaa/boards.c.o
 .debug_macro   0x00000487      0x462 _build/nrf52840_xxaa/boards.c.o
 .debug_macro   0x000008e9       0x59 _build/nrf52840_xxaa/boards.c.o
 .debug_macro   0x00000942      0x1fb _build/nrf52840_xxaa/boards.c.o
 .debug_macro   0x00000b3d      0x14e _build/nrf52840_xxaa/boards.c.o
 .debug_macro   0x00000c8b       0x3f _build/nrf52840_xxaa/boards.c.o
 .debug_macro   0x00000cca       0x16 _build/nrf52840_xxaa/boards.c.o
 .debug_macro   0x00000ce0       0x10 _build/nrf52840_xxaa/boards.c.o
 .debug_macro   0x00000cf0       0xbe _build/nrf52840_xxaa/boards.c.o
 .debug_macro   0x00000dae       0x16 _build/nrf52840_xxaa/boards.c.o
 .debug_macro   0x00000dc4      0x129 _build/nrf52840_xxaa/boards.c.o
 .debug_macro   0x00000eed       0x49 _build/nrf52840_xxaa/boards.c.o
 .debug_macro   0x00000f36       0x8c _build/nrf52840_xxaa/boards.c.o
 .debug_macro   0x00000fc2       0x19 _build/nrf52840_xxaa/boards.c.o
 .debug_macro   0x00000fdb       0x1d _build/nrf52840_xxaa/boards.c.o
 .debug_macro   0x00000ff8       0x35 _build/nrf52840_xxaa/boards.c.o
 .debug_macro   0x0000102d       0x7b _build/nrf52840_xxaa/boards.c.o
 .debug_macro   0x000010a8       0x3a _build/nrf52840_xxaa/boards.c.o
 .debug_macro   0x000010e2       0x1c _build/nrf52840_xxaa/boards.c.o
 .debug_macro   0x000010fe       0x1c _build/nrf52840_xxaa/boards.c.o
 .debug_macro   0x0000111a       0x20 _build/nrf52840_xxaa/boards.c.o
 .debug_macro   0x0000113a       0x1c _build/nrf52840_xxaa/boards.c.o
 .debug_macro   0x00001156      0x208 _build/nrf52840_xxaa/boards.c.o
 .debug_macro   0x0000135e      0x16d _build/nrf52840_xxaa/boards.c.o
 .debug_macro   0x000014cb      0x21d _build/nrf52840_xxaa/app_error.c.o
 .debug_macro   0x000016e8       0x97 _build/nrf52840_xxaa/app_error.c.o
 .debug_macro   0x0000177f       0xf6 _build/nrf52840_xxaa/app_error.c.o
 .debug_macro   0x00001875      0x324 _build/nrf52840_xxaa/app_error_weak.c.o
 .debug_macro   0x00001b99       0x16 _build/nrf52840_xxaa/app_error_weak.c.o
 .debug_macro   0x00001baf       0x31 _build/nrf52840_xxaa/app_error_weak.c.o
 .debug_macro   0x00001be0       0x16 _build/nrf52840_xxaa/app_error_weak.c.o
 .debug_macro   0x00001bf6       0x55 _build/nrf52840_xxaa/app_error_weak.c.o
 .debug_macro   0x00001c4b      0x17f _build/nrf52840_xxaa/app_error_weak.c.o