Archive member included to satisfy reference by file (symbol)

c:/program files (x86)/gnu arm embedded toolchain/10 2021.10/bin/../lib/gcc/arm-none-eabi/10.3.1/../../../../arm-none-eabi/lib/thumb/v7e-m+fp/hard\libc_nano.a(lib_a-exit.o)
                              c:/program files (x86)/gnu arm embedded toolchain/10 2021.10/bin/../lib/gcc/arm-none-eabi/10.3.1/../../../../arm-none-eabi/lib/thumb/v7e-m+fp/hard/crt0.o (exit)
c:/program files (x86)/gnu arm embedded toolchain/10 2021.10/bin/../lib/gcc/arm-none-eabi/10.3.1/../../../../arm-none-eabi/lib/thumb/v7e-m+fp/hard\libc_nano.a(lib_a-impure.o)
                              c:/program files (x86)/gnu arm embedded toolchain/10 2021.10/bin/../lib/gcc/arm-none-eabi/10.3.1/../../../../arm-none-eabi/lib/thumb/v7e-m+fp/hard\libc_nano.a(lib_a-exit.o) (_global_impure_ptr)
c:/program files (x86)/gnu arm embedded toolchain/10 2021.10/bin/../lib/gcc/arm-none-eabi/10.3.1/../../../../arm-none-eabi/lib/thumb/v7e-m+fp/hard\libc_nano.a(lib_a-init.o)
                              c:/program files (x86)/gnu arm embedded toolchain/10 2021.10/bin/../lib/gcc/arm-none-eabi/10.3.1/../../../../arm-none-eabi/lib/thumb/v7e-m+fp/hard/crt0.o (__libc_init_array)
c:/program files (x86)/gnu arm embedded toolchain/10 2021.10/bin/../lib/gcc/arm-none-eabi/10.3.1/../../../../arm-none-eabi/lib/thumb/v7e-m+fp/hard\libc_nano.a(lib_a-memcpy-stub.o)
                              _build/nrf52840_xxaa/nrf_memobj.c.o (memcpy)
c:/program files (x86)/gnu arm embedded toolchain/10 2021.10/bin/../lib/gcc/arm-none-eabi/10.3.1/../../../../arm-none-eabi/lib/thumb/v7e-m+fp/hard\libc_nano.a(lib_a-memset.o)
                              c:/program files (x86)/gnu arm embedded toolchain/10 2021.10/bin/../lib/gcc/arm-none-eabi/10.3.1/../../../../arm-none-eabi/lib/thumb/v7e-m+fp/hard/crt0.o (memset)
c:/program files (x86)/gnu arm embedded toolchain/10 2021.10/bin/../lib/gcc/arm-none-eabi/10.3.1/../../../../arm-none-eabi/lib/thumb/v7e-m+fp/hard\libc_nano.a(lib_a-strcpy.o)
                              _build/nrf52840_xxaa/SEGGER_RTT.c.o (strcpy)
c:/program files (x86)/gnu arm embedded toolchain/10 2021.10/bin/../lib/gcc/arm-none-eabi/10.3.1/../../../../arm-none-eabi/lib/thumb/v7e-m+fp/hard\libc_nano.a(lib_a-strlen.o)
                              _build/nrf52840_xxaa/nrf_fprintf_format.c.o (strlen)
c:/program files (x86)/gnu arm embedded toolchain/10 2021.10/bin/../lib/gcc/arm-none-eabi/10.3.1/../../../../arm-none-eabi/lib/thumb/v7e-m+fp/hard\libnosys.a(_exit.o)
                              c:/program files (x86)/gnu arm embedded toolchain/10 2021.10/bin/../lib/gcc/arm-none-eabi/10.3.1/../../../../arm-none-eabi/lib/thumb/v7e-m+fp/hard\libc_nano.a(lib_a-exit.o) (_exit)

Discarded input sections

 .text          0x00000000        0x0 c:/program files (x86)/gnu arm embedded toolchain/10 2021.10/bin/../lib/gcc/arm-none-eabi/10.3.1/thumb/v7e-m+fp/hard/crti.o
 .data          0x00000000        0x0 c:/program files (x86)/gnu arm embedded toolchain/10 2021.10/bin/../lib/gcc/arm-none-eabi/10.3.1/thumb/v7e-m+fp/hard/crti.o
 .bss           0x00000000        0x0 c:/program files (x86)/gnu arm embedded toolchain/10 2021.10/bin/../lib/gcc/arm-none-eabi/10.3.1/thumb/v7e-m+fp/hard/crti.o
 .data          0x00000000        0x4 c:/program files (x86)/gnu arm embedded toolchain/10 2021.10/bin/../lib/gcc/arm-none-eabi/10.3.1/thumb/v7e-m+fp/hard/crtbegin.o
 .rodata        0x00000000       0x24 c:/program files (x86)/gnu arm embedded toolchain/10 2021.10/bin/../lib/gcc/arm-none-eabi/10.3.1/thumb/v7e-m+fp/hard/crtbegin.o
 .data          0x00000000        0x0 c:/program files (x86)/gnu arm embedded toolchain/10 2021.10/bin/../lib/gcc/arm-none-eabi/10.3.1/../../../../arm-none-eabi/lib/thumb/v7e-m+fp/hard/crt0.o
 .bss           0x00000000        0x0 c:/program files (x86)/gnu arm embedded toolchain/10 2021.10/bin/../lib/gcc/arm-none-eabi/10.3.1/../../../../arm-none-eabi/lib/thumb/v7e-m+fp/hard/crt0.o
 .ARM.extab     0x00000000        0x0 c:/program files (x86)/gnu arm embedded toolchain/10 2021.10/bin/../lib/gcc/arm-none-eabi/10.3.1/../../../../arm-none-eabi/lib/thumb/v7e-m+fp/hard/crt0.o
 .data          0x00000000        0x0 _build/nrf52840_xxaa/gcc_startup_nrf52840.S.o
 .bss           0x00000000        0x0 _build/nrf52840_xxaa/gcc_startup_nrf52840.S.o
 .group         0x00000000        0xc _build/nrf52840_xxaa/nrf_log_backend_rtt.c.o
 .group         0x00000000        0xc _build/nrf52840_xxaa/nrf_log_backend_rtt.c.o
 .group         0x00000000        0xc _build/nrf52840_xxaa/nrf_log_backend_rtt.c.o
 .group         0x00000000        0xc _build/nrf52840_xxaa/nrf_log_backend_rtt.c.o
 .group         0x00000000        0xc _build/nrf52840_xxaa/nrf_log_backend_rtt.c.o
 .group         0x00000000        0xc _build/nrf52840_xxaa/nrf_log_backend_rtt.c.o
 .group         0x00000000        0xc _build/nrf52840_xxaa/nrf_log_backend_rtt.c.o
 .group         0x00000000        0xc _build/nrf52840_xxaa/nrf_log_backend_rtt.c.o
[...]
Memory Configuration

Name             Origin             Length             Attributes
FLASH            0x00000000         0x00100000         xr
RAM              0x20000000         0x00040000         xrw
*default*        0x00000000         0xffffffff

Linker script and memory map


.text           0x00000000     0x25c0
 *(.isr_vector)
 .isr_vector    0x00000000      0x200 _build/nrf52840_xxaa/gcc_startup_nrf52840.S.o
                0x00000000                __isr_vector
 *(.text*)
 .text          0x00000200       0x40 c:/program files (x86)/gnu arm embedded toolchain/10 2021.10/bin/../lib/gcc/arm-none-eabi/10.3.1/thumb/v7e-m+fp/hard/crtbegin.o
 .text          0x00000240       0x7c c:/program files (x86)/gnu arm embedded toolchain/10 2021.10/bin/../lib/gcc/arm-none-eabi/10.3.1/../../../../arm-none-eabi/lib/thumb/v7e-m+fp/hard/crt0.o
                0x00000240                _stack_init
                0x00000248                _start
                0x00000248                _mainCRTStartup
 .text          0x000002bc       0x3c _build/nrf52840_xxaa/gcc_startup_nrf52840.S.o
                0x000002bc                Reset_Handler
                0x000002e4                NMI_Handler
                0x000002e6                HardFault_Handler
                0x000002e8                MemoryManagement_Handler
                0x000002ea                BusFault_Handler
                0x000002ec                UsageFault_Handler
                0x000002ee                SVC_Handler
                0x000002f0                DebugMon_Handler
                0x000002f2                PendSV_Handler
                0x000002f4                SysTick_Handler
                0x000002f6                PDM_IRQHandler
                0x000002f6                TEMP_IRQHandler
                0x000002f6                QDEC_IRQHandler
                0x000002f6                TIMER3_IRQHandler
                0x000002f6                PWM3_IRQHandler
                0x000002f6                FPU_IRQHandler
                0x000002f6                USBD_IRQHandler
                0x000002f6                SPIM0_SPIS0_TWIM0_TWIS0_SPI0_TWI0_IRQHandler
                0x000002f6                PWM1_IRQHandler
                0x000002f6                TIMER4_IRQHandler
                0x000002f6                CRYPTOCELL_IRQHandler
                0x000002f6                POWER_CLOCK_IRQHandler
                0x000002f6                SWI4_EGU4_IRQHandler
                0x000002f6                GPIOTE_IRQHandler
                0x000002f6                UARTE1_IRQHandler
                0x000002f6                SPIM3_IRQHandler
                0x000002f6                PWM2_IRQHandler
                0x000002f6                ECB_IRQHandler
                0x000002f6                SPIM1_SPIS1_TWIM1_TWIS1_SPI1_TWI1_IRQHandler
                0x000002f6                Default_Handler
                0x000002f6                SAADC_IRQHandler
                0x000002f6                CCM_AAR_IRQHandler
                0x000002f6                WDT_IRQHandler
                0x000002f6                I2S_IRQHandler
                0x000002f6                SWI5_EGU5_IRQHandler
                0x000002f6                RTC2_IRQHandler
                0x000002f6                PWM0_IRQHandler
                0x000002f6                SWI3_EGU3_IRQHandler
                0x000002f6                RTC1_IRQHandler
                0x000002f6                SWI1_EGU1_IRQHandler
                0x000002f6                SPIM2_SPIS2_SPI2_IRQHandler
                0x000002f6                NFCT_IRQHandler
                0x000002f6                SWI2_EGU2_IRQHandler
                0x000002f6                MWU_IRQHandler
                0x000002f6                RTC0_IRQHandler
                0x000002f6                QSPI_IRQHandler
                0x000002f6                COMP_LPCOMP_IRQHandler
 .text.bsp_board_led_on
                0x000002f8       0x24 _build/nrf52840_xxaa/boards.c.o
                0x000002f8                bsp_board_led_on
 .text.bsp_board_led_off
                0x0000031c       0x24 _build/nrf52840_xxaa/boards.c.o
                0x0000031c                bsp_board_led_off
 .text.bsp_board_leds_on
                0x00000340       0x2c _build/nrf52840_xxaa/boards.c.o
                0x00000340                bsp_board_leds_on
 .text.bsp_board_led_invert
                0x0000036c       0x34 _build/nrf52840_xxaa/boards.c.o
                0x0000036c                bsp_board_led_invert
 .text.bsp_board_init
                0x000003a0       0x60 _build/nrf52840_xxaa/boards.c.o
                0x000003a0                bsp_board_init
 .text.app_error_handler_bare
                0x00000400       0x20 _build/nrf52840_xxaa/app_error.c.o
                0x00000400                app_error_handler_bare
 .text.app_error_fault_handler
                0x00000420       0x30 _build/nrf52840_xxaa/app_error_weak.c.o
                0x00000420                app_error_fault_handler
 .text.app_util_critical_region_enter
                0x00000450       0x10 _build/nrf52840_xxaa/app_util_platform.c.o
                0x00000450                app_util_critical_region_enter
 .text.app_util_critical_region_exit
                0x00000460       0x14 _build/nrf52840_xxaa/app_util_platform.c.o
                0x00000460                app_util_critical_region_exit
 .text.UARTE0_UART0_IRQHandler
                0x00000474        0xc _build/nrf52840_xxaa/nrfx_prs.c.o
                0x00000474                UARTE0_UART0_IRQHandler
 .text.nrfx_timer_init
                0x00000480      0x104 _build/nrf52840_xxaa/nrfx_timer.c.o
                0x00000480                nrfx_timer_init
 .text.nrfx_timer_enable
                0x00000584       0x1c _build/nrf52840_xxaa/nrfx_timer.c.o
                0x00000584                nrfx_timer_enable
 .text.nrfx_timer_disable
                0x000005a0       0x1c _build/nrf52840_xxaa/nrfx_timer.c.o
                0x000005a0                nrfx_timer_disable
 .text.nrfx_timer_is_enabled
                0x000005bc       0x20 _build/nrf52840_xxaa/nrfx_timer.c.o
                0x000005bc                nrfx_timer_is_enabled
 .text.nrfx_timer_resume
                0x000005dc        0x8 _build/nrf52840_xxaa/nrfx_timer.c.o
                0x000005dc                nrfx_timer_resume
 .text.nrfx_timer_pause
                0x000005e4        0x8 _build/nrf52840_xxaa/nrfx_timer.c.o
                0x000005e4                nrfx_timer_pause
 .text.nrfx_timer_clear
                0x000005ec        0x8 _build/nrf52840_xxaa/nrfx_timer.c.o
                0x000005ec                nrfx_timer_clear
 .text.nrfx_timer_extended_compare
                0x000005f4       0x64 _build/nrf52840_xxaa/nrfx_timer.c.o
                0x000005f4                nrfx_timer_extended_compare
 .text.TIMER0_IRQHandler
                0x00000658       0x58 _build/nrf52840_xxaa/nrfx_timer.c.o
                0x00000658                TIMER0_IRQHandler
 .text.TIMER1_IRQHandler
                0x000006b0       0x58 _build/nrf52840_xxaa/nrfx_timer.c.o
                0x000006b0                TIMER1_IRQHandler
 .text.TIMER2_IRQHandler
                0x00000708       0x58 _build/nrf52840_xxaa/nrfx_timer.c.o
                0x00000708                TIMER2_IRQHandler
 .text.SystemInit
                0x00000760      0x25c _build/nrf52840_xxaa/system_nrf52.c.o
                0x00000760                SystemInit
 .text.update_rf_payload_format_esb_dpl
                0x000009bc       0x2c _build/nrf52840_xxaa/nrf_esb_beta.c.o
 .text.update_rf_payload_format_esb
                0x000009e8       0x2c _build/nrf52840_xxaa/nrf_esb_beta.c.o
 .text.on_radio_disabled_tx
                0x00000a14       0x90 _build/nrf52840_xxaa/nrf_esb_beta.c.o
 .text.rx_fifo_push_rfbuf
                0x00000aa4       0x9c _build/nrf52840_xxaa/nrf_esb_beta.c.o
 .text.start_tx_transaction
                0x00000b40      0x138 _build/nrf52840_xxaa/nrf_esb_beta.c.o
 .text.on_radio_disabled_tx_wait_for_ack
                0x00000c78      0x1a8 _build/nrf52840_xxaa/nrf_esb_beta.c.o
 .text.on_radio_disabled_tx_noack
                0x00000e20       0x78 _build/nrf52840_xxaa/nrf_esb_beta.c.o
 .text.on_radio_disabled_rx
                0x00000e98      0x160 _build/nrf52840_xxaa/nrf_esb_beta.c.o
 .text.nrf_esb_skip_tx
                0x00000ff8       0x50 _build/nrf52840_xxaa/nrf_esb_beta.c.o
                0x00000ff8                nrf_esb_skip_tx
 .text.RADIO_IRQHandler
                0x00001048       0x54 _build/nrf52840_xxaa/nrf_esb_beta.c.o
                0x00001048                RADIO_IRQHandler
 .text.nrf_esb_init
                0x0000109c      0x34c _build/nrf52840_xxaa/nrf_esb_beta.c.o
                0x0000109c                nrf_esb_init
 .text.nrf_esb_suspend
                0x000013e8       0x28 _build/nrf52840_xxaa/nrf_esb_beta.c.o
                0x000013e8                nrf_esb_suspend
 .text.SWI0_EGU0_IRQHandler
                0x00001410       0x74 _build/nrf52840_xxaa/nrf_esb_beta.c.o
                0x00001410                SWI0_EGU0_IRQHandler
 .text.nrf_esb_write_payload
                0x00001484      0x1bc _build/nrf52840_xxaa/nrf_esb_beta.c.o
                0x00001484                nrf_esb_write_payload
 .text.nrf_esb_read_rx_payload
                0x00001640       0x78 _build/nrf52840_xxaa/nrf_esb_beta.c.o
                0x00001640                nrf_esb_read_rx_payload
 .text.nrf_esb_start_tx
                0x000016b8      0x164 _build/nrf52840_xxaa/nrf_esb_beta.c.o
                0x000016b8                nrf_esb_start_tx
 .text.nrf_esb_start_rx
                0x0000181c       0x90 _build/nrf52840_xxaa/nrf_esb_beta.c.o
                0x0000181c                nrf_esb_start_rx
 .text.nrf_esb_stop_rx
                0x000018ac       0x50 _build/nrf52840_xxaa/nrf_esb_beta.c.o
                0x000018ac                nrf_esb_stop_rx
 .text.nrf_esb_flush_tx
                0x000018fc       0x34 _build/nrf52840_xxaa/nrf_esb_beta.c.o
                0x000018fc                nrf_esb_flush_tx
 .text.nrf_esb_flush_rx
                0x00001930       0x48 _build/nrf52840_xxaa/nrf_esb_beta.c.o
                0x00001930                nrf_esb_flush_rx
 .text.nrf_esb_set_base_address_0
                0x00001978       0x40 _build/nrf52840_xxaa/nrf_esb_beta.c.o
                0x00001978                nrf_esb_set_base_address_0
 .text.nrf_esb_set_base_address_1
                0x000019b8       0x40 _build/nrf52840_xxaa/nrf_esb_beta.c.o
                0x000019b8                nrf_esb_set_base_address_1
 .text.nrf_esb_set_prefixes
                0x000019f8       0x64 _build/nrf52840_xxaa/nrf_esb_beta.c.o
                0x000019f8                nrf_esb_set_prefixes
 .text.nrf_esb_set_rf_channel
                0x00001a5c       0x28 _build/nrf52840_xxaa/nrf_esb_beta.c.o
                0x00001a5c                nrf_esb_set_rf_channel
 .text.nrfx_rng_handler
                0x00001a84       0x30 _build/nrf52840_xxaa/nrf_drv_rng.c.o
 .text.nrf_drv_rng_init
                0x00001ab4       0x48 _build/nrf52840_xxaa/nrf_drv_rng.c.o
                0x00001ab4                nrf_drv_rng_init
 .text.nrf_drv_rng_bytes_available
                0x00001afc       0x14 _build/nrf52840_xxaa/nrf_drv_rng.c.o
                0x00001afc                nrf_drv_rng_bytes_available
 .text.nrf_drv_rng_rand
                0x00001b10       0x20 _build/nrf52840_xxaa/nrf_drv_rng.c.o
                0x00001b10                nrf_drv_rng_rand
 .text.nrfx_rng_init
                0x00001b30       0x60 _build/nrf52840_xxaa/nrfx_rng.c.o
                0x00001b30                nrfx_rng_init
 .text.nrfx_rng_start
                0x00001b90       0x24 _build/nrf52840_xxaa/nrfx_rng.c.o
                0x00001b90                nrfx_rng_start
 .text.nrfx_rng_stop
                0x00001bb4       0x10 _build/nrf52840_xxaa/nrfx_rng.c.o
                0x00001bb4                nrfx_rng_stop
 .text.RNG_IRQHandler
                0x00001bc4       0x28 _build/nrf52840_xxaa/nrfx_rng.c.o
                0x00001bc4                RNG_IRQHandler
 .text.nrf_queue_is_full
                0x00001bec       0x1c _build/nrf52840_xxaa/nrf_queue.c.o
                0x00001bec                nrf_queue_is_full
 .text.nrf_queue_push
                0x00001c08       0xd8 _build/nrf52840_xxaa/nrf_queue.c.o
                0x00001c08                nrf_queue_push
 .text.nrf_queue_read
                0x00001ce0       0xa0 _build/nrf52840_xxaa/nrf_queue.c.o
                0x00001ce0                nrf_queue_read
 .text.nrf_queue_utilization_get
                0x00001d80       0x34 _build/nrf52840_xxaa/nrf_queue.c.o
                0x00001d80                nrf_queue_utilization_get
 .text.timer_esb_entry_event_handler
                0x00001db4        0xc _build/nrf52840_xxaa/main.c.o
                0x00001db4                timer_esb_entry_event_handler
 .text.timer_60s_event_handler
                0x00001dc0       0x1c _build/nrf52840_xxaa/main.c.o
                0x00001dc0                timer_60s_event_handler
 .text.timer_esb_event_handler
                0x00001ddc       0x24 _build/nrf52840_xxaa/main.c.o
                0x00001ddc                timer_esb_event_handler
 .text.nrf_esb_event_handler
                0x00001e00       0x94 _build/nrf52840_xxaa/main.c.o
                0x00001e00                nrf_esb_event_handler
 .text.VDD_nRF_init.part.0
                0x00001e94       0x58 _build/nrf52840_xxaa/main.c.o
 .text.esb_init
                0x00001eec       0x78 _build/nrf52840_xxaa/main.c.o
                0x00001eec                esb_init
 .text.startup.main
                0x00001f64      0x530 _build/nrf52840_xxaa/main.c.o
                0x00001f64                main
 .text.exit     0x00002494       0x28 c:/program files (x86)/gnu arm embedded toolchain/10 2021.10/bin/../lib/gcc/arm-none-eabi/10.3.1/../../../../arm-none-eabi/lib/thumb/v7e-m+fp/hard\libc_nano.a(lib_a-exit.o)
                0x00002494                exit
 .text.__libc_init_array
                0x000024bc       0x48 c:/program files (x86)/gnu arm embedded toolchain/10 2021.10/bin/../lib/gcc/arm-none-eabi/10.3.1/../../../../arm-none-eabi/lib/thumb/v7e-m+fp/hard\libc_nano.a(lib_a-init.o)
                0x000024bc                __libc_init_array
 .text.memcpy   0x00002504       0x1c c:/program files (x86)/gnu arm embedded toolchain/10 2021.10/bin/../lib/gcc/arm-none-eabi/10.3.1/../../../../arm-none-eabi/lib/thumb/v7e-m+fp/hard\libc_nano.a(lib_a-memcpy-stub.o)
                0x00002504                memcpy
 .text.memset   0x00002520       0x10 c:/program files (x86)/gnu arm embedded toolchain/10 2021.10/bin/../lib/gcc/arm-none-eabi/10.3.1/../../../../arm-none-eabi/lib/thumb/v7e-m+fp/hard\libc_nano.a(lib_a-memset.o)
                0x00002520                memset
 .text._exit    0x00002530        0x4 c:/program files (x86)/gnu arm embedded toolchain/10 2021.10/bin/../lib/gcc/arm-none-eabi/10.3.1/../../../../arm-none-eabi/lib/thumb/v7e-m+fp/hard\libnosys.a(_exit.o)
                0x00002530                _exit
 *(.init)
 .init          0x00002534        0x4 c:/program files (x86)/gnu arm embedded toolchain/10 2021.10/bin/../lib/gcc/arm-none-eabi/10.3.1/thumb/v7e-m+fp/hard/crti.o
                0x00002534                _init
 .init          0x00002538        0x8 c:/program files (x86)/gnu arm embedded toolchain/10 2021.10/bin/../lib/gcc/arm-none-eabi/10.3.1/thumb/v7e-m+fp/hard/crtn.o
 *(.fini)
 .fini          0x00002540        0x4 c:/program files (x86)/gnu arm embedded toolchain/10 2021.10/bin/../lib/gcc/arm-none-eabi/10.3.1/thumb/v7e-m+fp/hard/crti.o
                0x00002540                _fini
 .fini          0x00002544        0x8 c:/program files (x86)/gnu arm embedded toolchain/10 2021.10/bin/../lib/gcc/arm-none-eabi/10.3.1/thumb/v7e-m+fp/hard/crtn.o
 *crtbegin.o(.ctors)
 *crtbegin?.o(.ctors)
 *(EXCLUDE_FILE(*crtend.o *crtend?.o) .ctors)
 *(SORT_BY_NAME(.ctors.*))
 *(.ctors)
 *crtbegin.o(.dtors)
 *crtbegin?.o(.dtors)
 *(EXCLUDE_FILE(*crtend.o *crtend?.o) .dtors)
 *(SORT_BY_NAME(.dtors.*))
 *(.dtors)
 *(.rodata*)
 .rodata.m_board_led_list
                0x0000254c        0x4 _build/nrf52840_xxaa/boards.c.o
 .rodata.CSWTCH.15
                0x00002550        0x6 _build/nrf52840_xxaa/system_nrf52.c.o
 *fill*         0x00002556        0x2 
 .rodata.CSWTCH.6
                0x00002558        0x6 _build/nrf52840_xxaa/system_nrf52.c.o
 *fill*         0x0000255e        0x2 
 .rodata.m_default_config
                0x00002560        0x2 _build/nrf52840_xxaa/nrf_drv_rng.c.o
 *fill*         0x00002562        0x2 
 .rodata.esb_init.str1.4
                0x00002564        0x9 _build/nrf52840_xxaa/main.c.o
 *fill*         0x0000256d        0x3 
 .rodata        0x00002570       0x20 _build/nrf52840_xxaa/main.c.o
 .rodata.CD_60s
                0x00002590        0x8 _build/nrf52840_xxaa/main.c.o
 .rodata.TIMER_ESB
                0x00002598        0x8 _build/nrf52840_xxaa/main.c.o
 .rodata.TIMER_ESB_ENTRY
                0x000025a0        0x8 _build/nrf52840_xxaa/main.c.o
 *fill*         0x000025a8        0x8 
 .rodata.delay_machine_code.0
                0x000025b0        0x6 _build/nrf52840_xxaa/main.c.o
 *fill*         0x000025b6        0x2 
 .rodata._global_impure_ptr
                0x000025b8        0x4 c:/program files (x86)/gnu arm embedded toolchain/10 2021.10/bin/../lib/gcc/arm-none-eabi/10.3.1/../../../../arm-none-eabi/lib/thumb/v7e-m+fp/hard\libc_nano.a(lib_a-impure.o)
                0x000025b8                _global_impure_ptr
 *(.eh_frame*)
 .eh_frame      0x000025bc        0x0 c:/program files (x86)/gnu arm embedded toolchain/10 2021.10/bin/../lib/gcc/arm-none-eabi/10.3.1/thumb/v7e-m+fp/hard/crtbegin.o
 .eh_frame      0x000025bc        0x4 c:/program files (x86)/gnu arm embedded toolchain/10 2021.10/bin/../lib/gcc/arm-none-eabi/10.3.1/thumb/v7e-m+fp/hard/crtend.o

.nrf_queue      0x000025c0       0x14
 .nrf_queue     0x000025c0       0x14 _build/nrf52840_xxaa/nrf_drv_rng.c.o
                0x000025c0                m_rand_pool

.glue_7         0x000025d4        0x0
 .glue_7        0x000025d4        0x0 linker stubs

.glue_7t        0x000025d4        0x0
 .glue_7t       0x000025d4        0x0 linker stubs

.vfp11_veneer   0x000025d4        0x0
 .vfp11_veneer  0x000025d4        0x0 linker stubs

.v4_bx          0x000025d4        0x0
 .v4_bx         0x000025d4        0x0 linker stubs

.iplt           0x000025d4        0x0
 .iplt          0x000025d4        0x0 c:/program files (x86)/gnu arm embedded toolchain/10 2021.10/bin/../lib/gcc/arm-none-eabi/10.3.1/thumb/v7e-m+fp/hard/crtbegin.o

.mem_section_dummy_rom

.log_const_data
                0x000025d4        0x0
                [!provide]                PROVIDE (__start_log_const_data = .)
 *(SORT_BY_NAME(.log_const_data*))
                [!provide]                PROVIDE (__stop_log_const_data = .)

.log_backends   0x000025d4        0x0
                [!provide]                PROVIDE (__start_log_backends = .)
 *(SORT_BY_NAME(.log_backends*))
                [!provide]                PROVIDE (__stop_log_backends = .)

.nrf_balloc     0x000025d4        0x0
                [!provide]                PROVIDE (__start_nrf_balloc = .)
 *(.nrf_balloc)
                [!provide]                PROVIDE (__stop_nrf_balloc = .)

.ARM.extab
 *(.ARM.extab* .gnu.linkonce.armextab.*)
                0x000025d4                __exidx_start = .

.ARM.exidx      0x000025d4        0x8
 *(.ARM.exidx* .gnu.linkonce.armexidx.*)
 .ARM.exidx     0x000025d4        0x8 c:/program files (x86)/gnu arm embedded toolchain/10 2021.10/bin/../lib/gcc/arm-none-eabi/10.3.1/../../../../arm-none-eabi/lib/thumb/v7e-m+fp/hard/crt0.o
                                 0x10 (size before relaxing)
                0x000025dc                __exidx_end = .

.rel.dyn        0x000025dc        0x0
 .rel.iplt      0x000025dc        0x0 c:/program files (x86)/gnu arm embedded toolchain/10 2021.10/bin/../lib/gcc/arm-none-eabi/10.3.1/thumb/v7e-m+fp/hard/crtbegin.o
                0x000025dc                . = ALIGN (0x4)
                0x000025dc                __etext = .

.data           0x20000000       0xb0 load address 0x000025dc
                0x20000000                __data_start__ = .
 *(vtable)
 *(.data*)
 .data.SystemCoreClock
                0x20000000        0x4 _build/nrf52840_xxaa/system_nrf52.c.o
                0x20000000                SystemCoreClock
 .data.m_esb_addr
                0x20000004       0x14 _build/nrf52840_xxaa/nrf_esb_beta.c.o
 .data.m_radio_shorts_common
                0x20000018        0x4 _build/nrf52840_xxaa/nrf_esb_beta.c.o
 .data.check_now
                0x2000001c        0x2 _build/nrf52840_xxaa/main.c.o
 .data.entry_flag
                0x2000001e        0x1 _build/nrf52840_xxaa/main.c.o
 .data.entry_flagger
                0x2000001f        0x1 _build/nrf52840_xxaa/main.c.o
                0x2000001f                entry_flagger
 .data.tx_payload
                0x20000020       0x25 _build/nrf52840_xxaa/main.c.o
 *fill*         0x20000045        0x3 
 .data.impure_data
                0x20000048       0x60 c:/program files (x86)/gnu arm embedded toolchain/10 2021.10/bin/../lib/gcc/arm-none-eabi/10.3.1/../../../../arm-none-eabi/lib/thumb/v7e-m+fp/hard\libc_nano.a(lib_a-impure.o)
                0x200000a8                . = ALIGN (0x4)
                0x200000a8                PROVIDE (__preinit_array_start = .)
 *(.preinit_array)
                0x200000a8                PROVIDE (__preinit_array_end = .)
                0x200000a8                . = ALIGN (0x4)
                0x200000a8                PROVIDE (__init_array_start = .)
 *(SORT_BY_NAME(.init_array.*))
 *(.init_array)
 .init_array    0x200000a8        0x4 c:/program files (x86)/gnu arm embedded toolchain/10 2021.10/bin/../lib/gcc/arm-none-eabi/10.3.1/thumb/v7e-m+fp/hard/crtbegin.o
                0x200000ac                PROVIDE (__init_array_end = .)
                0x200000ac                . = ALIGN (0x4)
                [!provide]                PROVIDE (__fini_array_start = .)
 *(SORT_BY_NAME(.fini_array.*))
 *(.fini_array)
 .fini_array    0x200000ac        0x4 c:/program files (x86)/gnu arm embedded toolchain/10 2021.10/bin/../lib/gcc/arm-none-eabi/10.3.1/thumb/v7e-m+fp/hard/crtbegin.o
                [!provide]                PROVIDE (__fini_array_end = .)
 *(.jcr*)
                0x200000b0                . = ALIGN (0x4)
                0x200000b0                __data_end__ = .
LOAD c:/program files (x86)/gnu arm embedded toolchain/10 2021.10/bin/../lib/gcc/arm-none-eabi/10.3.1/thumb/v7e-m+fp/hard/crti.o
LOAD c:/program files (x86)/gnu arm embedded toolchain/10 2021.10/bin/../lib/gcc/arm-none-eabi/10.3.1/thumb/v7e-m+fp/hard/crtbegin.o
LOAD c:/program files (x86)/gnu arm embedded toolchain/10 2021.10/bin/../lib/gcc/arm-none-eabi/10.3.1/../../../../arm-none-eabi/lib/thumb/v7e-m+fp/hard/crt0.o
LOAD _build/nrf52840_xxaa/gcc_startup_nrf52840.S.o
LOAD _build/nrf52840_xxaa/nrf_log_backend_rtt.c.o
LOAD _build/nrf52840_xxaa/nrf_log_backend_serial.c.o
LOAD _build/nrf52840_xxaa/nrf_log_backend_uart.c.o
LOAD _build/nrf52840_xxaa/nrf_log_default_backends.c.o
LOAD _build/nrf52840_xxaa/nrf_log_frontend.c.o
LOAD _build/nrf52840_xxaa/nrf_log_str_formatter.c.o
LOAD _build/nrf52840_xxaa/boards.c.o
LOAD _build/nrf52840_xxaa/app_error.c.o
LOAD _build/nrf52840_xxaa/app_error_handler_gcc.c.o
LOAD _build/nrf52840_xxaa/app_error_weak.c.o
LOAD _build/nrf52840_xxaa/app_util_platform.c.o
LOAD _build/nrf52840_xxaa/nrf_assert.c.o
LOAD _build/nrf52840_xxaa/nrf_atomic.c.o
LOAD _build/nrf52840_xxaa/nrf_balloc.c.o
LOAD _build/nrf52840_xxaa/nrf_fprintf.c.o
LOAD _build/nrf52840_xxaa/nrf_fprintf_format.c.o
LOAD _build/nrf52840_xxaa/nrf_memobj.c.o
LOAD _build/nrf52840_xxaa/nrf_ringbuf.c.o
LOAD _build/nrf52840_xxaa/nrf_strerror.c.o
LOAD _build/nrf52840_xxaa/nrf_drv_uart.c.o
LOAD _build/nrf52840_xxaa/nrfx_atomic.c.o
LOAD _build/nrf52840_xxaa/nrfx_prs.c.o
LOAD _build/nrf52840_xxaa/nrfx_uart.c.o
LOAD _build/nrf52840_xxaa/nrfx_uarte.c.o
LOAD _build/nrf52840_xxaa/nrfx_timer.c.o
LOAD _build/nrf52840_xxaa/system_nrf52.c.o
LOAD _build/nrf52840_xxaa/nrf_esb_beta.c.o
LOAD _build/nrf52840_xxaa/nrf_drv_rng.c.o
LOAD _build/nrf52840_xxaa/nrfx_rng.c.o
LOAD _build/nrf52840_xxaa/nrf_queue.c.o
LOAD _build/nrf52840_xxaa/main.c.o
LOAD _build/nrf52840_xxaa/SEGGER_RTT.c.o
LOAD _build/nrf52840_xxaa/SEGGER_RTT_Syscalls_GCC.c.o
LOAD _build/nrf52840_xxaa/SEGGER_RTT_printf.c.o
LOAD c:/program files (x86)/gnu arm embedded toolchain/10 2021.10/bin/../lib/gcc/arm-none-eabi/10.3.1/../../../../arm-none-eabi/lib/thumb/v7e-m+fp/hard\libc_nano.a
LOAD c:/program files (x86)/gnu arm embedded toolchain/10 2021.10/bin/../lib/gcc/arm-none-eabi/10.3.1/../../../../arm-none-eabi/lib/thumb/v7e-m+fp/hard\libnosys.a
LOAD c:/program files (x86)/gnu arm embedded toolchain/10 2021.10/bin/../lib/gcc/arm-none-eabi/10.3.1/../../../../arm-none-eabi/lib/thumb/v7e-m+fp/hard\libm.a
START GROUP
LOAD c:/program files (x86)/gnu arm embedded toolchain/10 2021.10/bin/../lib/gcc/arm-none-eabi/10.3.1/thumb/v7e-m+fp/hard\libgcc.a
LOAD c:/program files (x86)/gnu arm embedded toolchain/10 2021.10/bin/../lib/gcc/arm-none-eabi/10.3.1/../../../../arm-none-eabi/lib/thumb/v7e-m+fp/hard\libg_nano.a
LOAD c:/program files (x86)/gnu arm embedded toolchain/10 2021.10/bin/../lib/gcc/arm-none-eabi/10.3.1/../../../../arm-none-eabi/lib/thumb/v7e-m+fp/hard\libc_nano.a
END GROUP
START GROUP
LOAD c:/program files (x86)/gnu arm embedded toolchain/10 2021.10/bin/../lib/gcc/arm-none-eabi/10.3.1/thumb/v7e-m+fp/hard\libgcc.a
LOAD c:/program files (x86)/gnu arm embedded toolchain/10 2021.10/bin/../lib/gcc/arm-none-eabi/10.3.1/../../../../arm-none-eabi/lib/thumb/v7e-m+fp/hard\libc_nano.a
END GROUP
LOAD c:/program files (x86)/gnu arm embedded toolchain/10 2021.10/bin/../lib/gcc/arm-none-eabi/10.3.1/thumb/v7e-m+fp/hard/crtend.o
LOAD c:/program files (x86)/gnu arm embedded toolchain/10 2021.10/bin/../lib/gcc/arm-none-eabi/10.3.1/thumb/v7e-m+fp/hard/crtn.o
START GROUP
LOAD c:/program files (x86)/gnu arm embedded toolchain/10 2021.10/bin/../lib/gcc/arm-none-eabi/10.3.1/thumb/v7e-m+fp/hard\libgcc.a
LOAD c:/program files (x86)/gnu arm embedded toolchain/10 2021.10/bin/../lib/gcc/arm-none-eabi/10.3.1/../../../../arm-none-eabi/lib/thumb/v7e-m+fp/hard\libc.a
LOAD c:/program files (x86)/gnu arm embedded toolchain/10 2021.10/bin/../lib/gcc/arm-none-eabi/10.3.1/../../../../arm-none-eabi/lib/thumb/v7e-m+fp/hard\libnosys.a
END GROUP

.igot.plt       0x200000b0        0x0 load address 0x0000268c
 .igot.plt      0x200000b0        0x0 c:/program files (x86)/gnu arm embedded toolchain/10 2021.10/bin/../lib/gcc/arm-none-eabi/10.3.1/thumb/v7e-m+fp/hard/crtbegin.o
                0x200000b0                . = ALIGN (0x4)

.mem_section_dummy_ram

.log_dynamic_data
                0x200000b0        0x0
                [!provide]                PROVIDE (__start_log_dynamic_data = .)
 *(SORT_BY_NAME(.log_dynamic_data*))
                [!provide]                PROVIDE (__stop_log_dynamic_data = .)

.log_filter_data
                0x200000b0        0x0
                [!provide]                PROVIDE (__start_log_filter_data = .)
 *(SORT_BY_NAME(.log_filter_data*))
                [!provide]                PROVIDE (__stop_log_filter_data = .)

.bss            0x200000b0      0x4b8 load address 0x00002690
                0x200000b0                . = ALIGN (0x4)
                0x200000b0                __bss_start__ = .
 *(.bss*)
 .bss           0x200000b0       0x1c c:/program files (x86)/gnu arm embedded toolchain/10 2021.10/bin/../lib/gcc/arm-none-eabi/10.3.1/thumb/v7e-m+fp/hard/crtbegin.o
 .bss.m_in_critical_region
                0x200000cc        0x4 _build/nrf52840_xxaa/app_util_platform.c.o
 .bss.m_prs_box_4
                0x200000d0        0x8 _build/nrf52840_xxaa/nrfx_prs.c.o
 .bss.m_cb      0x200000d8       0x24 _build/nrf52840_xxaa/nrfx_timer.c.o
 .bss.m_ack_pl_container
                0x200000fc       0x60 _build/nrf52840_xxaa/nrf_esb_beta.c.o
                0x200000fc                m_ack_pl_container
 *fill*         0x2000015c        0x4 
 .bss.m_ack_pl_container_entry_point_pr_pipe
                0x20000160       0x20 _build/nrf52840_xxaa/nrf_esb_beta.c.o
                0x20000160                m_ack_pl_container_entry_point_pr_pipe
 .bss.m_config_local
                0x20000180       0x18 _build/nrf52840_xxaa/nrf_esb_beta.c.o
 .bss.m_esb_initialized
                0x20000198        0x1 _build/nrf52840_xxaa/nrf_esb_beta.c.o
 *fill*         0x20000199        0x3 
 .bss.m_event_handler
                0x2000019c        0x4 _build/nrf52840_xxaa/nrf_esb_beta.c.o
 .bss.m_interrupt_flags
                0x200001a0        0x4 _build/nrf52840_xxaa/nrf_esb_beta.c.o
 .bss.m_last_tx_attempts
                0x200001a4        0x4 _build/nrf52840_xxaa/nrf_esb_beta.c.o
 .bss.m_nrf_esb_mainstate
                0x200001a8        0x1 _build/nrf52840_xxaa/nrf_esb_beta.c.o
 *fill*         0x200001a9        0x3 
 .bss.m_pids    0x200001ac        0x8 _build/nrf52840_xxaa/nrf_esb_beta.c.o
 .bss.m_retransmits_remaining
                0x200001b4        0x4 _build/nrf52840_xxaa/nrf_esb_beta.c.o
 .bss.m_rx_fifo
                0x200001b8       0x2c _build/nrf52840_xxaa/nrf_esb_beta.c.o
 .bss.m_rx_fifo_payload
                0x200001e4      0x128 _build/nrf52840_xxaa/nrf_esb_beta.c.o
 .bss.m_rx_payload_buffer
                0x2000030c       0x22 _build/nrf52840_xxaa/nrf_esb_beta.c.o
 *fill*         0x2000032e        0x2 
 .bss.m_rx_pipe_info
                0x20000330       0x20 _build/nrf52840_xxaa/nrf_esb_beta.c.o
 .bss.m_tx_fifo
                0x20000350       0x2c _build/nrf52840_xxaa/nrf_esb_beta.c.o
 .bss.m_tx_fifo_payload
                0x2000037c      0x128 _build/nrf52840_xxaa/nrf_esb_beta.c.o
 .bss.m_tx_payload_buffer
                0x200004a4       0x22 _build/nrf52840_xxaa/nrf_esb_beta.c.o
 *fill*         0x200004c6        0x2 
 .bss.m_wait_for_ack_timeout_us
                0x200004c8        0x4 _build/nrf52840_xxaa/nrf_esb_beta.c.o
 .bss.mp_current_payload
                0x200004cc        0x4 _build/nrf52840_xxaa/nrf_esb_beta.c.o
 .bss.on_radio_disabled
                0x200004d0        0x4 _build/nrf52840_xxaa/nrf_esb_beta.c.o
 .bss.update_rf_payload_format
                0x200004d4        0x4 _build/nrf52840_xxaa/nrf_esb_beta.c.o
 .bss.m_rand_pool_nrf_queue_buffer
                0x200004d8       0x41 _build/nrf52840_xxaa/nrf_drv_rng.c.o
 *fill*         0x20000519        0x3 
 .bss.m_rand_pool_nrf_queue_cb
                0x2000051c        0xc _build/nrf52840_xxaa/nrf_drv_rng.c.o
 .bss.m_rng_cb  0x20000528        0x3 _build/nrf52840_xxaa/nrf_drv_rng.c.o
 *fill*         0x2000052b        0x1 
 .bss.m_rng_hndl
                0x2000052c        0x4 _build/nrf52840_xxaa/nrfx_rng.c.o
 .bss.m_rng_state
                0x20000530        0x1 _build/nrf52840_xxaa/nrfx_rng.c.o
 .bss.beta_id   0x20000531        0x1 _build/nrf52840_xxaa/main.c.o
                0x20000531                beta_id
 .bss.beta_id_flag
                0x20000532        0x1 _build/nrf52840_xxaa/main.c.o
                0x20000532                beta_id_flag
 *fill*         0x20000533        0x1 
 .bss.count_fail
                0x20000534        0x2 _build/nrf52840_xxaa/main.c.o
 .bss.count_send
                0x20000536        0x2 _build/nrf52840_xxaa/main.c.o
 .bss.count_success
                0x20000538        0x2 _build/nrf52840_xxaa/main.c.o
 *fill*         0x2000053a        0x2 
 .bss.rf_channel
                0x2000053c        0x4 _build/nrf52840_xxaa/main.c.o
                0x2000053c                rf_channel
 .bss.rx_payload
                0x20000540       0x25 _build/nrf52840_xxaa/main.c.o
 .bss.state     0x20000565        0x1 _build/nrf52840_xxaa/main.c.o
 *(COMMON)
                0x20000568                . = ALIGN (0x4)
 *fill*         0x20000566        0x2 
                0x20000568                __bss_end__ = .

.heap           0x20000568     0x2000
                0x20000568                __HeapBase = .
                0x20000568                __end__ = .
                [!provide]                PROVIDE (end = .)
 *(.heap*)
 .heap          0x20000568     0x2000 _build/nrf52840_xxaa/gcc_startup_nrf52840.S.o
                0x20002568                __HeapLimit = .

.stack_dummy    0x20000568     0x2000
 *(.stack*)
 .stack         0x20000568     0x2000 _build/nrf52840_xxaa/gcc_startup_nrf52840.S.o
                0x20040000                __StackTop = (ORIGIN (RAM) + LENGTH (RAM))
                0x2003e000                __StackLimit = (__StackTop - SIZEOF (.stack_dummy))
                0x20040000                PROVIDE (__stack = __StackTop)
                0x00000001                ASSERT ((__StackLimit >= __HeapLimit), region RAM overflowed with stack)
                0x000000b0                DataInitFlashUsed = (__bss_start__ - __data_start__)
                0x000025dc                CodeFlashUsed = (__etext - ORIGIN (FLASH))
                0x0000268c                TotalFlashUsed = (CodeFlashUsed + DataInitFlashUsed)
                0x00000001                ASSERT ((TotalFlashUsed <= LENGTH (FLASH)), region FLASH overflowed with .data and user data)
OUTPUT(_build/nrf52840_xxaa.out elf32-littlearm)
LOAD linker stubs

.ARM.attributes
                0x00000000       0x30
 .ARM.attributes
                0x00000000       0x1e c:/program files (x86)/gnu arm embedded toolchain/10 2021.10/bin/../lib/gcc/arm-none-eabi/10.3.1/thumb/v7e-m+fp/hard/crti.o
 .ARM.attributes
                0x0000001e       0x34 c:/program files (x86)/gnu arm embedded toolchain/10 2021.10/bin/../lib/gcc/arm-none-eabi/10.3.1/thumb/v7e-m+fp/hard/crtbegin.o
 .ARM.attributes
                0x00000052       0x1c c:/program files (x86)/gnu arm embedded toolchain/10 2021.10/bin/../lib/gcc/arm-none-eabi/10.3.1/../../../../arm-none-eabi/lib/thumb/v7e-m+fp/hard/crt0.o
 .ARM.attributes
                0x0000006e       0x20 _build/nrf52840_xxaa/gcc_startup_nrf52840.S.o
 .ARM.attributes
                0x0000008e       0x34 _build/nrf52840_xxaa/boards.c.o
 .ARM.attributes
                0x000000c2       0x34 _build/nrf52840_xxaa/app_error.c.o
 .ARM.attributes
                0x000000f6       0x34 _build/nrf52840_xxaa/app_error_weak.c.o
 .ARM.attributes
                0x0000012a       0x34 _build/nrf52840_xxaa/app_util_platform.c.o
 .ARM.attributes
                0x0000015e       0x34 _build/nrf52840_xxaa/nrfx_prs.c.o
 .ARM.attributes
                0x00000192       0x34 _build/nrf52840_xxaa/nrfx_timer.c.o
 .ARM.attributes
                0x000001c6       0x34 _build/nrf52840_xxaa/system_nrf52.c.o
 .ARM.attributes
                0x000001fa       0x34 _build/nrf52840_xxaa/nrf_esb_beta.c.o
 .ARM.attributes
                0x0000022e       0x34 _build/nrf52840_xxaa/nrf_drv_rng.c.o
 .ARM.attributes
                0x00000262       0x34 _build/nrf52840_xxaa/nrfx_rng.c.o
 .ARM.attributes
                0x00000296       0x34 _build/nrf52840_xxaa/nrf_queue.c.o
 .ARM.attributes
                0x000002ca       0x34 _build/nrf52840_xxaa/main.c.o
 .ARM.attributes
                0x000002fe       0x34 c:/program files (x86)/gnu arm embedded toolchain/10 2021.10/bin/../lib/gcc/arm-none-eabi/10.3.1/../../../../arm-none-eabi/lib/thumb/v7e-m+fp/hard\libc_nano.a(lib_a-exit.o)
 .ARM.attributes
                0x00000332       0x34 c:/program files (x86)/gnu arm embedded toolchain/10 2021.10/bin/../lib/gcc/arm-none-eabi/10.3.1/../../../../arm-none-eabi/lib/thumb/v7e-m+fp/hard\libc_nano.a(lib_a-impure.o)
 .ARM.attributes
                0x00000366       0x34 c:/program files (x86)/gnu arm embedded toolchain/10 2021.10/bin/../lib/gcc/arm-none-eabi/10.3.1/../../../../arm-none-eabi/lib/thumb/v7e-m+fp/hard\libc_nano.a(lib_a-init.o)
 .ARM.attributes
                0x0000039a       0x34 c:/program files (x86)/gnu arm embedded toolchain/10 2021.10/bin/../lib/gcc/arm-none-eabi/10.3.1/../../../../arm-none-eabi/lib/thumb/v7e-m+fp/hard\libc_nano.a(lib_a-memcpy-stub.o)
 .ARM.attributes
                0x000003ce       0x34 c:/program files (x86)/gnu arm embedded toolchain/10 2021.10/bin/../lib/gcc/arm-none-eabi/10.3.1/../../../../arm-none-eabi/lib/thumb/v7e-m+fp/hard\libc_nano.a(lib_a-memset.o)
 .ARM.attributes
                0x00000402       0x34 c:/program files (x86)/gnu arm embedded toolchain/10 2021.10/bin/../lib/gcc/arm-none-eabi/10.3.1/../../../../arm-none-eabi/lib/thumb/v7e-m+fp/hard\libnosys.a(_exit.o)
 .ARM.attributes
                0x00000436       0x34 c:/program files (x86)/gnu arm embedded toolchain/10 2021.10/bin/../lib/gcc/arm-none-eabi/10.3.1/thumb/v7e-m+fp/hard/crtend.o
 .ARM.attributes
                0x0000046a       0x1e c:/program files (x86)/gnu arm embedded toolchain/10 2021.10/bin/../lib/gcc/arm-none-eabi/10.3.1/thumb/v7e-m+fp/hard/crtn.o

.comment        0x00000000       0x49
 .comment       0x00000000       0x49 _build/nrf52840_xxaa/boards.c.o
                                 0x4a (size before relaxing)
 .comment       0x00000049       0x4a _build/nrf52840_xxaa/app_error.c.o
 .comment       0x00000049       0x4a _build/nrf52840_xxaa/app_error_weak.c.o
 .comment       0x00000049       0x4a _build/nrf52840_xxaa/app_util_platform.c.o
 .comment       0x00000049       0x4a _build/nrf52840_xxaa/nrfx_prs.c.o
 .comment       0x00000049       0x4a _build/nrf52840_xxaa/nrfx_timer.c.o
 .comment       0x00000049       0x4a _build/nrf52840_xxaa/system_nrf52.c.o
 .comment       0x00000049       0x4a _build/nrf52840_xxaa/nrf_esb_beta.c.o
 .comment       0x00000049       0x4a _build/nrf52840_xxaa/nrf_drv_rng.c.o
 .comment       0x00000049       0x4a _build/nrf52840_xxaa/nrfx_rng.c.o
 .comment       0x00000049       0x4a _build/nrf52840_xxaa/nrf_queue.c.o
 .comment       0x00000049       0x4a _build/nrf52840_xxaa/main.c.o

.debug_line     0x00000000     0xc494
 .debug_line    0x00000000       0x8c _build/nrf52840_xxaa/gcc_startup_nrf52840.S.o
 .debug_line    0x0000008c     0x10d6 _build/nrf52840_xxaa/boards.c.o
 .debug_line    0x00001162      0x5e5 _build/nrf52840_xxaa/app_error.c.o
 .debug_line    0x00001747      0x7ce _build/nrf52840_xxaa/app_error_weak.c.o
 .debug_line    0x00001f15      0x6b1 _build/nrf52840_xxaa/app_util_platform.c.o
 .debug_line    0x000025c6      0x988 _build/nrf52840_xxaa/nrfx_prs.c.o
 .debug_line    0x00002f4e     0x168c _build/nrf52840_xxaa/nrfx_timer.c.o
 .debug_line    0x000045da      0x91f _build/nrf52840_xxaa/system_nrf52.c.o
 .debug_line    0x00004ef9     0x32f6 _build/nrf52840_xxaa/nrf_esb_beta.c.o
 .debug_line    0x000081ef      0xb95 _build/nrf52840_xxaa/nrf_drv_rng.c.o
 .debug_line    0x00008d84      0xc0f _build/nrf52840_xxaa/nrfx_rng.c.o
 .debug_line    0x00009993     0x1289 _build/nrf52840_xxaa/nrf_queue.c.o
 .debug_line    0x0000ac1c     0x1878 _build/nrf52840_xxaa/main.c.o

.debug_info     0x00000000     0xe994
 .debug_info    0x00000000       0x26 _build/nrf52840_xxaa/gcc_startup_nrf52840.S.o
 .debug_info    0x00000026      0xf10 _build/nrf52840_xxaa/boards.c.o
 .debug_info    0x00000f36      0x2c3 _build/nrf52840_xxaa/app_error.c.o
 .debug_info    0x000011f9      0x3b0 _build/nrf52840_xxaa/app_error_weak.c.o
 .debug_info    0x000015a9      0x82c _build/nrf52840_xxaa/app_util_platform.c.o
 .debug_info    0x00001dd5      0x778 _build/nrf52840_xxaa/nrfx_prs.c.o
 .debug_info    0x0000254d     0x1fa6 _build/nrf52840_xxaa/nrfx_timer.c.o
 .debug_info    0x000044f3     0x18dc _build/nrf52840_xxaa/system_nrf52.c.o
 .debug_info    0x00005dcf     0x3556 _build/nrf52840_xxaa/nrf_esb_beta.c.o
 .debug_info    0x00009325      0x65f _build/nrf52840_xxaa/nrf_drv_rng.c.o
 .debug_info    0x00009984      0xc7d _build/nrf52840_xxaa/nrfx_rng.c.o
 .debug_info    0x0000a601     0x15df _build/nrf52840_xxaa/nrf_queue.c.o
 .debug_info    0x0000bbe0     0x2db4 _build/nrf52840_xxaa/main.c.o

.debug_abbrev   0x00000000     0x25da
 .debug_abbrev  0x00000000       0x14 _build/nrf52840_xxaa/gcc_startup_nrf52840.S.o
 .debug_abbrev  0x00000014      0x323 _build/nrf52840_xxaa/boards.c.o
 .debug_abbrev  0x00000337      0x13b _build/nrf52840_xxaa/app_error.c.o
 .debug_abbrev  0x00000472      0x185 _build/nrf52840_xxaa/app_error_weak.c.o
 .debug_abbrev  0x000005f7      0x260 _build/nrf52840_xxaa/app_util_platform.c.o
 .debug_abbrev  0x00000857      0x259 _build/nrf52840_xxaa/nrfx_prs.c.o
 .debug_abbrev  0x00000ab0      0x430 _build/nrf52840_xxaa/nrfx_timer.c.o
 .debug_abbrev  0x00000ee0      0x321 _build/nrf52840_xxaa/system_nrf52.c.o
 .debug_abbrev  0x00001201      0x5bd _build/nrf52840_xxaa/nrf_esb_beta.c.o
 .debug_abbrev  0x000017be      0x24d _build/nrf52840_xxaa/nrf_drv_rng.c.o
 .debug_abbrev  0x00001a0b      0x31c _build/nrf52840_xxaa/nrfx_rng.c.o
 .debug_abbrev  0x00001d27      0x37b _build/nrf52840_xxaa/nrf_queue.c.o
 .debug_abbrev  0x000020a2      0x538 _build/nrf52840_xxaa/main.c.o

.debug_aranges  0x00000000      0x4e8
 .debug_aranges
                0x00000000       0x20 _build/nrf52840_xxaa/gcc_startup_nrf52840.S.o
 .debug_aranges
                0x00000020       0x78 _build/nrf52840_xxaa/boards.c.o
 .debug_aranges
                0x00000098       0x28 _build/nrf52840_xxaa/app_error.c.o
 .debug_aranges
                0x000000c0       0x20 _build/nrf52840_xxaa/app_error_weak.c.o
 .debug_aranges
                0x000000e0       0x48 _build/nrf52840_xxaa/app_util_platform.c.o
 .debug_aranges
                0x00000128       0x30 _build/nrf52840_xxaa/nrfx_prs.c.o
 .debug_aranges
                0x00000158       0xa0 _build/nrf52840_xxaa/nrfx_timer.c.o
 .debug_aranges
                0x000001f8       0x38 _build/nrf52840_xxaa/system_nrf52.c.o
 .debug_aranges
                0x00000230      0x138 _build/nrf52840_xxaa/nrf_esb_beta.c.o
 .debug_aranges
                0x00000368       0x48 _build/nrf52840_xxaa/nrf_drv_rng.c.o
 .debug_aranges
                0x000003b0       0x40 _build/nrf52840_xxaa/nrfx_rng.c.o
 .debug_aranges
                0x000003f0       0x88 _build/nrf52840_xxaa/nrf_queue.c.o
 .debug_aranges
                0x00000478       0x70 _build/nrf52840_xxaa/main.c.o

.debug_str      0x00000000    0x99803
 .debug_str     0x00000000       0xc4 _build/nrf52840_xxaa/gcc_startup_nrf52840.S.o
 .debug_str     0x000000c4    0x87868 _build/nrf52840_xxaa/boards.c.o
                              0x88cf9 (size before relaxing)
 .debug_str     0x0008792c      0x119 _build/nrf52840_xxaa/app_error.c.o
                              0x79e0c (size before relaxing)
 .debug_str     0x00087a45     0x304a _build/nrf52840_xxaa/app_error_weak.c.o
                              0x87167 (size before relaxing)
 .debug_str     0x0008aa8f      0x485 _build/nrf52840_xxaa/app_util_platform.c.o
                              0x7a67b (size before relaxing)
 .debug_str     0x0008af14      0x7d4 _build/nrf52840_xxaa/nrfx_prs.c.o
                              0x8a88d (size before relaxing)
 .debug_str     0x0008b6e8     0x1115 _build/nrf52840_xxaa/nrfx_timer.c.o
                              0x8ba24 (size before relaxing)
 .debug_str     0x0008c7fd     0x84b3 _build/nrf52840_xxaa/system_nrf52.c.o
                              0x7ea5b (size before relaxing)
 .debug_str     0x00094cb0     0x1b17 _build/nrf52840_xxaa/nrf_esb_beta.c.o
                              0x89bb7 (size before relaxing)
 .debug_str     0x000967c7     0x1af5 _build/nrf52840_xxaa/nrf_drv_rng.c.o
                              0x8bbb0 (size before relaxing)
 .debug_str     0x000982bc      0x1e9 _build/nrf52840_xxaa/nrfx_rng.c.o
                              0x8ab05 (size before relaxing)
 .debug_str     0x000984a5      0x1fa _build/nrf52840_xxaa/nrf_queue.c.o
                              0x886c3 (size before relaxing)
 .debug_str     0x0009869f     0x1164 _build/nrf52840_xxaa/main.c.o
                              0x8eb3b (size before relaxing)

.debug_loc      0x00000000     0x63b1
 .debug_loc     0x00000000      0xe10 _build/nrf52840_xxaa/boards.c.o
 .debug_loc     0x00000e10       0xc8 _build/nrf52840_xxaa/app_error.c.o
 .debug_loc     0x00000ed8       0x4a _build/nrf52840_xxaa/app_error_weak.c.o
 .debug_loc     0x00000f22      0x11a _build/nrf52840_xxaa/app_util_platform.c.o
 .debug_loc     0x0000103c      0x10e _build/nrf52840_xxaa/nrfx_prs.c.o
 .debug_loc     0x0000114a     0x10b9 _build/nrf52840_xxaa/nrfx_timer.c.o
 .debug_loc     0x00002203      0x212 _build/nrf52840_xxaa/system_nrf52.c.o
 .debug_loc     0x00002415     0x1536 _build/nrf52840_xxaa/nrf_esb_beta.c.o
 .debug_loc     0x0000394b      0x2a6 _build/nrf52840_xxaa/nrf_drv_rng.c.o
 .debug_loc     0x00003bf1      0x23b _build/nrf52840_xxaa/nrfx_rng.c.o
 .debug_loc     0x00003e2c     0x1458 _build/nrf52840_xxaa/nrf_queue.c.o
 .debug_loc     0x00005284     0x112d _build/nrf52840_xxaa/main.c.o

.debug_ranges   0x00000000     0x2970
 .debug_ranges  0x00000000      0x870 _build/nrf52840_xxaa/boards.c.o
 .debug_ranges  0x00000870       0x18 _build/nrf52840_xxaa/app_error.c.o
 .debug_ranges  0x00000888       0x10 _build/nrf52840_xxaa/app_error_weak.c.o
 .debug_ranges  0x00000898       0x38 _build/nrf52840_xxaa/app_util_platform.c.o
 .debug_ranges  0x000008d0       0x38 _build/nrf52840_xxaa/nrfx_prs.c.o
 .debug_ranges  0x00000908      0x648 _build/nrf52840_xxaa/nrfx_timer.c.o
 .debug_ranges  0x00000f50      0x140 _build/nrf52840_xxaa/system_nrf52.c.o
 .debug_ranges  0x00001090      0xc50 _build/nrf52840_xxaa/nrf_esb_beta.c.o
 .debug_ranges  0x00001ce0       0x68 _build/nrf52840_xxaa/nrf_drv_rng.c.o
 .debug_ranges  0x00001d48      0x148 _build/nrf52840_xxaa/nrfx_rng.c.o
 .debug_ranges  0x00001e90      0x390 _build/nrf52840_xxaa/nrf_queue.c.o
 .debug_ranges  0x00002220      0x750 _build/nrf52840_xxaa/main.c.o

.debug_macro    0x00000000     0x59bc
 .debug_macro   0x00000000      0x34c _build/nrf52840_xxaa/boards.c.o
 .debug_macro   0x0000034c       0xfb _build/nrf52840_xxaa/boards.c.o
 .debug_macro   0x00000447       0x40 _build/nrf52840_xxaa/boards.c.o
 .debug_macro   0x00000487      0x462 _build/nrf52840_xxaa/boards.c.o
 .debug_macro   0x000008e9       0x59 _build/nrf52840_xxaa/boards.c.o
 .debug_macro   0x00000942      0x26b _build/nrf52840_xxaa/boards.c.o
 .debug_macro   0x00000bad      0x14e _build/nrf52840_xxaa/boards.c.o
 .debug_macro   0x00000cfb       0x3f _build/nrf52840_xxaa/boards.c.o
 .debug_macro   0x00000d3a       0x16 _build/nrf52840_xxaa/boards.c.o
 .debug_macro   0x00000d50       0x10 _build/nrf52840_xxaa/boards.c.o
 .debug_macro   0x00000d60       0xbe _build/nrf52840_xxaa/boards.c.o
 .debug_macro   0x00000e1e       0x16 _build/nrf52840_xxaa/boards.c.o
 .debug_macro   0x00000e34      0x129 _build/nrf52840_xxaa/boards.c.o
 .debug_macro   0x00000f5d       0x49 _build/nrf52840_xxaa/boards.c.o
 .debug_macro   0x00000fa6       0x8c _build/nrf52840_xxaa/boards.c.o
 .debug_macro   0x00001032       0x19 _build/nrf52840_xxaa/boards.c.o
 .debug_macro   0x0000104b       0x1d _build/nrf52840_xxaa/boards.c.o
 .debug_macro   0x00001068       0x35 _build/nrf52840_xxaa/boards.c.o
 .debug_macro   0x0000109d       0x7b _build/nrf52840_xxaa/boards.c.o
 .debug_macro   0x00001118       0x3a _build/nrf52840_xxaa/boards.c.o
 .debug_macro   0x00001152       0x1c _build/nrf52840_xxaa/boards.c.o
 .debug_macro   0x0000116e       0x1c _build/nrf52840_xxaa/boards.c.o
 .debug_macro   0x0000118a       0x20 _build/nrf52840_xxaa/boards.c.o
 .debug_macro   0x000011aa       0x1c _build/nrf52840_xxaa/boards.c.o
 .debug_macro   0x000011c6      0x208 _build/nrf52840_xxaa/boards.c.o
 .debug_macro   0x000013ce      0x16d _build/nrf52840_xxaa/boards.c.o
 .debug_macro   0x0000153b      0x21d _build/nrf52840_xxaa/app_error.c.o
 .debug_macro   0x00001758       0x97 _build/nrf52840_xxaa/app_error.c.o
 .debug_macro   0x000017ef       0xf6 _build/nrf52840_xxaa/app_error.c.o
 .debug_macro   0x000018e5      0x31a _build/nrf52840_xxaa/app_error_weak.c.o
 .debug_macro   0x00001bff       0x16 _build/nrf52840_xxaa/app_error_weak.c.o
 .debug_macro   0x00001c15       0x31 _build/nrf52840_xxaa/app_error_weak.c.o
 .debug_macro   0x00001c46       0x16 _build/nrf52840_xxaa/app_error_weak.c.o
 .debug_macro   0x00001c5c       0x55 _build/nrf52840_xxaa/app_error_weak.c.o
 .debug_macro   0x00001cb1      0x17f _build/nrf52840_xxaa/app_error_weak.c.o
 .debug_macro   0x00001e30       0x9a _build/nrf52840_xxaa/app_error_weak.c.o
 .debug_macro   0x00001eca       0x28 _build/nrf52840_xxaa/app_error_weak.c.o
 .debug_macro   0x00001ef2       0x23 _build/nrf52840_xxaa/app_error_weak.c.o
 .debug_macro   0x00001f15       0x1c _build/nrf52840_xxaa/app_error_weak.c.o
 .debug_macro   0x00001f31       0x92 _build/nrf52840_xxaa/app_error_weak.c.o
 .debug_macro   0x00001fc3      0x239 _build/nrf52840_xxaa/app_util_platform.c.o
 .debug_macro   0x000021fc      0x3e0 _build/nrf52840_xxaa/nrfx_prs.c.o
 .debug_macro   0x000025dc       0x28 _build/nrf52840_xxaa/nrfx_prs.c.o
 .debug_macro   0x00002604       0x1c _build/nrf52840_xxaa/nrfx_prs.c.o
 .debug_macro   0x00002620       0x37 _build/nrf52840_xxaa/nrfx_prs.c.o
 .debug_macro   0x00002657       0x10 _build/nrf52840_xxaa/nrfx_prs.c.o
 .debug_macro   0x00002667      0x179 _build/nrf52840_xxaa/nrfx_prs.c.o
 .debug_macro   0x000027e0       0x42 _build/nrf52840_xxaa/nrfx_prs.c.o
 .debug_macro   0x00002822      0x3eb _build/nrf52840_xxaa/nrfx_timer.c.o
 .debug_macro   0x00002c0d       0x22 _build/nrf52840_xxaa/nrfx_timer.c.o
 .debug_macro   0x00002c2f       0x10 _build/nrf52840_xxaa/nrfx_timer.c.o
 .debug_macro   0x00002c3f      0x15b _build/nrf52840_xxaa/system_nrf52.c.o
 .debug_macro   0x00002d9a      0x44e _build/nrf52840_xxaa/system_nrf52.c.o
 .debug_macro   0x000031e8      0xa28 _build/nrf52840_xxaa/system_nrf52.c.o
 .debug_macro   0x00003c10      0x520 _build/nrf52840_xxaa/system_nrf52.c.o
 .debug_macro   0x00004130      0x164 _build/nrf52840_xxaa/system_nrf52.c.o
 .debug_macro   0x00004294      0x40b _build/nrf52840_xxaa/nrf_esb_beta.c.o
 .debug_macro   0x0000469f       0xbe _build/nrf52840_xxaa/nrf_esb_beta.c.o
 .debug_macro   0x0000475d       0x16 _build/nrf52840_xxaa/nrf_esb_beta.c.o
 .debug_macro   0x00004773       0x45 _build/nrf52840_xxaa/nrf_esb_beta.c.o
 .debug_macro   0x000047b8       0x10 _build/nrf52840_xxaa/nrf_esb_beta.c.o
 .debug_macro   0x000047c8      0x40c _build/nrf52840_xxaa/nrf_drv_rng.c.o
 .debug_macro   0x00004bd4       0x47 _build/nrf52840_xxaa/nrf_drv_rng.c.o
 .debug_macro   0x00004c1b      0x3df _build/nrf52840_xxaa/nrfx_rng.c.o
 .debug_macro   0x00004ffa      0x304 _build/nrf52840_xxaa/nrf_queue.c.o
 .debug_macro   0x000052fe      0x4b8 _build/nrf52840_xxaa/main.c.o
 .debug_macro   0x000057b6       0xc4 _build/nrf52840_xxaa/main.c.o
 .debug_macro   0x0000587a       0x94 _build/nrf52840_xxaa/main.c.o
 .debug_macro   0x0000590e       0x16 _build/nrf52840_xxaa/main.c.o
 .debug_macro   0x00005924       0x88 _build/nrf52840_xxaa/main.c.o
 .debug_macro   0x000059ac       0x10 _build/nrf52840_xxaa/main.c.o

.debug_frame    0x00000000      0xc90
 .debug_frame   0x00000000       0xf4 _build/nrf52840_xxaa/boards.c.o
 .debug_frame   0x000000f4       0x4c _build/nrf52840_xxaa/app_error.c.o
 .debug_frame   0x00000140       0x20 _build/nrf52840_xxaa/app_error_weak.c.o
 .debug_frame   0x00000160       0x70 _build/nrf52840_xxaa/app_util_platform.c.o
 .debug_frame   0x000001d0       0x4c _build/nrf52840_xxaa/nrfx_prs.c.o
 .debug_frame   0x0000021c      0x1e0 _build/nrf52840_xxaa/nrfx_timer.c.o
 .debug_frame   0x000003fc       0x5c _build/nrf52840_xxaa/system_nrf52.c.o
 .debug_frame   0x00000458      0x398 _build/nrf52840_xxaa/nrf_esb_beta.c.o
 .debug_frame   0x000007f0       0xc4 _build/nrf52840_xxaa/nrf_drv_rng.c.o
 .debug_frame   0x000008b4       0x7c _build/nrf52840_xxaa/nrfx_rng.c.o
 .debug_frame   0x00000930      0x184 _build/nrf52840_xxaa/nrf_queue.c.o
 .debug_frame   0x00000ab4      0x120 _build/nrf52840_xxaa/main.c.o
 .debug_frame   0x00000bd4       0x28 c:/program files (x86)/gnu arm embedded toolchain/10 2021.10/bin/../lib/gcc/arm-none-eabi/10.3.1/../../../../arm-none-eabi/lib/thumb/v7e-m+fp/hard\libc_nano.a(lib_a-exit.o)
 .debug_frame   0x00000bfc       0x2c c:/program files (x86)/gnu arm embedded toolchain/10 2021.10/bin/../lib/gcc/arm-none-eabi/10.3.1/../../../../arm-none-eabi/lib/thumb/v7e-m+fp/hard\libc_nano.a(lib_a-init.o)
 .debug_frame   0x00000c28       0x28 c:/program files (x86)/gnu arm embedded toolchain/10 2021.10/bin/../lib/gcc/arm-none-eabi/10.3.1/../../../../arm-none-eabi/lib/thumb/v7e-m+fp/hard\libc_nano.a(lib_a-memcpy-stub.o)
 .debug_frame   0x00000c50       0x20 c:/program files (x86)/gnu arm embedded toolchain/10 2021.10/bin/../lib/gcc/arm-none-eabi/10.3.1/../../../../arm-none-eabi/lib/thumb/v7e-m+fp/hard\libc_nano.a(lib_a-memset.o)
 .debug_frame   0x00000c70       0x20 c:/program files (x86)/gnu arm embedded toolchain/10 2021.10/bin/../lib/gcc/arm-none-eabi/10.3.1/../../../../arm-none-eabi/lib/thumb/v7e-m+fp/hard\libnosys.a(_exit.o)
