Archive member included to satisfy reference by file (symbol)

c:/program files (x86)/gnu arm embedded toolchain/10 2021.10/bin/../lib/gcc/arm-none-eabi/10.3.1/../../../../arm-none-eabi/lib/thumb/v7e-m+fp/hard\libc_nano.a(lib_a-exit.o)
                              c:/program files (x86)/gnu arm embedded toolchain/10 2021.10/bin/../lib/gcc/arm-none-eabi/10.3.1/../../../../arm-none-eabi/lib/thumb/v7e-m+fp/hard/crt0.o (exit)
c:/program files (x86)/gnu arm embedded toolchain/10 2021.10/bin/../lib/gcc/arm-none-eabi/10.3.1/../../../../arm-none-eabi/lib/thumb/v7e-m+fp/hard\libc_nano.a(lib_a-impure.o)
                              c:/program files (x86)/gnu arm embedded toolchain/10 2021.10/bin/../lib/gcc/arm-none-eabi/10.3.1/../../../../arm-none-eabi/lib/thumb/v7e-m+fp/hard\libc_nano.a(lib_a-exit.o) (_global_impure_ptr)
c:/program files (x86)/gnu arm embedded toolchain/10 2021.10/bin/../lib/gcc/arm-none-eabi/10.3.1/../../../../arm-none-eabi/lib/thumb/v7e-m+fp/hard\libc_nano.a(lib_a-init.o)
                              c:/program files (x86)/gnu arm embedded toolchain/10 2021.10/bin/../lib/gcc/arm-none-eabi/10.3.1/../../../../arm-none-eabi/lib/thumb/v7e-m+fp/hard/crt0.o (__libc_init_array)
c:/program files (x86)/gnu arm embedded toolchain/10 2021.10/bin/../lib/gcc/arm-none-eabi/10.3.1/../../../../arm-none-eabi/lib/thumb/v7e-m+fp/hard\libc_nano.a(lib_a-memcpy-stub.o)
                              _build/nrf52840_xxaa/nrf_memobj.c.o (memcpy)
c:/program files (x86)/gnu arm embedded toolchain/10 2021.10/bin/../lib/gcc/arm-none-eabi/10.3.1/../../../../arm-none-eabi/lib/thumb/v7e-m+fp/hard\libc_nano.a(lib_a-memset.o)
                              c:/program files (x86)/gnu arm embedded toolchain/10 2021.10/bin/../lib/gcc/arm-none-eabi/10.3.1/../../../../arm-none-eabi/lib/thumb/v7e-m+fp/hard/crt0.o (memset)
c:/program files (x86)/gnu arm embedded toolchain/10 2021.10/bin/../lib/gcc/arm-none-eabi/10.3.1/../../../../arm-none-eabi/lib/thumb/v7e-m+fp/hard\libc_nano.a(lib_a-strcpy.o)
                              _build/nrf52840_xxaa/SEGGER_RTT.c.o (strcpy)
c:/program files (x86)/gnu arm embedded toolchain/10 2021.10/bin/../lib/gcc/arm-none-eabi/10.3.1/../../../../arm-none-eabi/lib/thumb/v7e-m+fp/hard\libc_nano.a(lib_a-strlen.o)
                              _build/nrf52840_xxaa/nrf_fprintf_format.c.o (strlen)
c:/program files (x86)/gnu arm embedded toolchain/10 2021.10/bin/../lib/gcc/arm-none-eabi/10.3.1/../../../../arm-none-eabi/lib/thumb/v7e-m+fp/hard\libnosys.a(_exit.o)
                              c:/program files (x86)/gnu arm embedded toolchain/10 2021.10/bin/../lib/gcc/arm-none-eabi/10.3.1/../../../../arm-none-eabi/lib/thumb/v7e-m+fp/hard\libc_nano.a(lib_a-exit.o) (_exit)

Discarded input sections

 .text          0x00000000        0x0 c:/program files (x86)/gnu arm embedded toolchain/10 2021.10/bin/../lib/gcc/arm-none-eabi/10.3.1/thumb/v7e-m+fp/hard/crti.o
 .data          0x00000000        0x0 c:/program files (x86)/gnu arm embedded toolchain/10 2021.10/bin/../lib/gcc/arm-none-eabi/10.3.1/thumb/v7e-m+fp/hard/crti.o
 .bss           0x00000000        0x0 c:/program files (x86)/gnu arm embedded toolchain/10 2021.10/bin/../lib/gcc/arm-none-eabi/10.3.1/thumb/v7e-m+fp/hard/crti.o
 .data          0x00000000        0x4 c:/program files (x86)/gnu arm embedded toolchain/10 2021.10/bin/../lib/gcc/arm-none-eabi/10.3.1/thumb/v7e-m+fp/hard/crtbegin.o
 .rodata        0x00000000       0x24 c:/program files (x86)/gnu arm embedded toolchain/10 2021.10/bin/../lib/gcc/arm-none-eabi/10.3.1/thumb/v7e-m+fp/hard/crtbegin.o
 .data          0x00000000        0x0 c:/program files (x86)/gnu arm embedded toolchain/10 2021.10/bin/../lib/gcc/arm-none-eabi/10.3.1/../../../../arm-none-eabi/lib/thumb/v7e-m+fp/hard/crt0.o
 .bss           0x00000000        0x0 c:/program files (x86)/gnu arm embedded toolchain/10 2021.10/bin/../lib/gcc/arm-none-eabi/10.3.1/../../../../arm-none-eabi/lib/thumb/v7e-m+fp/hard/crt0.o
 .ARM.extab     0x00000000        0x0 c:/program files (x86)/gnu arm embedded toolchain/10 2021.10/bin/../lib/gcc/arm-none-eabi/10.3.1/../../../../arm-none-eabi/lib/thumb/v7e-m+fp/hard/crt0.o
 .data          0x00000000        0x0 _build/nrf52840_xxaa/gcc_startup_nrf52840.S.o
 .bss           0x00000000        0x0 _build/nrf52840_xxaa/gcc_startup_nrf52840.S.o
 .group         0x00000000        0xc _build/nrf52840_xxaa/nrf_log_backend_rtt.c.o
 .group         0x00000000        0xc _build/nrf52840_xxaa/nrf_log_backend_rtt.c.o
 .group         0x00000000        0xc _build/nrf52840_xxaa/nrf_log_backend_rtt.c.o
 .group         0x00000000        0xc _build/nrf52840_xxaa/nrf_log_backend_rtt.c.o
 .group         0x00000000        0xc _build/nrf52840_xxaa/nrf_log_backend_rtt.c.o
 .group         0x00000000        0xc _build/nrf52840_xxaa/nrf_log_backend_rtt.c.o
 .group         0x00000000        0xc _build/nrf52840_xxaa/nrf_log_backend_rtt.c.o
 .group         0x00000000        0xc _build/nrf52840_xxaa/nrf_log_backend_rtt.c.o
[...]
Memory Configuration

Name             Origin             Length             Attributes
FLASH            0x00027000         0x000d9000         xr
RAM              0x20002300         0x0003dd00         xrw
*default*        0x00000000         0xffffffff

Linker script and memory map


.text           0x00027000     0x24c0
 *(.isr_vector)
 .isr_vector    0x00027000      0x200 _build/nrf52840_xxaa/gcc_startup_nrf52840.S.o
                0x00027000                __isr_vector
 *(.text*)
 .text          0x00027200       0x40 c:/program files (x86)/gnu arm embedded toolchain/10 2021.10/bin/../lib/gcc/arm-none-eabi/10.3.1/thumb/v7e-m+fp/hard/crtbegin.o
 .text          0x00027240       0x7c c:/program files (x86)/gnu arm embedded toolchain/10 2021.10/bin/../lib/gcc/arm-none-eabi/10.3.1/../../../../arm-none-eabi/lib/thumb/v7e-m+fp/hard/crt0.o
                0x00027240                _stack_init
                0x00027248                _start
                0x00027248                _mainCRTStartup
 .text          0x000272bc       0x3c _build/nrf52840_xxaa/gcc_startup_nrf52840.S.o
                0x000272bc                Reset_Handler
                0x000272e4                NMI_Handler
                0x000272e6                HardFault_Handler
                0x000272e8                MemoryManagement_Handler
                0x000272ea                BusFault_Handler
                0x000272ec                UsageFault_Handler
                0x000272ee                SVC_Handler
                0x000272f0                DebugMon_Handler
                0x000272f2                PendSV_Handler
                0x000272f4                SysTick_Handler
                0x000272f6                POWER_CLOCK_IRQHandler
                0x000272f6                PDM_IRQHandler
                0x000272f6                TEMP_IRQHandler
                0x000272f6                QDEC_IRQHandler
                0x000272f6                RTC0_IRQHandler
                0x000272f6                PWM1_IRQHandler
                0x000272f6                FPU_IRQHandler
                0x000272f6                USBD_IRQHandler
                0x000272f6                SPIM0_SPIS0_TWIM0_TWIS0_SPI0_TWI0_IRQHandler
                0x000272f6                TIMER3_IRQHandler
                0x000272f6                TIMER4_IRQHandler
                0x000272f6                CRYPTOCELL_IRQHandler
                0x000272f6                I2S_IRQHandler
                0x000272f6                PWM3_IRQHandler
                0x000272f6                TIMER2_IRQHandler
                0x000272f6                UARTE1_IRQHandler
                0x000272f6                SPIM3_IRQHandler
                0x000272f6                PWM2_IRQHandler
                0x000272f6                ECB_IRQHandler
                0x000272f6                SPIM1_SPIS1_TWIM1_TWIS1_SPI1_TWI1_IRQHandler
                0x000272f6                Default_Handler
                0x000272f6                SAADC_IRQHandler
                0x000272f6                CCM_AAR_IRQHandler
                0x000272f6                WDT_IRQHandler
                0x000272f6                GPIOTE_IRQHandler
                0x000272f6                SWI5_EGU5_IRQHandler
                0x000272f6                RTC2_IRQHandler
                0x000272f6                PWM0_IRQHandler
                0x000272f6                SWI3_EGU3_IRQHandler
                0x000272f6                RTC1_IRQHandler
                0x000272f6                SWI1_EGU1_IRQHandler
                0x000272f6                SPIM2_SPIS2_SPI2_IRQHandler
                0x000272f6                NFCT_IRQHandler
                0x000272f6                SWI2_EGU2_IRQHandler
                0x000272f6                MWU_IRQHandler
                0x000272f6                SWI4_EGU4_IRQHandler
                0x000272f6                QSPI_IRQHandler
                0x000272f6                COMP_LPCOMP_IRQHandler
 .text.bsp_board_led_on
                0x000272f8       0x24 _build/nrf52840_xxaa/boards.c.o
                0x000272f8                bsp_board_led_on
 .text.bsp_board_led_off
                0x0002731c       0x24 _build/nrf52840_xxaa/boards.c.o
                0x0002731c                bsp_board_led_off
 .text.bsp_board_leds_off
                0x00027340       0x30 _build/nrf52840_xxaa/boards.c.o
                0x00027340                bsp_board_leds_off
 .text.bsp_board_led_invert
                0x00027370       0x34 _build/nrf52840_xxaa/boards.c.o
                0x00027370                bsp_board_led_invert
 .text.bsp_board_init
                0x000273a4       0xd8 _build/nrf52840_xxaa/boards.c.o
                0x000273a4                bsp_board_init
 .text.app_error_handler_bare
                0x0002747c       0x20 _build/nrf52840_xxaa/app_error.c.o
                0x0002747c                app_error_handler_bare
 .text.app_error_fault_handler
                0x0002749c       0x30 _build/nrf52840_xxaa/app_error_weak.c.o
                0x0002749c                app_error_fault_handler
 .text.app_util_critical_region_enter
                0x000274cc       0x10 _build/nrf52840_xxaa/app_util_platform.c.o
                0x000274cc                app_util_critical_region_enter
 .text.app_util_critical_region_exit
                0x000274dc       0x14 _build/nrf52840_xxaa/app_util_platform.c.o
                0x000274dc                app_util_critical_region_exit
 .text.UARTE0_UART0_IRQHandler
                0x000274f0        0xc _build/nrf52840_xxaa/nrfx_prs.c.o
                0x000274f0                UARTE0_UART0_IRQHandler
 .text.nrfx_timer_init
                0x000274fc      0x104 _build/nrf52840_xxaa/nrfx_timer.c.o
                0x000274fc                nrfx_timer_init
 .text.nrfx_timer_enable
                0x00027600       0x1c _build/nrf52840_xxaa/nrfx_timer.c.o
                0x00027600                nrfx_timer_enable
 .text.nrfx_timer_disable
                0x0002761c       0x1c _build/nrf52840_xxaa/nrfx_timer.c.o
                0x0002761c                nrfx_timer_disable
 .text.nrfx_timer_is_enabled
                0x00027638       0x20 _build/nrf52840_xxaa/nrfx_timer.c.o
                0x00027638                nrfx_timer_is_enabled
 .text.nrfx_timer_resume
                0x00027658        0x8 _build/nrf52840_xxaa/nrfx_timer.c.o
                0x00027658                nrfx_timer_resume
 .text.nrfx_timer_pause
                0x00027660        0x8 _build/nrf52840_xxaa/nrfx_timer.c.o
                0x00027660                nrfx_timer_pause
 .text.nrfx_timer_clear
                0x00027668        0x8 _build/nrf52840_xxaa/nrfx_timer.c.o
                0x00027668                nrfx_timer_clear
 .text.nrfx_timer_extended_compare
                0x00027670       0x64 _build/nrf52840_xxaa/nrfx_timer.c.o
                0x00027670                nrfx_timer_extended_compare
 .text.TIMER0_IRQHandler
                0x000276d4       0x58 _build/nrf52840_xxaa/nrfx_timer.c.o
                0x000276d4                TIMER0_IRQHandler
 .text.TIMER1_IRQHandler
                0x0002772c       0x58 _build/nrf52840_xxaa/nrfx_timer.c.o
                0x0002772c                TIMER1_IRQHandler
 .text.SystemInit
                0x00027784      0x25c _build/nrf52840_xxaa/system_nrf52.c.o
                0x00027784                SystemInit
 .text.update_rf_payload_format_esb_dpl
                0x000279e0       0x2c _build/nrf52840_xxaa/nrf_esb_beta.c.o
 .text.update_rf_payload_format_esb
                0x00027a0c       0x2c _build/nrf52840_xxaa/nrf_esb_beta.c.o
 .text.on_radio_disabled_tx
                0x00027a38       0x90 _build/nrf52840_xxaa/nrf_esb_beta.c.o
 .text.rx_fifo_push_rfbuf
                0x00027ac8       0x9c _build/nrf52840_xxaa/nrf_esb_beta.c.o
 .text.start_tx_transaction
                0x00027b64      0x138 _build/nrf52840_xxaa/nrf_esb_beta.c.o
 .text.on_radio_disabled_tx_wait_for_ack
                0x00027c9c      0x1a8 _build/nrf52840_xxaa/nrf_esb_beta.c.o
 .text.on_radio_disabled_tx_noack
                0x00027e44       0x78 _build/nrf52840_xxaa/nrf_esb_beta.c.o
 .text.on_radio_disabled_rx
                0x00027ebc      0x160 _build/nrf52840_xxaa/nrf_esb_beta.c.o
 .text.nrf_esb_skip_tx
                0x0002801c       0x50 _build/nrf52840_xxaa/nrf_esb_beta.c.o
                0x0002801c                nrf_esb_skip_tx
 .text.RADIO_IRQHandler
                0x0002806c       0x54 _build/nrf52840_xxaa/nrf_esb_beta.c.o
                0x0002806c                RADIO_IRQHandler
 .text.nrf_esb_init
                0x000280c0      0x34c _build/nrf52840_xxaa/nrf_esb_beta.c.o
                0x000280c0                nrf_esb_init
 .text.nrf_esb_suspend
                0x0002840c       0x28 _build/nrf52840_xxaa/nrf_esb_beta.c.o
                0x0002840c                nrf_esb_suspend
 .text.SWI0_EGU0_IRQHandler
                0x00028434       0x74 _build/nrf52840_xxaa/nrf_esb_beta.c.o
                0x00028434                SWI0_EGU0_IRQHandler
 .text.nrf_esb_write_payload
                0x000284a8      0x1bc _build/nrf52840_xxaa/nrf_esb_beta.c.o
                0x000284a8                nrf_esb_write_payload
 .text.nrf_esb_read_rx_payload
                0x00028664       0x78 _build/nrf52840_xxaa/nrf_esb_beta.c.o
                0x00028664                nrf_esb_read_rx_payload
 .text.nrf_esb_start_tx
                0x000286dc      0x164 _build/nrf52840_xxaa/nrf_esb_beta.c.o
                0x000286dc                nrf_esb_start_tx
 .text.nrf_esb_start_rx
                0x00028840       0x90 _build/nrf52840_xxaa/nrf_esb_beta.c.o
                0x00028840                nrf_esb_start_rx
 .text.nrf_esb_stop_rx
                0x000288d0       0x50 _build/nrf52840_xxaa/nrf_esb_beta.c.o
                0x000288d0                nrf_esb_stop_rx
 .text.nrf_esb_flush_tx
                0x00028920       0x34 _build/nrf52840_xxaa/nrf_esb_beta.c.o
                0x00028920                nrf_esb_flush_tx
 .text.nrf_esb_flush_rx
                0x00028954       0x48 _build/nrf52840_xxaa/nrf_esb_beta.c.o
                0x00028954                nrf_esb_flush_rx
 .text.nrf_esb_set_base_address_0
                0x0002899c       0x40 _build/nrf52840_xxaa/nrf_esb_beta.c.o
                0x0002899c                nrf_esb_set_base_address_0
 .text.nrf_esb_set_base_address_1
                0x000289dc       0x40 _build/nrf52840_xxaa/nrf_esb_beta.c.o
                0x000289dc                nrf_esb_set_base_address_1
 .text.nrf_esb_set_prefixes
                0x00028a1c       0x64 _build/nrf52840_xxaa/nrf_esb_beta.c.o
                0x00028a1c                nrf_esb_set_prefixes
 .text.nrf_esb_set_rf_channel
                0x00028a80       0x28 _build/nrf52840_xxaa/nrf_esb_beta.c.o
                0x00028a80                nrf_esb_set_rf_channel
 .text.nrfx_rng_handler
                0x00028aa8       0x30 _build/nrf52840_xxaa/nrf_drv_rng.c.o
 .text.nrf_drv_rng_init
                0x00028ad8       0x48 _build/nrf52840_xxaa/nrf_drv_rng.c.o
                0x00028ad8                nrf_drv_rng_init
 .text.nrf_drv_rng_bytes_available
                0x00028b20       0x14 _build/nrf52840_xxaa/nrf_drv_rng.c.o
                0x00028b20                nrf_drv_rng_bytes_available
 .text.nrf_drv_rng_rand
                0x00028b34       0x20 _build/nrf52840_xxaa/nrf_drv_rng.c.o
                0x00028b34                nrf_drv_rng_rand
 .text.nrfx_rng_init
                0x00028b54       0x60 _build/nrf52840_xxaa/nrfx_rng.c.o
                0x00028b54                nrfx_rng_init
 .text.nrfx_rng_start
                0x00028bb4       0x24 _build/nrf52840_xxaa/nrfx_rng.c.o
                0x00028bb4                nrfx_rng_start
 .text.nrfx_rng_stop
                0x00028bd8       0x10 _build/nrf52840_xxaa/nrfx_rng.c.o
                0x00028bd8                nrfx_rng_stop
 .text.RNG_IRQHandler
                0x00028be8       0x28 _build/nrf52840_xxaa/nrfx_rng.c.o
                0x00028be8                RNG_IRQHandler
 .text.nrf_queue_is_full
                0x00028c10       0x1c _build/nrf52840_xxaa/nrf_queue.c.o
                0x00028c10                nrf_queue_is_full
 .text.nrf_queue_push
                0x00028c2c       0xd8 _build/nrf52840_xxaa/nrf_queue.c.o
                0x00028c2c                nrf_queue_push
 .text.nrf_queue_read
                0x00028d04       0xa0 _build/nrf52840_xxaa/nrf_queue.c.o
                0x00028d04                nrf_queue_read
 .text.nrf_queue_utilization_get
                0x00028da4       0x34 _build/nrf52840_xxaa/nrf_queue.c.o
                0x00028da4                nrf_queue_utilization_get
 .text.timer_esb_entry_event_handler
                0x00028dd8        0xc _build/nrf52840_xxaa/main.c.o
                0x00028dd8                timer_esb_entry_event_handler
 .text.timer_esb_event_handler
                0x00028de4       0x24 _build/nrf52840_xxaa/main.c.o
                0x00028de4                timer_esb_event_handler
 .text.nrf_esb_event_handler
                0x00028e08       0x94 _build/nrf52840_xxaa/main.c.o
                0x00028e08                nrf_esb_event_handler
 .text.esb_init
                0x00028e9c       0x78 _build/nrf52840_xxaa/main.c.o
                0x00028e9c                esb_init
 .text.startup.main
                0x00028f14      0x48c _build/nrf52840_xxaa/main.c.o
                0x00028f14                main
 .text.exit     0x000293a0       0x28 c:/program files (x86)/gnu arm embedded toolchain/10 2021.10/bin/../lib/gcc/arm-none-eabi/10.3.1/../../../../arm-none-eabi/lib/thumb/v7e-m+fp/hard\libc_nano.a(lib_a-exit.o)
                0x000293a0                exit
 .text.__libc_init_array
                0x000293c8       0x48 c:/program files (x86)/gnu arm embedded toolchain/10 2021.10/bin/../lib/gcc/arm-none-eabi/10.3.1/../../../../arm-none-eabi/lib/thumb/v7e-m+fp/hard\libc_nano.a(lib_a-init.o)
                0x000293c8                __libc_init_array
 .text.memcpy   0x00029410       0x1c c:/program files (x86)/gnu arm embedded toolchain/10 2021.10/bin/../lib/gcc/arm-none-eabi/10.3.1/../../../../arm-none-eabi/lib/thumb/v7e-m+fp/hard\libc_nano.a(lib_a-memcpy-stub.o)
                0x00029410                memcpy
 .text.memset   0x0002942c       0x10 c:/program files (x86)/gnu arm embedded toolchain/10 2021.10/bin/../lib/gcc/arm-none-eabi/10.3.1/../../../../arm-none-eabi/lib/thumb/v7e-m+fp/hard\libc_nano.a(lib_a-memset.o)
                0x0002942c                memset
 .text._exit    0x0002943c        0x4 c:/program files (x86)/gnu arm embedded toolchain/10 2021.10/bin/../lib/gcc/arm-none-eabi/10.3.1/../../../../arm-none-eabi/lib/thumb/v7e-m+fp/hard\libnosys.a(_exit.o)
                0x0002943c                _exit
 *(.init)
 .init          0x00029440        0x4 c:/program files (x86)/gnu arm embedded toolchain/10 2021.10/bin/../lib/gcc/arm-none-eabi/10.3.1/thumb/v7e-m+fp/hard/crti.o
                0x00029440                _init
 .init          0x00029444        0x8 c:/program files (x86)/gnu arm embedded toolchain/10 2021.10/bin/../lib/gcc/arm-none-eabi/10.3.1/thumb/v7e-m+fp/hard/crtn.o
 *(.fini)
 .fini          0x0002944c        0x4 c:/program files (x86)/gnu arm embedded toolchain/10 2021.10/bin/../lib/gcc/arm-none-eabi/10.3.1/thumb/v7e-m+fp/hard/crti.o
                0x0002944c                _fini
 .fini          0x00029450        0x8 c:/program files (x86)/gnu arm embedded toolchain/10 2021.10/bin/../lib/gcc/arm-none-eabi/10.3.1/thumb/v7e-m+fp/hard/crtn.o
 *crtbegin.o(.ctors)
 *crtbegin?.o(.ctors)
 *(EXCLUDE_FILE(*crtend.o *crtend?.o) .ctors)
 *(SORT_BY_NAME(.ctors.*))
 *(.ctors)
 *crtbegin.o(.dtors)
 *crtbegin?.o(.dtors)
 *(EXCLUDE_FILE(*crtend.o *crtend?.o) .dtors)
 *(SORT_BY_NAME(.dtors.*))
 *(.dtors)
 *(.rodata*)
 .rodata.m_board_led_list
                0x00029458        0x4 _build/nrf52840_xxaa/boards.c.o
 .rodata.CSWTCH.15
                0x0002945c        0x6 _build/nrf52840_xxaa/system_nrf52.c.o
 *fill*         0x00029462        0x2 
 .rodata.CSWTCH.6
                0x00029464        0x6 _build/nrf52840_xxaa/system_nrf52.c.o
 *fill*         0x0002946a        0x2 
 .rodata.m_default_config
                0x0002946c        0x2 _build/nrf52840_xxaa/nrf_drv_rng.c.o
 *fill*         0x0002946e        0x2 
 .rodata.esb_init.str1.4
                0x00029470        0x9 _build/nrf52840_xxaa/main.c.o
 *fill*         0x00029479        0x3 
 .rodata        0x0002947c       0x20 _build/nrf52840_xxaa/main.c.o
 .rodata.TIMER_ESB
                0x0002949c        0x8 _build/nrf52840_xxaa/main.c.o
 .rodata.TIMER_ESB_ENTRY
                0x000294a4        0x8 _build/nrf52840_xxaa/main.c.o
 *fill*         0x000294ac        0x4 
 .rodata.delay_machine_code.0
                0x000294b0        0x6 _build/nrf52840_xxaa/main.c.o
 *fill*         0x000294b6        0x2 
 .rodata._global_impure_ptr
                0x000294b8        0x4 c:/program files (x86)/gnu arm embedded toolchain/10 2021.10/bin/../lib/gcc/arm-none-eabi/10.3.1/../../../../arm-none-eabi/lib/thumb/v7e-m+fp/hard\libc_nano.a(lib_a-impure.o)
                0x000294b8                _global_impure_ptr
 *(.eh_frame*)
 .eh_frame      0x000294bc        0x0 c:/program files (x86)/gnu arm embedded toolchain/10 2021.10/bin/../lib/gcc/arm-none-eabi/10.3.1/thumb/v7e-m+fp/hard/crtbegin.o
 .eh_frame      0x000294bc        0x4 c:/program files (x86)/gnu arm embedded toolchain/10 2021.10/bin/../lib/gcc/arm-none-eabi/10.3.1/thumb/v7e-m+fp/hard/crtend.o

.glue_7         0x000294c0        0x0
 .glue_7        0x000294c0        0x0 linker stubs

.glue_7t        0x000294c0        0x0
 .glue_7t       0x000294c0        0x0 linker stubs

.vfp11_veneer   0x000294c0        0x0
 .vfp11_veneer  0x000294c0        0x0 linker stubs

.v4_bx          0x000294c0        0x0
 .v4_bx         0x000294c0        0x0 linker stubs

.iplt           0x000294c0        0x0
 .iplt          0x000294c0        0x0 c:/program files (x86)/gnu arm embedded toolchain/10 2021.10/bin/../lib/gcc/arm-none-eabi/10.3.1/thumb/v7e-m+fp/hard/crtbegin.o

.mem_section_dummy_rom

.sdh_soc_observers
                0x000294c0        0x0
                [!provide]                PROVIDE (__start_sdh_soc_observers = .)
 *(SORT_BY_NAME(.sdh_soc_observers*))
                [!provide]                PROVIDE (__stop_sdh_soc_observers = .)

.pwr_mgmt_data  0x000294c0        0x0
                [!provide]                PROVIDE (__start_pwr_mgmt_data = .)
 *(SORT_BY_NAME(.pwr_mgmt_data*))
                [!provide]                PROVIDE (__stop_pwr_mgmt_data = .)

.sdh_ble_observers
                0x000294c0        0x0
                [!provide]                PROVIDE (__start_sdh_ble_observers = .)
 *(SORT_BY_NAME(.sdh_ble_observers*))
                [!provide]                PROVIDE (__stop_sdh_ble_observers = .)

.sdh_req_observers
                0x000294c0        0x0
                [!provide]                PROVIDE (__start_sdh_req_observers = .)
 *(SORT_BY_NAME(.sdh_req_observers*))
                [!provide]                PROVIDE (__stop_sdh_req_observers = .)

.sdh_state_observers
                0x000294c0        0x0
                [!provide]                PROVIDE (__start_sdh_state_observers = .)
 *(SORT_BY_NAME(.sdh_state_observers*))
                [!provide]                PROVIDE (__stop_sdh_state_observers = .)

.sdh_stack_observers
                0x000294c0        0x0
                [!provide]                PROVIDE (__start_sdh_stack_observers = .)
 *(SORT_BY_NAME(.sdh_stack_observers*))
                [!provide]                PROVIDE (__stop_sdh_stack_observers = .)

.nrf_queue      0x000294c0       0x14
                [!provide]                PROVIDE (__start_nrf_queue = .)
 *(.nrf_queue)
 .nrf_queue     0x000294c0       0x14 _build/nrf52840_xxaa/nrf_drv_rng.c.o
                0x000294c0                m_rand_pool
                [!provide]                PROVIDE (__stop_nrf_queue = .)

.nrf_balloc     0x000294d4        0x0
                [!provide]                PROVIDE (__start_nrf_balloc = .)
 *(.nrf_balloc)
                [!provide]                PROVIDE (__stop_nrf_balloc = .)

.cli_command    0x000294d4        0x0
                [!provide]                PROVIDE (__start_cli_command = .)
 *(.cli_command)
                [!provide]                PROVIDE (__stop_cli_command = .)

.crypto_data    0x000294d4        0x0
                [!provide]                PROVIDE (__start_crypto_data = .)
 *(SORT_BY_NAME(.crypto_data*))
                [!provide]                PROVIDE (__stop_crypto_data = .)

.log_const_data
                0x000294d4        0x0
                [!provide]                PROVIDE (__start_log_const_data = .)
 *(SORT_BY_NAME(.log_const_data*))
                [!provide]                PROVIDE (__stop_log_const_data = .)

.log_backends   0x000294d4        0x0
                [!provide]                PROVIDE (__start_log_backends = .)
 *(SORT_BY_NAME(.log_backends*))
                [!provide]                PROVIDE (__stop_log_backends = .)

.ARM.extab
 *(.ARM.extab* .gnu.linkonce.armextab.*)
                0x000294d4                __exidx_start = .

.ARM.exidx      0x000294d4        0x8
 *(.ARM.exidx* .gnu.linkonce.armexidx.*)
 .ARM.exidx     0x000294d4        0x8 c:/program files (x86)/gnu arm embedded toolchain/10 2021.10/bin/../lib/gcc/arm-none-eabi/10.3.1/../../../../arm-none-eabi/lib/thumb/v7e-m+fp/hard/crt0.o
                                 0x10 (size before relaxing)
                0x000294dc                __exidx_end = .

.rel.dyn        0x000294dc        0x0
 .rel.iplt      0x000294dc        0x0 c:/program files (x86)/gnu arm embedded toolchain/10 2021.10/bin/../lib/gcc/arm-none-eabi/10.3.1/thumb/v7e-m+fp/hard/crtbegin.o
                0x000294dc                . = ALIGN (0x4)
                0x000294dc                __etext = .

.data           0x20002300       0xb0 load address 0x000294dc
                0x20002300                __data_start__ = .
 *(vtable)
 *(.data*)
 .data.SystemCoreClock
                0x20002300        0x4 _build/nrf52840_xxaa/system_nrf52.c.o
                0x20002300                SystemCoreClock
 .data.m_esb_addr
                0x20002304       0x14 _build/nrf52840_xxaa/nrf_esb_beta.c.o
 .data.m_radio_shorts_common
                0x20002318        0x4 _build/nrf52840_xxaa/nrf_esb_beta.c.o
 .data.check_now
                0x2000231c        0x2 _build/nrf52840_xxaa/main.c.o
 .data.entry_flag
                0x2000231e        0x1 _build/nrf52840_xxaa/main.c.o
 .data.entry_flagger
                0x2000231f        0x1 _build/nrf52840_xxaa/main.c.o
                0x2000231f                entry_flagger
 .data.tx_payload
                0x20002320       0x25 _build/nrf52840_xxaa/main.c.o
 *fill*         0x20002345        0x3 
 .data.impure_data
                0x20002348       0x60 c:/program files (x86)/gnu arm embedded toolchain/10 2021.10/bin/../lib/gcc/arm-none-eabi/10.3.1/../../../../arm-none-eabi/lib/thumb/v7e-m+fp/hard\libc_nano.a(lib_a-impure.o)
                0x200023a8                . = ALIGN (0x4)
                0x200023a8                PROVIDE (__preinit_array_start = .)
 *(.preinit_array)
                0x200023a8                PROVIDE (__preinit_array_end = .)
                0x200023a8                . = ALIGN (0x4)
                0x200023a8                PROVIDE (__init_array_start = .)
 *(SORT_BY_NAME(.init_array.*))
 *(.init_array)
 .init_array    0x200023a8        0x4 c:/program files (x86)/gnu arm embedded toolchain/10 2021.10/bin/../lib/gcc/arm-none-eabi/10.3.1/thumb/v7e-m+fp/hard/crtbegin.o
                0x200023ac                PROVIDE (__init_array_end = .)
                0x200023ac                . = ALIGN (0x4)
                [!provide]                PROVIDE (__fini_array_start = .)
 *(SORT_BY_NAME(.fini_array.*))
 *(.fini_array)
 .fini_array    0x200023ac        0x4 c:/program files (x86)/gnu arm embedded toolchain/10 2021.10/bin/../lib/gcc/arm-none-eabi/10.3.1/thumb/v7e-m+fp/hard/crtbegin.o
                [!provide]                PROVIDE (__fini_array_end = .)
 *(.jcr*)
                0x200023b0                . = ALIGN (0x4)
                0x200023b0                __data_end__ = .
LOAD c:/program files (x86)/gnu arm embedded toolchain/10 2021.10/bin/../lib/gcc/arm-none-eabi/10.3.1/thumb/v7e-m+fp/hard/crti.o
LOAD c:/program files (x86)/gnu arm embedded toolchain/10 2021.10/bin/../lib/gcc/arm-none-eabi/10.3.1/thumb/v7e-m+fp/hard/crtbegin.o
LOAD c:/program files (x86)/gnu arm embedded toolchain/10 2021.10/bin/../lib/gcc/arm-none-eabi/10.3.1/../../../../arm-none-eabi/lib/thumb/v7e-m+fp/hard/crt0.o
LOAD _build/nrf52840_xxaa/gcc_startup_nrf52840.S.o
LOAD _build/nrf52840_xxaa/nrf_log_backend_rtt.c.o
LOAD _build/nrf52840_xxaa/nrf_log_backend_serial.c.o
LOAD _build/nrf52840_xxaa/nrf_log_backend_uart.c.o
LOAD _build/nrf52840_xxaa/nrf_log_default_backends.c.o
LOAD _build/nrf52840_xxaa/nrf_log_frontend.c.o
LOAD _build/nrf52840_xxaa/nrf_log_str_formatter.c.o
LOAD _build/nrf52840_xxaa/boards.c.o
LOAD _build/nrf52840_xxaa/app_error.c.o
LOAD _build/nrf52840_xxaa/app_error_handler_gcc.c.o
LOAD _build/nrf52840_xxaa/app_error_weak.c.o
LOAD _build/nrf52840_xxaa/app_util_platform.c.o
LOAD _build/nrf52840_xxaa/nrf_assert.c.o
LOAD _build/nrf52840_xxaa/nrf_atomic.c.o
LOAD _build/nrf52840_xxaa/nrf_balloc.c.o
LOAD _build/nrf52840_xxaa/nrf_fprintf.c.o
LOAD _build/nrf52840_xxaa/nrf_fprintf_format.c.o
LOAD _build/nrf52840_xxaa/nrf_memobj.c.o
LOAD _build/nrf52840_xxaa/nrf_ringbuf.c.o
LOAD _build/nrf52840_xxaa/nrf_strerror.c.o
LOAD _build/nrf52840_xxaa/nrf_drv_uart.c.o
LOAD _build/nrf52840_xxaa/nrfx_atomic.c.o
LOAD _build/nrf52840_xxaa/nrfx_prs.c.o
LOAD _build/nrf52840_xxaa/nrfx_uart.c.o
LOAD _build/nrf52840_xxaa/nrfx_uarte.c.o
LOAD _build/nrf52840_xxaa/nrfx_timer.c.o
LOAD _build/nrf52840_xxaa/system_nrf52.c.o
LOAD _build/nrf52840_xxaa/nrf_esb_beta.c.o
LOAD _build/nrf52840_xxaa/nrf_drv_rng.c.o
LOAD _build/nrf52840_xxaa/nrfx_rng.c.o
LOAD _build/nrf52840_xxaa/nrf_queue.c.o
LOAD _build/nrf52840_xxaa/main.c.o
LOAD _build/nrf52840_xxaa/SEGGER_RTT.c.o
LOAD _build/nrf52840_xxaa/SEGGER_RTT_Syscalls_GCC.c.o
LOAD _build/nrf52840_xxaa/SEGGER_RTT_printf.c.o
LOAD c:/program files (x86)/gnu arm embedded toolchain/10 2021.10/bin/../lib/gcc/arm-none-eabi/10.3.1/../../../../arm-none-eabi/lib/thumb/v7e-m+fp/hard\libc_nano.a
LOAD c:/program files (x86)/gnu arm embedded toolchain/10 2021.10/bin/../lib/gcc/arm-none-eabi/10.3.1/../../../../arm-none-eabi/lib/thumb/v7e-m+fp/hard\libnosys.a
LOAD c:/program files (x86)/gnu arm embedded toolchain/10 2021.10/bin/../lib/gcc/arm-none-eabi/10.3.1/../../../../arm-none-eabi/lib/thumb/v7e-m+fp/hard\libm.a
START GROUP
LOAD c:/program files (x86)/gnu arm embedded toolchain/10 2021.10/bin/../lib/gcc/arm-none-eabi/10.3.1/thumb/v7e-m+fp/hard\libgcc.a
LOAD c:/program files (x86)/gnu arm embedded toolchain/10 2021.10/bin/../lib/gcc/arm-none-eabi/10.3.1/../../../../arm-none-eabi/lib/thumb/v7e-m+fp/hard\libg_nano.a
LOAD c:/program files (x86)/gnu arm embedded toolchain/10 2021.10/bin/../lib/gcc/arm-none-eabi/10.3.1/../../../../arm-none-eabi/lib/thumb/v7e-m+fp/hard\libc_nano.a
END GROUP
START GROUP
LOAD c:/program files (x86)/gnu arm embedded toolchain/10 2021.10/bin/../lib/gcc/arm-none-eabi/10.3.1/thumb/v7e-m+fp/hard\libgcc.a
LOAD c:/program files (x86)/gnu arm embedded toolchain/10 2021.10/bin/../lib/gcc/arm-none-eabi/10.3.1/../../../../arm-none-eabi/lib/thumb/v7e-m+fp/hard\libc_nano.a
END GROUP
LOAD c:/program files (x86)/gnu arm embedded toolchain/10 2021.10/bin/../lib/gcc/arm-none-eabi/10.3.1/thumb/v7e-m+fp/hard/crtend.o
LOAD c:/program files (x86)/gnu arm embedded toolchain/10 2021.10/bin/../lib/gcc/arm-none-eabi/10.3.1/thumb/v7e-m+fp/hard/crtn.o
START GROUP
LOAD c:/program files (x86)/gnu arm embedded toolchain/10 2021.10/bin/../lib/gcc/arm-none-eabi/10.3.1/thumb/v7e-m+fp/hard\libgcc.a
LOAD c:/program files (x86)/gnu arm embedded toolchain/10 2021.10/bin/../lib/gcc/arm-none-eabi/10.3.1/../../../../arm-none-eabi/lib/thumb/v7e-m+fp/hard\libc.a
LOAD c:/program files (x86)/gnu arm embedded toolchain/10 2021.10/bin/../lib/gcc/arm-none-eabi/10.3.1/../../../../arm-none-eabi/lib/thumb/v7e-m+fp/hard\libnosys.a
END GROUP

.igot.plt       0x200023b0        0x0 load address 0x0002958c
 .igot.plt      0x200023b0        0x0 c:/program files (x86)/gnu arm embedded toolchain/10 2021.10/bin/../lib/gcc/arm-none-eabi/10.3.1/thumb/v7e-m+fp/hard/crtbegin.o
                0x200023b0                . = ALIGN (0x4)

.mem_section_dummy_ram

.cli_sorted_cmd_ptrs
                0x200023b0        0x0
                [!provide]                PROVIDE (__start_cli_sorted_cmd_ptrs = .)
 *(.cli_sorted_cmd_ptrs)
                [!provide]                PROVIDE (__stop_cli_sorted_cmd_ptrs = .)

.fs_data        0x200023b0        0x0
                [!provide]                PROVIDE (__start_fs_data = .)
 *(.fs_data)
                [!provide]                PROVIDE (__stop_fs_data = .)

.log_dynamic_data
                0x200023b0        0x0
                [!provide]                PROVIDE (__start_log_dynamic_data = .)
 *(SORT_BY_NAME(.log_dynamic_data*))
                [!provide]                PROVIDE (__stop_log_dynamic_data = .)

.log_filter_data
                0x200023b0        0x0
                [!provide]                PROVIDE (__start_log_filter_data = .)
 *(SORT_BY_NAME(.log_filter_data*))
                [!provide]                PROVIDE (__stop_log_filter_data = .)

.bss            0x200023b0      0x4a8 load address 0x00029590
                0x200023b0                . = ALIGN (0x4)
                0x200023b0                __bss_start__ = .
 *(.bss*)
 .bss           0x200023b0       0x1c c:/program files (x86)/gnu arm embedded toolchain/10 2021.10/bin/../lib/gcc/arm-none-eabi/10.3.1/thumb/v7e-m+fp/hard/crtbegin.o
 .bss.m_in_critical_region
                0x200023cc        0x4 _build/nrf52840_xxaa/app_util_platform.c.o
 .bss.m_prs_box_4
                0x200023d0        0x8 _build/nrf52840_xxaa/nrfx_prs.c.o
 .bss.m_cb      0x200023d8       0x18 _build/nrf52840_xxaa/nrfx_timer.c.o
 .bss.m_ack_pl_container
                0x200023f0       0x60 _build/nrf52840_xxaa/nrf_esb_beta.c.o
                0x200023f0                m_ack_pl_container
 .bss.m_ack_pl_container_entry_point_pr_pipe
                0x20002450       0x20 _build/nrf52840_xxaa/nrf_esb_beta.c.o
                0x20002450                m_ack_pl_container_entry_point_pr_pipe
 .bss.m_config_local
                0x20002470       0x18 _build/nrf52840_xxaa/nrf_esb_beta.c.o
 .bss.m_esb_initialized
                0x20002488        0x1 _build/nrf52840_xxaa/nrf_esb_beta.c.o
 *fill*         0x20002489        0x3 
 .bss.m_event_handler
                0x2000248c        0x4 _build/nrf52840_xxaa/nrf_esb_beta.c.o
 .bss.m_interrupt_flags
                0x20002490        0x4 _build/nrf52840_xxaa/nrf_esb_beta.c.o
 .bss.m_last_tx_attempts
                0x20002494        0x4 _build/nrf52840_xxaa/nrf_esb_beta.c.o
 .bss.m_nrf_esb_mainstate
                0x20002498        0x1 _build/nrf52840_xxaa/nrf_esb_beta.c.o
 *fill*         0x20002499        0x3 
 .bss.m_pids    0x2000249c        0x8 _build/nrf52840_xxaa/nrf_esb_beta.c.o
 .bss.m_retransmits_remaining
                0x200024a4        0x4 _build/nrf52840_xxaa/nrf_esb_beta.c.o
 .bss.m_rx_fifo
                0x200024a8       0x2c _build/nrf52840_xxaa/nrf_esb_beta.c.o
 .bss.m_rx_fifo_payload
                0x200024d4      0x128 _build/nrf52840_xxaa/nrf_esb_beta.c.o
 .bss.m_rx_payload_buffer
                0x200025fc       0x22 _build/nrf52840_xxaa/nrf_esb_beta.c.o
 *fill*         0x2000261e        0x2 
 .bss.m_rx_pipe_info
                0x20002620       0x20 _build/nrf52840_xxaa/nrf_esb_beta.c.o
 .bss.m_tx_fifo
                0x20002640       0x2c _build/nrf52840_xxaa/nrf_esb_beta.c.o
 .bss.m_tx_fifo_payload
                0x2000266c      0x128 _build/nrf52840_xxaa/nrf_esb_beta.c.o
 .bss.m_tx_payload_buffer
                0x20002794       0x22 _build/nrf52840_xxaa/nrf_esb_beta.c.o
 *fill*         0x200027b6        0x2 
 .bss.m_wait_for_ack_timeout_us
                0x200027b8        0x4 _build/nrf52840_xxaa/nrf_esb_beta.c.o
 .bss.mp_current_payload
                0x200027bc        0x4 _build/nrf52840_xxaa/nrf_esb_beta.c.o
 .bss.on_radio_disabled
                0x200027c0        0x4 _build/nrf52840_xxaa/nrf_esb_beta.c.o
 .bss.update_rf_payload_format
                0x200027c4        0x4 _build/nrf52840_xxaa/nrf_esb_beta.c.o
 .bss.m_rand_pool_nrf_queue_buffer
                0x200027c8       0x41 _build/nrf52840_xxaa/nrf_drv_rng.c.o
 *fill*         0x20002809        0x3 
 .bss.m_rand_pool_nrf_queue_cb
                0x2000280c        0xc _build/nrf52840_xxaa/nrf_drv_rng.c.o
 .bss.m_rng_cb  0x20002818        0x3 _build/nrf52840_xxaa/nrf_drv_rng.c.o
 *fill*         0x2000281b        0x1 
 .bss.m_rng_hndl
                0x2000281c        0x4 _build/nrf52840_xxaa/nrfx_rng.c.o
 .bss.m_rng_state
                0x20002820        0x1 _build/nrf52840_xxaa/nrfx_rng.c.o
 .bss.beta_id   0x20002821        0x1 _build/nrf52840_xxaa/main.c.o
                0x20002821                beta_id
 .bss.beta_id_flag
                0x20002822        0x1 _build/nrf52840_xxaa/main.c.o
                0x20002822                beta_id_flag
 *fill*         0x20002823        0x1 
 .bss.count_fail
                0x20002824        0x2 _build/nrf52840_xxaa/main.c.o
 .bss.count_send
                0x20002826        0x2 _build/nrf52840_xxaa/main.c.o
 .bss.count_success
                0x20002828        0x2 _build/nrf52840_xxaa/main.c.o
 *fill*         0x2000282a        0x2 
 .bss.rf_channel
                0x2000282c        0x4 _build/nrf52840_xxaa/main.c.o
                0x2000282c                rf_channel
 .bss.rx_payload
                0x20002830       0x25 _build/nrf52840_xxaa/main.c.o
 .bss.state     0x20002855        0x1 _build/nrf52840_xxaa/main.c.o
 *(COMMON)
                0x20002858                . = ALIGN (0x4)
 *fill*         0x20002856        0x2 
                0x20002858                __bss_end__ = .

.heap           0x20002858     0x2000
                0x20002858                __HeapBase = .
                0x20002858                __end__ = .
                [!provide]                PROVIDE (end = .)
 *(.heap*)
 .heap          0x20002858     0x2000 _build/nrf52840_xxaa/gcc_startup_nrf52840.S.o
                0x20004858                __HeapLimit = .

.stack_dummy    0x20002858     0x2000
 *(.stack*)
 .stack         0x20002858     0x2000 _build/nrf52840_xxaa/gcc_startup_nrf52840.S.o
                0x20040000                __StackTop = (ORIGIN (RAM) + LENGTH (RAM))
                0x2003e000                __StackLimit = (__StackTop - SIZEOF (.stack_dummy))
                0x20040000                PROVIDE (__stack = __StackTop)
                0x00000001                ASSERT ((__StackLimit >= __HeapLimit), region RAM overflowed with stack)
                0x000000b0                DataInitFlashUsed = (__bss_start__ - __data_start__)
                0x000024dc                CodeFlashUsed = (__etext - ORIGIN (FLASH))
                0x0000258c                TotalFlashUsed = (CodeFlashUsed + DataInitFlashUsed)
                0x00000001                ASSERT ((TotalFlashUsed <= LENGTH (FLASH)), region FLASH overflowed with .data and user data)
OUTPUT(_build/nrf52840_xxaa.out elf32-littlearm)
LOAD linker stubs

.ARM.attributes
                0x00000000       0x30
 .ARM.attributes
                0x00000000       0x1e c:/program files (x86)/gnu arm embedded toolchain/10 2021.10/bin/../lib/gcc/arm-none-eabi/10.3.1/thumb/v7e-m+fp/hard/crti.o
 .ARM.attributes
                0x0000001e       0x34 c:/program files (x86)/gnu arm embedded toolchain/10 2021.10/bin/../lib/gcc/arm-none-eabi/10.3.1/thumb/v7e-m+fp/hard/crtbegin.o
 .ARM.attributes
                0x00000052       0x1c c:/program files (x86)/gnu arm embedded toolchain/10 2021.10/bin/../lib/gcc/arm-none-eabi/10.3.1/../../../../arm-none-eabi/lib/thumb/v7e-m+fp/hard/crt0.o
 .ARM.attributes
                0x0000006e       0x20 _build/nrf52840_xxaa/gcc_startup_nrf52840.S.o
 .ARM.attributes
                0x0000008e       0x34 _build/nrf52840_xxaa/boards.c.o
 .ARM.attributes
                0x000000c2       0x34 _build/nrf52840_xxaa/app_error.c.o
 .ARM.attributes
                0x000000f6       0x34 _build/nrf52840_xxaa/app_error_weak.c.o
 .ARM.attributes
                0x0000012a       0x34 _build/nrf52840_xxaa/app_util_platform.c.o
 .ARM.attributes
                0x0000015e       0x34 _build/nrf52840_xxaa/nrfx_prs.c.o
 .ARM.attributes
                0x00000192       0x34 _build/nrf52840_xxaa/nrfx_timer.c.o
 .ARM.attributes
                0x000001c6       0x34 _build/nrf52840_xxaa/system_nrf52.c.o
 .ARM.attributes
                0x000001fa       0x34 _build/nrf52840_xxaa/nrf_esb_beta.c.o
 .ARM.attributes
                0x0000022e       0x34 _build/nrf52840_xxaa/nrf_drv_rng.c.o
 .ARM.attributes
                0x00000262       0x34 _build/nrf52840_xxaa/nrfx_rng.c.o
 .ARM.attributes
                0x00000296       0x34 _build/nrf52840_xxaa/nrf_queue.c.o
 .ARM.attributes
                0x000002ca       0x34 _build/nrf52840_xxaa/main.c.o
 .ARM.attributes
                0x000002fe       0x34 c:/program files (x86)/gnu arm embedded toolchain/10 2021.10/bin/../lib/gcc/arm-none-eabi/10.3.1/../../../../arm-none-eabi/lib/thumb/v7e-m+fp/hard\libc_nano.a(lib_a-exit.o)
 .ARM.attributes
                0x00000332       0x34 c:/program files (x86)/gnu arm embedded toolchain/10 2021.10/bin/../lib/gcc/arm-none-eabi/10.3.1/../../../../arm-none-eabi/lib/thumb/v7e-m+fp/hard\libc_nano.a(lib_a-impure.o)
 .ARM.attributes
                0x00000366       0x34 c:/program files (x86)/gnu arm embedded toolchain/10 2021.10/bin/../lib/gcc/arm-none-eabi/10.3.1/../../../../arm-none-eabi/lib/thumb/v7e-m+fp/hard\libc_nano.a(lib_a-init.o)
 .ARM.attributes
                0x0000039a       0x34 c:/program files (x86)/gnu arm embedded toolchain/10 2021.10/bin/../lib/gcc/arm-none-eabi/10.3.1/../../../../arm-none-eabi/lib/thumb/v7e-m+fp/hard\libc_nano.a(lib_a-memcpy-stub.o)
 .ARM.attributes
                0x000003ce       0x34 c:/program files (x86)/gnu arm embedded toolchain/10 2021.10/bin/../lib/gcc/arm-none-eabi/10.3.1/../../../../arm-none-eabi/lib/thumb/v7e-m+fp/hard\libc_nano.a(lib_a-memset.o)
 .ARM.attributes
                0x00000402       0x34 c:/program files (x86)/gnu arm embedded toolchain/10 2021.10/bin/../lib/gcc/arm-none-eabi/10.3.1/../../../../arm-none-eabi/lib/thumb/v7e-m+fp/hard\libnosys.a(_exit.o)
 .ARM.attributes
                0x00000436       0x34 c:/program files (x86)/gnu arm embedded toolchain/10 2021.10/bin/../lib/gcc/arm-none-eabi/10.3.1/thumb/v7e-m+fp/hard/crtend.o
 .ARM.attributes
                0x0000046a       0x1e c:/program files (x86)/gnu arm embedded toolchain/10 2021.10/bin/../lib/gcc/arm-none-eabi/10.3.1/thumb/v7e-m+fp/hard/crtn.o

.comment        0x00000000       0x49
 .comment       0x00000000       0x49 _build/nrf52840_xxaa/boards.c.o
                                 0x4a (size before relaxing)
 .comment       0x00000049       0x4a _build/nrf52840_xxaa/app_error.c.o
 .comment       0x00000049       0x4a _build/nrf52840_xxaa/app_error_weak.c.o
 .comment       0x00000049       0x4a _build/nrf52840_xxaa/app_util_platform.c.o
 .comment       0x00000049       0x4a _build/nrf52840_xxaa/nrfx_prs.c.o
 .comment       0x00000049       0x4a _build/nrf52840_xxaa/nrfx_timer.c.o
 .comment       0x00000049       0x4a _build/nrf52840_xxaa/system_nrf52.c.o
 .comment       0x00000049       0x4a _build/nrf52840_xxaa/nrf_esb_beta.c.o
 .comment       0x00000049       0x4a _build/nrf52840_xxaa/nrf_drv_rng.c.o
 .comment       0x00000049       0x4a _build/nrf52840_xxaa/nrfx_rng.c.o
 .comment       0x00000049       0x4a _build/nrf52840_xxaa/nrf_queue.c.o
 .comment       0x00000049       0x4a _build/nrf52840_xxaa/main.c.o

.debug_line     0x00000000     0xc201
 .debug_line    0x00000000       0x8c _build/nrf52840_xxaa/gcc_startup_nrf52840.S.o
 .debug_line    0x0000008c     0x1135 _build/nrf52840_xxaa/boards.c.o
 .debug_line    0x000011c1      0x5e5 _build/nrf52840_xxaa/app_error.c.o
 .debug_line    0x000017a6      0x7ce _build/nrf52840_xxaa/app_error_weak.c.o
 .debug_line    0x00001f74      0x6b1 _build/nrf52840_xxaa/app_util_platform.c.o
 .debug_line    0x00002625      0x988 _build/nrf52840_xxaa/nrfx_prs.c.o
 .debug_line    0x00002fad     0x1568 _build/nrf52840_xxaa/nrfx_timer.c.o
 .debug_line    0x00004515      0x91f _build/nrf52840_xxaa/system_nrf52.c.o
 .debug_line    0x00004e34     0x32f6 _build/nrf52840_xxaa/nrf_esb_beta.c.o
 .debug_line    0x0000812a      0xb95 _build/nrf52840_xxaa/nrf_drv_rng.c.o
 .debug_line    0x00008cbf      0xc0f _build/nrf52840_xxaa/nrfx_rng.c.o
 .debug_line    0x000098ce     0x1289 _build/nrf52840_xxaa/nrf_queue.c.o
 .debug_line    0x0000ab57     0x16aa _build/nrf52840_xxaa/main.c.o

.debug_info     0x00000000     0xe67b
 .debug_info    0x00000000       0x26 _build/nrf52840_xxaa/gcc_startup_nrf52840.S.o
 .debug_info    0x00000026     0x17a5 _build/nrf52840_xxaa/boards.c.o
 .debug_info    0x000017cb      0x2c3 _build/nrf52840_xxaa/app_error.c.o
 .debug_info    0x00001a8e      0x3b0 _build/nrf52840_xxaa/app_error_weak.c.o
 .debug_info    0x00001e3e      0x82c _build/nrf52840_xxaa/app_util_platform.c.o
 .debug_info    0x0000266a      0x778 _build/nrf52840_xxaa/nrfx_prs.c.o
 .debug_info    0x00002de2     0x1e50 _build/nrf52840_xxaa/nrfx_timer.c.o
 .debug_info    0x00004c32     0x18dc _build/nrf52840_xxaa/system_nrf52.c.o
 .debug_info    0x0000650e     0x3556 _build/nrf52840_xxaa/nrf_esb_beta.c.o
 .debug_info    0x00009a64      0x65f _build/nrf52840_xxaa/nrf_drv_rng.c.o
 .debug_info    0x0000a0c3      0xc7d _build/nrf52840_xxaa/nrfx_rng.c.o
 .debug_info    0x0000ad40     0x15df _build/nrf52840_xxaa/nrf_queue.c.o
 .debug_info    0x0000c31f     0x235c _build/nrf52840_xxaa/main.c.o

.debug_abbrev   0x00000000     0x25fe
 .debug_abbrev  0x00000000       0x14 _build/nrf52840_xxaa/gcc_startup_nrf52840.S.o
 .debug_abbrev  0x00000014      0x3b8 _build/nrf52840_xxaa/boards.c.o
 .debug_abbrev  0x000003cc      0x13b _build/nrf52840_xxaa/app_error.c.o
 .debug_abbrev  0x00000507      0x185 _build/nrf52840_xxaa/app_error_weak.c.o
 .debug_abbrev  0x0000068c      0x260 _build/nrf52840_xxaa/app_util_platform.c.o
 .debug_abbrev  0x000008ec      0x259 _build/nrf52840_xxaa/nrfx_prs.c.o
 .debug_abbrev  0x00000b45      0x430 _build/nrf52840_xxaa/nrfx_timer.c.o
 .debug_abbrev  0x00000f75      0x321 _build/nrf52840_xxaa/system_nrf52.c.o
 .debug_abbrev  0x00001296      0x5bd _build/nrf52840_xxaa/nrf_esb_beta.c.o
 .debug_abbrev  0x00001853      0x24d _build/nrf52840_xxaa/nrf_drv_rng.c.o
 .debug_abbrev  0x00001aa0      0x31c _build/nrf52840_xxaa/nrfx_rng.c.o
 .debug_abbrev  0x00001dbc      0x37b _build/nrf52840_xxaa/nrf_queue.c.o
 .debug_abbrev  0x00002137      0x4c7 _build/nrf52840_xxaa/main.c.o

.debug_aranges  0x00000000      0x4c8
 .debug_aranges
                0x00000000       0x20 _build/nrf52840_xxaa/gcc_startup_nrf52840.S.o
 .debug_aranges
                0x00000020       0x78 _build/nrf52840_xxaa/boards.c.o
 .debug_aranges
                0x00000098       0x28 _build/nrf52840_xxaa/app_error.c.o
 .debug_aranges
                0x000000c0       0x20 _build/nrf52840_xxaa/app_error_weak.c.o
 .debug_aranges
                0x000000e0       0x48 _build/nrf52840_xxaa/app_util_platform.c.o
 .debug_aranges
                0x00000128       0x30 _build/nrf52840_xxaa/nrfx_prs.c.o
 .debug_aranges
                0x00000158       0x98 _build/nrf52840_xxaa/nrfx_timer.c.o
 .debug_aranges
                0x000001f0       0x38 _build/nrf52840_xxaa/system_nrf52.c.o
 .debug_aranges
                0x00000228      0x138 _build/nrf52840_xxaa/nrf_esb_beta.c.o
 .debug_aranges
                0x00000360       0x48 _build/nrf52840_xxaa/nrf_drv_rng.c.o
 .debug_aranges
                0x000003a8       0x40 _build/nrf52840_xxaa/nrfx_rng.c.o
 .debug_aranges
                0x000003e8       0x88 _build/nrf52840_xxaa/nrf_queue.c.o
 .debug_aranges
                0x00000470       0x58 _build/nrf52840_xxaa/main.c.o

.debug_str      0x00000000    0x992c8
 .debug_str     0x00000000       0xca _build/nrf52840_xxaa/gcc_startup_nrf52840.S.o
 .debug_str     0x000000ca    0x87403 _build/nrf52840_xxaa/boards.c.o
                              0x888e5 (size before relaxing)
 .debug_str     0x000874cd      0x119 _build/nrf52840_xxaa/app_error.c.o
                              0x79e12 (size before relaxing)
 .debug_str     0x000875e6     0x2fe6 _build/nrf52840_xxaa/app_error_weak.c.o
                              0x8716d (size before relaxing)
 .debug_str     0x0008a5cc      0x45d _build/nrf52840_xxaa/app_util_platform.c.o
                              0x7a681 (size before relaxing)
 .debug_str     0x0008aa29      0x76e _build/nrf52840_xxaa/nrfx_prs.c.o
                              0x8a893 (size before relaxing)
 .debug_str     0x0008b197     0x1100 _build/nrf52840_xxaa/nrfx_timer.c.o
                              0x8ba03 (size before relaxing)
 .debug_str     0x0008c297     0x82dd _build/nrf52840_xxaa/system_nrf52.c.o
                              0x7ea61 (size before relaxing)
 .debug_str     0x00094574     0x1b17 _build/nrf52840_xxaa/nrf_esb_beta.c.o
                              0x89bbd (size before relaxing)
 .debug_str     0x0009608b     0x1af5 _build/nrf52840_xxaa/nrf_drv_rng.c.o
                              0x8bbb6 (size before relaxing)
 .debug_str     0x00097b80      0x1e9 _build/nrf52840_xxaa/nrfx_rng.c.o
                              0x8ab0b (size before relaxing)
 .debug_str     0x00097d69      0x1fa _build/nrf52840_xxaa/nrf_queue.c.o
                              0x886c9 (size before relaxing)
 .debug_str     0x00097f63     0x1365 _build/nrf52840_xxaa/main.c.o
                              0x8e34c (size before relaxing)

.debug_loc      0x00000000     0x61a7
 .debug_loc     0x00000000      0xecd _build/nrf52840_xxaa/boards.c.o
 .debug_loc     0x00000ecd       0xc8 _build/nrf52840_xxaa/app_error.c.o
 .debug_loc     0x00000f95       0x4a _build/nrf52840_xxaa/app_error_weak.c.o
 .debug_loc     0x00000fdf      0x11a _build/nrf52840_xxaa/app_util_platform.c.o
 .debug_loc     0x000010f9      0x10e _build/nrf52840_xxaa/nrfx_prs.c.o
 .debug_loc     0x00001207      0xf73 _build/nrf52840_xxaa/nrfx_timer.c.o
 .debug_loc     0x0000217a      0x212 _build/nrf52840_xxaa/system_nrf52.c.o
 .debug_loc     0x0000238c     0x1536 _build/nrf52840_xxaa/nrf_esb_beta.c.o
 .debug_loc     0x000038c2      0x2a6 _build/nrf52840_xxaa/nrf_drv_rng.c.o
 .debug_loc     0x00003b68      0x23b _build/nrf52840_xxaa/nrfx_rng.c.o
 .debug_loc     0x00003da3     0x1458 _build/nrf52840_xxaa/nrf_queue.c.o
 .debug_loc     0x000051fb      0xfac _build/nrf52840_xxaa/main.c.o

.debug_ranges   0x00000000     0x2798
 .debug_ranges  0x00000000      0x838 _build/nrf52840_xxaa/boards.c.o
 .debug_ranges  0x00000838       0x18 _build/nrf52840_xxaa/app_error.c.o
 .debug_ranges  0x00000850       0x10 _build/nrf52840_xxaa/app_error_weak.c.o
 .debug_ranges  0x00000860       0x38 _build/nrf52840_xxaa/app_util_platform.c.o
 .debug_ranges  0x00000898       0x38 _build/nrf52840_xxaa/nrfx_prs.c.o
 .debug_ranges  0x000008d0      0x570 _build/nrf52840_xxaa/nrfx_timer.c.o
 .debug_ranges  0x00000e40      0x140 _build/nrf52840_xxaa/system_nrf52.c.o
 .debug_ranges  0x00000f80      0xc50 _build/nrf52840_xxaa/nrf_esb_beta.c.o
 .debug_ranges  0x00001bd0       0x68 _build/nrf52840_xxaa/nrf_drv_rng.c.o
 .debug_ranges  0x00001c38      0x148 _build/nrf52840_xxaa/nrfx_rng.c.o
 .debug_ranges  0x00001d80      0x390 _build/nrf52840_xxaa/nrf_queue.c.o
 .debug_ranges  0x00002110      0x688 _build/nrf52840_xxaa/main.c.o

.debug_macro    0x00000000     0x584e
 .debug_macro   0x00000000      0x34c _build/nrf52840_xxaa/boards.c.o
 .debug_macro   0x0000034c       0xfb _build/nrf52840_xxaa/boards.c.o
 .debug_macro   0x00000447       0x40 _build/nrf52840_xxaa/boards.c.o
 .debug_macro   0x00000487      0x462 _build/nrf52840_xxaa/boards.c.o
 .debug_macro   0x000008e9       0x59 _build/nrf52840_xxaa/boards.c.o
 .debug_macro   0x00000942      0x26b _build/nrf52840_xxaa/boards.c.o
 .debug_macro   0x00000bad      0x14e _build/nrf52840_xxaa/boards.c.o
 .debug_macro   0x00000cfb       0x3f _build/nrf52840_xxaa/boards.c.o
 .debug_macro   0x00000d3a       0x16 _build/nrf52840_xxaa/boards.c.o
 .debug_macro   0x00000d50       0x10 _build/nrf52840_xxaa/boards.c.o
 .debug_macro   0x00000d60       0xbe _build/nrf52840_xxaa/boards.c.o
 .debug_macro   0x00000e1e       0x16 _build/nrf52840_xxaa/boards.c.o
 .debug_macro   0x00000e34      0x129 _build/nrf52840_xxaa/boards.c.o
 .debug_macro   0x00000f5d       0x49 _build/nrf52840_xxaa/boards.c.o
 .debug_macro   0x00000fa6       0x8c _build/nrf52840_xxaa/boards.c.o
 .debug_macro   0x00001032       0x19 _build/nrf52840_xxaa/boards.c.o
 .debug_macro   0x0000104b       0x1d _build/nrf52840_xxaa/boards.c.o
 .debug_macro   0x00001068       0x35 _build/nrf52840_xxaa/boards.c.o
 .debug_macro   0x0000109d       0x7b _build/nrf52840_xxaa/boards.c.o
 .debug_macro   0x00001118       0x3a _build/nrf52840_xxaa/boards.c.o
 .debug_macro   0x00001152       0x1c _build/nrf52840_xxaa/boards.c.o
 .debug_macro   0x0000116e       0x1c _build/nrf52840_xxaa/boards.c.o
 .debug_macro   0x0000118a       0x20 _build/nrf52840_xxaa/boards.c.o
 .debug_macro   0x000011aa       0x1c _build/nrf52840_xxaa/boards.c.o
 .debug_macro   0x000011c6       0x9a _build/nrf52840_xxaa/boards.c.o
 .debug_macro   0x00001260      0x16d _build/nrf52840_xxaa/boards.c.o
 .debug_macro   0x000013cd      0x21d _build/nrf52840_xxaa/app_error.c.o
 .debug_macro   0x000015ea       0x97 _build/nrf52840_xxaa/app_error.c.o
 .debug_macro   0x00001681       0xf6 _build/nrf52840_xxaa/app_error.c.o
 .debug_macro   0x00001777      0x31a _build/nrf52840_xxaa/app_error_weak.c.o
 .debug_macro   0x00001a91       0x16 _build/nrf52840_xxaa/app_error_weak.c.o
 .debug_macro   0x00001aa7       0x31 _build/nrf52840_xxaa/app_error_weak.c.o
 .debug_macro   0x00001ad8       0x16 _build/nrf52840_xxaa/app_error_weak.c.o
 .debug_macro   0x00001aee       0x55 _build/nrf52840_xxaa/app_error_weak.c.o
 .debug_macro   0x00001b43      0x17f _build/nrf52840_xxaa/app_error_weak.c.o
 .debug_macro   0x00001cc2       0x9a _build/nrf52840_xxaa/app_error_weak.c.o
 .debug_macro   0x00001d5c       0x28 _build/nrf52840_xxaa/app_error_weak.c.o
 .debug_macro   0x00001d84       0x23 _build/nrf52840_xxaa/app_error_weak.c.o
 .debug_macro   0x00001da7       0x1c _build/nrf52840_xxaa/app_error_weak.c.o
 .debug_macro   0x00001dc3       0x92 _build/nrf52840_xxaa/app_error_weak.c.o
 .debug_macro   0x00001e55      0x239 _build/nrf52840_xxaa/app_util_platform.c.o
 .debug_macro   0x0000208e      0x3e0 _build/nrf52840_xxaa/nrfx_prs.c.o
 .debug_macro   0x0000246e       0x28 _build/nrf52840_xxaa/nrfx_prs.c.o
 .debug_macro   0x00002496       0x1c _build/nrf52840_xxaa/nrfx_prs.c.o
 .debug_macro   0x000024b2       0x37 _build/nrf52840_xxaa/nrfx_prs.c.o
 .debug_macro   0x000024e9       0x10 _build/nrf52840_xxaa/nrfx_prs.c.o
 .debug_macro   0x000024f9      0x179 _build/nrf52840_xxaa/nrfx_prs.c.o
 .debug_macro   0x00002672       0x42 _build/nrf52840_xxaa/nrfx_prs.c.o
 .debug_macro   0x000026b4      0x3eb _build/nrf52840_xxaa/nrfx_timer.c.o
 .debug_macro   0x00002a9f       0x22 _build/nrf52840_xxaa/nrfx_timer.c.o
 .debug_macro   0x00002ac1       0x10 _build/nrf52840_xxaa/nrfx_timer.c.o
 .debug_macro   0x00002ad1      0x15b _build/nrf52840_xxaa/system_nrf52.c.o
 .debug_macro   0x00002c2c      0x44e _build/nrf52840_xxaa/system_nrf52.c.o
 .debug_macro   0x0000307a      0xa28 _build/nrf52840_xxaa/system_nrf52.c.o
 .debug_macro   0x00003aa2      0x520 _build/nrf52840_xxaa/system_nrf52.c.o
 .debug_macro   0x00003fc2      0x164 _build/nrf52840_xxaa/system_nrf52.c.o
 .debug_macro   0x00004126      0x40b _build/nrf52840_xxaa/nrf_esb_beta.c.o
 .debug_macro   0x00004531       0xbe _build/nrf52840_xxaa/nrf_esb_beta.c.o
 .debug_macro   0x000045ef       0x16 _build/nrf52840_xxaa/nrf_esb_beta.c.o
 .debug_macro   0x00004605       0x45 _build/nrf52840_xxaa/nrf_esb_beta.c.o
 .debug_macro   0x0000464a       0x10 _build/nrf52840_xxaa/nrf_esb_beta.c.o
 .debug_macro   0x0000465a      0x40c _build/nrf52840_xxaa/nrf_drv_rng.c.o
 .debug_macro   0x00004a66       0x47 _build/nrf52840_xxaa/nrf_drv_rng.c.o
 .debug_macro   0x00004aad      0x3df _build/nrf52840_xxaa/nrfx_rng.c.o
 .debug_macro   0x00004e8c      0x304 _build/nrf52840_xxaa/nrf_queue.c.o
 .debug_macro   0x00005190      0x4b8 _build/nrf52840_xxaa/main.c.o
 .debug_macro   0x00005648       0xc4 _build/nrf52840_xxaa/main.c.o
 .debug_macro   0x0000570c       0x94 _build/nrf52840_xxaa/main.c.o
 .debug_macro   0x000057a0       0x16 _build/nrf52840_xxaa/main.c.o
 .debug_macro   0x000057b6       0x88 _build/nrf52840_xxaa/main.c.o
 .debug_macro   0x0000583e       0x10 _build/nrf52840_xxaa/main.c.o

.debug_frame    0x00000000      0xc30
 .debug_frame   0x00000000       0xf4 _build/nrf52840_xxaa/boards.c.o
 .debug_frame   0x000000f4       0x4c _build/nrf52840_xxaa/app_error.c.o
 .debug_frame   0x00000140       0x20 _build/nrf52840_xxaa/app_error_weak.c.o
 .debug_frame   0x00000160       0x70 _build/nrf52840_xxaa/app_util_platform.c.o
 .debug_frame   0x000001d0       0x4c _build/nrf52840_xxaa/nrfx_prs.c.o
 .debug_frame   0x0000021c      0x1b8 _build/nrf52840_xxaa/nrfx_timer.c.o
 .debug_frame   0x000003d4       0x5c _build/nrf52840_xxaa/system_nrf52.c.o
 .debug_frame   0x00000430      0x398 _build/nrf52840_xxaa/nrf_esb_beta.c.o
 .debug_frame   0x000007c8       0xc4 _build/nrf52840_xxaa/nrf_drv_rng.c.o
 .debug_frame   0x0000088c       0x7c _build/nrf52840_xxaa/nrfx_rng.c.o
 .debug_frame   0x00000908      0x184 _build/nrf52840_xxaa/nrf_queue.c.o
 .debug_frame   0x00000a8c       0xe8 _build/nrf52840_xxaa/main.c.o
 .debug_frame   0x00000b74       0x28 c:/program files (x86)/gnu arm embedded toolchain/10 2021.10/bin/../lib/gcc/arm-none-eabi/10.3.1/../../../../arm-none-eabi/lib/thumb/v7e-m+fp/hard\libc_nano.a(lib_a-exit.o)
 .debug_frame   0x00000b9c       0x2c c:/program files (x86)/gnu arm embedded toolchain/10 2021.10/bin/../lib/gcc/arm-none-eabi/10.3.1/../../../../arm-none-eabi/lib/thumb/v7e-m+fp/hard\libc_nano.a(lib_a-init.o)
 .debug_frame   0x00000bc8       0x28 c:/program files (x86)/gnu arm embedded toolchain/10 2021.10/bin/../lib/gcc/arm-none-eabi/10.3.1/../../../../arm-none-eabi/lib/thumb/v7e-m+fp/hard\libc_nano.a(lib_a-memcpy-stub.o)
 .debug_frame   0x00000bf0       0x20 c:/program files (x86)/gnu arm embedded toolchain/10 2021.10/bin/../lib/gcc/arm-none-eabi/10.3.1/../../../../arm-none-eabi/lib/thumb/v7e-m+fp/hard\libc_nano.a(lib_a-memset.o)
 .debug_frame   0x00000c10       0x20 c:/program files (x86)/gnu arm embedded toolchain/10 2021.10/bin/../lib/gcc/arm-none-eabi/10.3.1/../../../../arm-none-eabi/lib/thumb/v7e-m+fp/hard\libnosys.a(_exit.o)
